Component: ARM Compiler 5.06 update 6 (build 750) Tool: armlink [4d35ed]

==============================================================================

Section Cross References

    main.o(i.assert_nrf_callback) refers to app_error_handler_keil.o(.emb_text) for app_error_handler
    main.o(i.ble_evt_handler) refers to nrf_log_frontend.o(i.nrf_log_frontend_std_0) for nrf_log_frontend_std_0
    main.o(i.ble_evt_handler) refers to bsp.o(i.bsp_indication_set) for bsp_indication_set
    main.o(i.ble_evt_handler) refers to app_error.o(i.app_error_handler_bare) for app_error_handler_bare
    main.o(i.ble_evt_handler) refers to nrf_ble_qwr.o(i.nrf_ble_qwr_conn_handle_assign) for nrf_ble_qwr_conn_handle_assign
    main.o(i.ble_evt_handler) refers to main.o(.data) for .data
    main.o(i.ble_evt_handler) refers to nrf_log_frontend.o(log_const_data) for m_nrf_log_app_logs_data_const
    main.o(i.ble_evt_handler) refers to main.o(.bss) for .bss
    main.o(i.bsp_event_handler) refers to boards.o(i.bsp_board_led_off) for bsp_board_led_off
    main.o(i.bsp_event_handler) refers to main.o(i.sleep_mode_enter) for sleep_mode_enter
    main.o(i.bsp_event_handler) refers to app_error.o(i.app_error_handler_bare) for app_error_handler_bare
    main.o(i.bsp_event_handler) refers to ble_advertising.o(i.ble_advertising_restart_without_whitelist) for ble_advertising_restart_without_whitelist
    main.o(i.bsp_event_handler) refers to boards.o(i.bsp_board_led_on) for bsp_board_led_on
    main.o(i.bsp_event_handler) refers to main.o(.data) for .data
    main.o(i.bsp_event_handler) refers to main.o(.bss) for .bss
    main.o(i.conn_params_error_handler) refers to app_error.o(i.app_error_handler_bare) for app_error_handler_bare
    main.o(i.gatt_evt_handler) refers to nrf_log_frontend.o(i.nrf_log_frontend_std_2) for nrf_log_frontend_std_2
    main.o(i.gatt_evt_handler) refers to main.o(.data) for .data
    main.o(i.gatt_evt_handler) refers to nrf_log_frontend.o(log_const_data) for m_nrf_log_app_logs_data_const
    main.o(i.gatt_init) refers to nrf_ble_gatt.o(i.nrf_ble_gatt_init) for nrf_ble_gatt_init
    main.o(i.gatt_init) refers to app_error.o(i.app_error_handler_bare) for app_error_handler_bare
    main.o(i.gatt_init) refers to nrf_ble_gatt.o(i.nrf_ble_gatt_att_mtu_periph_set) for nrf_ble_gatt_att_mtu_periph_set
    main.o(i.gatt_init) refers to main.o(i.gatt_evt_handler) for gatt_evt_handler
    main.o(i.gatt_init) refers to main.o(.bss) for .bss
    main.o(i.led_write_handler) refers to boards.o(i.bsp_board_led_on) for bsp_board_led_on
    main.o(i.led_write_handler) refers to boards.o(i.bsp_board_led_off) for bsp_board_led_off
    main.o(i.led_write_handler) refers to nrf_log_frontend.o(i.nrf_log_frontend_std_0) for nrf_log_frontend_std_0
    main.o(i.led_write_handler) refers to nrf_log_frontend.o(log_const_data) for m_nrf_log_app_logs_data_const
    main.o(i.main) refers to memcpya.o(.text) for __aeabi_memcpy4
    main.o(i.main) refers to app_uart_fifo.o(i.app_uart_init) for app_uart_init
    main.o(i.main) refers to app_error.o(i.app_error_handler_bare) for app_error_handler_bare
    main.o(i.main) refers to nrf_log_frontend.o(i.nrf_log_init) for nrf_log_init
    main.o(i.main) refers to nrf_log_default_backends.o(i.nrf_log_default_backends_init) for nrf_log_default_backends_init
    main.o(i.main) refers to app_timer2.o(i.app_timer_init) for app_timer_init
    main.o(i.main) refers to bsp.o(i.bsp_init) for bsp_init
    main.o(i.main) refers to bsp_btn_ble.o(i.bsp_btn_ble_init) for bsp_btn_ble_init
    main.o(i.main) refers to nrf_pwr_mgmt.o(i.nrf_pwr_mgmt_init) for nrf_pwr_mgmt_init
    main.o(i.main) refers to nrf_sdh.o(i.nrf_sdh_enable_request) for nrf_sdh_enable_request
    main.o(i.main) refers to nrf_sdh_ble.o(i.nrf_sdh_ble_default_cfg_set) for nrf_sdh_ble_default_cfg_set
    main.o(i.main) refers to nrf_sdh_ble.o(i.nrf_sdh_ble_enable) for nrf_sdh_ble_enable
    main.o(i.main) refers to main.o(i.gatt_init) for gatt_init
    main.o(i.main) refers to main.o(i.services_init) for services_init
    main.o(i.main) refers to memseta.o(.text) for __aeabi_memclr4
    main.o(i.main) refers to ble_advertising.o(i.ble_advertising_init) for ble_advertising_init
    main.o(i.main) refers to ble_advertising.o(i.ble_advertising_conn_cfg_tag_set) for ble_advertising_conn_cfg_tag_set
    main.o(i.main) refers to ble_conn_params.o(i.ble_conn_params_init) for ble_conn_params_init
    main.o(i.main) refers to printfb.o(i.__0printf$bare) for __2printf
    main.o(i.main) refers to nrf_log_frontend.o(i.nrf_log_frontend_std_0) for nrf_log_frontend_std_0
    main.o(i.main) refers to ble_advertising.o(i.ble_advertising_start) for ble_advertising_start
    main.o(i.main) refers to nrf_log_frontend.o(i.nrf_log_frontend_dequeue) for nrf_log_frontend_dequeue
    main.o(i.main) refers to nrf_pwr_mgmt.o(i.nrf_pwr_mgmt_run) for nrf_pwr_mgmt_run
    main.o(i.main) refers to main.o(.constdata) for .constdata
[...]
    __asm___12_nrf_atomic_c_85ca2469__nrf_atomic_internal_add 0x00027343   Thumb Code    26  nrf_atomic.o(.emb_text)
    __asm___12_nrf_atomic_c_85ca2469__nrf_atomic_internal_sub 0x0002735d   Thumb Code    26  nrf_atomic.o(.emb_text)
    __asm___12_nrf_atomic_c_85ca2469__nrf_atomic_internal_cmp_exch 0x00027377   Thumb Code    42  nrf_atomic.o(.emb_text)
    __asm___12_nrf_atomic_c_85ca2469__nrf_atomic_internal_sub_hs 0x000273a1   Thumb Code    30  nrf_atomic.o(.emb_text)
    Reset_Handler                            0x000273c1   Thumb Code     8  arm_startup_nrf52840.o(.text)
    NMI_Handler                              0x000273c9   Thumb Code     2  arm_startup_nrf52840.o(.text)
    HardFault_Handler                        0x000273cb   Thumb Code     2  arm_startup_nrf52840.o(.text)
    MemoryManagement_Handler                 0x000273cd   Thumb Code     2  arm_startup_nrf52840.o(.text)
    BusFault_Handler                         0x000273cf   Thumb Code     2  arm_startup_nrf52840.o(.text)
    UsageFault_Handler                       0x000273d1   Thumb Code     2  arm_startup_nrf52840.o(.text)
    SVC_Handler                              0x000273d3   Thumb Code     2  arm_startup_nrf52840.o(.text)
    DebugMon_Handler                         0x000273d5   Thumb Code     2  arm_startup_nrf52840.o(.text)
    PendSV_Handler                           0x000273d7   Thumb Code     2  arm_startup_nrf52840.o(.text)
    SysTick_Handler                          0x000273d9   Thumb Code     2  arm_startup_nrf52840.o(.text)
    CCM_AAR_IRQHandler                       0x000273db   Thumb Code     0  arm_startup_nrf52840.o(.text)
    COMP_LPCOMP_IRQHandler                   0x000273db   Thumb Code     0  arm_startup_nrf52840.o(.text)
    CRYPTOCELL_IRQHandler                    0x000273db   Thumb Code     0  arm_startup_nrf52840.o(.text)
    ECB_IRQHandler                           0x000273db   Thumb Code     0  arm_startup_nrf52840.o(.text)
    FPU_IRQHandler                           0x000273db   Thumb Code     0  arm_startup_nrf52840.o(.text)
    I2S_IRQHandler                           0x000273db   Thumb Code     0  arm_startup_nrf52840.o(.text)
    MWU_IRQHandler                           0x000273db   Thumb Code     0  arm_startup_nrf52840.o(.text)
    NFCT_IRQHandler                          0x000273db   Thumb Code     0  arm_startup_nrf52840.o(.text)
    PDM_IRQHandler                           0x000273db   Thumb Code     0  arm_startup_nrf52840.o(.text)
    PWM0_IRQHandler                          0x000273db   Thumb Code     0  arm_startup_nrf52840.o(.text)
    PWM1_IRQHandler                          0x000273db   Thumb Code     0  arm_startup_nrf52840.o(.text)
    PWM2_IRQHandler                          0x000273db   Thumb Code     0  arm_startup_nrf52840.o(.text)
    PWM3_IRQHandler                          0x000273db   Thumb Code     0  arm_startup_nrf52840.o(.text)
    QDEC_IRQHandler                          0x000273db   Thumb Code     0  arm_startup_nrf52840.o(.text)
    QSPI_IRQHandler                          0x000273db   Thumb Code     0  arm_startup_nrf52840.o(.text)
    RADIO_IRQHandler                         0x000273db   Thumb Code     0  arm_startup_nrf52840.o(.text)
    RNG_IRQHandler                           0x000273db   Thumb Code     0  arm_startup_nrf52840.o(.text)
    RTC0_IRQHandler                          0x000273db   Thumb Code     0  arm_startup_nrf52840.o(.text)
    RTC2_IRQHandler                          0x000273db   Thumb Code     0  arm_startup_nrf52840.o(.text)
    SAADC_IRQHandler                         0x000273db   Thumb Code     0  arm_startup_nrf52840.o(.text)
    SPIM0_SPIS0_TWIM0_TWIS0_SPI0_TWI0_IRQHandler 0x000273db   Thumb Code     0  arm_startup_nrf52840.o(.text)
    SPIM1_SPIS1_TWIM1_TWIS1_SPI1_TWI1_IRQHandler 0x000273db   Thumb Code     0  arm_startup_nrf52840.o(.text)
    SPIM2_SPIS2_SPI2_IRQHandler              0x000273db   Thumb Code     0  arm_startup_nrf52840.o(.text)
    SPIM3_IRQHandler                         0x000273db   Thumb Code     0  arm_startup_nrf52840.o(.text)
    SWI0_EGU0_IRQHandler                     0x000273db   Thumb Code     0  arm_startup_nrf52840.o(.text)
    SWI1_EGU1_IRQHandler                     0x000273db   Thumb Code     0  arm_startup_nrf52840.o(.text)
    SWI3_EGU3_IRQHandler                     0x000273db   Thumb Code     0  arm_startup_nrf52840.o(.text)
    SWI4_EGU4_IRQHandler                     0x000273db   Thumb Code     0  arm_startup_nrf52840.o(.text)
    SWI5_EGU5_IRQHandler                     0x000273db   Thumb Code     0  arm_startup_nrf52840.o(.text)
    TEMP_IRQHandler                          0x000273db   Thumb Code     0  arm_startup_nrf52840.o(.text)
    TIMER0_IRQHandler                        0x000273db   Thumb Code     0  arm_startup_nrf52840.o(.text)
    TIMER1_IRQHandler                        0x000273db   Thumb Code     0  arm_startup_nrf52840.o(.text)
    TIMER2_IRQHandler                        0x000273db   Thumb Code     0  arm_startup_nrf52840.o(.text)
    TIMER3_IRQHandler                        0x000273db   Thumb Code     0  arm_startup_nrf52840.o(.text)
    TIMER4_IRQHandler                        0x000273db   Thumb Code     0  arm_startup_nrf52840.o(.text)
    UARTE1_IRQHandler                        0x000273db   Thumb Code     0  arm_startup_nrf52840.o(.text)
    USBD_IRQHandler                          0x000273db   Thumb Code     0  arm_startup_nrf52840.o(.text)
    WDT_IRQHandler                           0x000273db   Thumb Code     0  arm_startup_nrf52840.o(.text)
    __aeabi_uldivmod                         0x000273e5   Thumb Code    98  uldiv.o(.text)
    __aeabi_llsl                             0x00027447   Thumb Code    30  llshl.o(.text)
    _ll_shift_l                              0x00027447   Thumb Code     0  llshl.o(.text)
    __rt_ctype_table                         0x00027465   Thumb Code     4  ctype_o.o(.text)
    __aeabi_memcpy                           0x0002746d   Thumb Code    36  memcpya.o(.text)
    __aeabi_memcpy4                          0x0002746d   Thumb Code     0  memcpya.o(.text)
    __aeabi_memcpy8                          0x0002746d   Thumb Code     0  memcpya.o(.text)
    __aeabi_memset                           0x00027491   Thumb Code    14  memseta.o(.text)
    __aeabi_memset4                          0x00027491   Thumb Code     0  memseta.o(.text)
    __aeabi_memset8                          0x00027491   Thumb Code     0  memseta.o(.text)
    __aeabi_memclr                           0x0002749f   Thumb Code     4  memseta.o(.text)
    __aeabi_memclr4                          0x0002749f   Thumb Code     0  memseta.o(.text)
    __aeabi_memclr8                          0x0002749f   Thumb Code     0  memseta.o(.text)
    _memset$wrapper                          0x000274a3   Thumb Code    18  memseta.o(.text)
    strlen                                   0x000274b5   Thumb Code    14  strlen.o(.text)
    strcpy                                   0x000274c3   Thumb Code    18  strcpy.o(.text)
    __aeabi_llsr                             0x000274d5   Thumb Code    32  llushr.o(.text)
    _ll_ushift_r                             0x000274d5   Thumb Code     0  llushr.o(.text)
    __scatterload                            0x000274f5   Thumb Code    28  init.o(.text)
    __scatterload_rt2                        0x000274f5   Thumb Code     0  init.o(.text)
    __decompress                             0x00027519   Thumb Code     0  __dczerorl2.o(.text)
    __decompress1                            0x00027519   Thumb Code    86  __dczerorl2.o(.text)
    GPIOTE_IRQHandler                        0x00027571   Thumb Code   156  nrfx_gpiote.o(i.GPIOTE_IRQHandler)
    POWER_CLOCK_IRQHandler                   0x00027615   Thumb Code    82  nrfx_clock.o(i.POWER_CLOCK_IRQHandler)
    RTC1_IRQHandler                          0x0002766d   Thumb Code    12  drv_rtc.o(i.RTC1_IRQHandler)
    SEGGER_RTT_Init                          0x0002767d   Thumb Code     4  segger_rtt.o(i.SEGGER_RTT_Init)
    SEGGER_RTT_WriteNoLock                   0x00027681   Thumb Code    86  segger_rtt.o(i.SEGGER_RTT_WriteNoLock)
    SWI2_EGU2_IRQHandler                     0x000276dd   Thumb Code     4  nrf_sdh.o(i.SWI2_EGU2_IRQHandler)
    SystemInit                               0x000276e1   Thumb Code   414  system_nrf52.o(i.SystemInit)
    UARTE0_UART0_IRQHandler                  0x000278b1   Thumb Code     6  nrfx_prs.o(i.UARTE0_UART0_IRQHandler)
    __0printf$bare                           0x000279d9   Thumb Code     8  printfb.o(i.__0printf$bare)
    __1printf$bare                           0x000279d9   Thumb Code     0  printfb.o(i.__0printf$bare)
    __2printf                                0x000279d9   Thumb Code     0  printfb.o(i.__0printf$bare)
    __scatterload_copy                       0x000279e9   Thumb Code    14  handlers.o(i.__scatterload_copy)
    __scatterload_null                       0x000279f7   Thumb Code     2  handlers.o(i.__scatterload_null)
    __scatterload_zeroinit                   0x000279f9   Thumb Code    14  handlers.o(i.__scatterload_zeroinit)
    app_button_enable                        0x00027a9d   Thumb Code    32  app_button.o(i.app_button_enable)
    app_button_init                          0x00027ac1   Thumb Code   106  app_button.o(i.app_button_init)
    app_error_fault_handler                  0x00027b41   Thumb Code    86  app_error_weak.o(i.app_error_fault_handler)
    app_error_handler_bare                   0x00027bc5   Thumb Code    22  app_error.o(i.app_error_handler_bare)
    app_fifo_get                             0x00027bdb   Thumb Code    22  app_fifo.o(i.app_fifo_get)
    app_fifo_init                            0x00027bf1   Thumb Code    32  app_fifo.o(i.app_fifo_init)
    app_fifo_put                             0x00027c11   Thumb Code    26  app_fifo.o(i.app_fifo_put)
    app_timer_cnt_get                        0x00027c2d   Thumb Code     6  app_timer2.o(i.app_timer_cnt_get)
    app_timer_create                         0x00027c39   Thumb Code    32  app_timer2.o(i.app_timer_create)
    app_timer_init                           0x00027c59   Thumb Code    70  app_timer2.o(i.app_timer_init)
    app_timer_start                          0x00027cb5   Thumb Code    84  app_timer2.o(i.app_timer_start)
    app_timer_stop                           0x00027d09   Thumb Code    68  app_timer2.o(i.app_timer_stop)
    app_uart_get                             0x00027d4d   Thumb Code    42  app_uart_fifo.o(i.app_uart_get)
    app_uart_init                            0x00027d81   Thumb Code   148  app_uart_fifo.o(i.app_uart_init)
    app_uart_put                             0x00027e25   Thumb Code    70  app_uart_fifo.o(i.app_uart_put)
    app_util_critical_region_enter           0x00027e79   Thumb Code    64  app_util_platform.o(i.app_util_critical_region_enter)
    app_util_critical_region_exit            0x00027ec1   Thumb Code    46  app_util_platform.o(i.app_util_critical_region_exit)
    blcm_link_ctx_get                        0x00027fe1   Thumb Code    72  ble_link_ctx_manager.o(i.blcm_link_ctx_get)
    ble_advdata_encode                       0x00028029   Thumb Code   386  ble_advdata.o(i.ble_advdata_encode)
    ble_advdata_parse                        0x000281ab   Thumb Code    32  ble_advdata.o(i.ble_advdata_parse)
    ble_advdata_search                       0x000281cb   Thumb Code    70  ble_advdata.o(i.ble_advdata_search)
    ble_advertising_conn_cfg_tag_set         0x00028211   Thumb Code     6  ble_advertising.o(i.ble_advertising_conn_cfg_tag_set)
    ble_advertising_init                     0x00028217   Thumb Code   232  ble_advertising.o(i.ble_advertising_init)
    ble_advertising_on_ble_evt               0x000282ff   Thumb Code   106  ble_advertising.o(i.ble_advertising_on_ble_evt)
    ble_advertising_restart_without_whitelist 0x00028369   Thumb Code    58  ble_advertising.o(i.ble_advertising_restart_without_whitelist)
    ble_advertising_start                    0x000283a3   Thumb Code   560  ble_advertising.o(i.ble_advertising_start)
    ble_conn_params_init                     0x000285d5   Thumb Code    90  ble_conn_params.o(i.ble_conn_params_init)
    ble_conn_state_conn_idx                  0x0002863d   Thumb Code    18  ble_conn_state.o(i.ble_conn_state_conn_idx)
    ble_conn_state_valid                     0x00028651   Thumb Code    16  ble_conn_state.o(i.ble_conn_state_valid)
    ble_lbs_init                             0x00028a25   Thumb Code   194  ble_lbs.o(i.ble_lbs_init)
    ble_lbs_on_ble_evt                       0x00028aed   Thumb Code    46  ble_lbs.o(i.ble_lbs_on_ble_evt)
    ble_nus_data_send                        0x00028b1b   Thumb Code   102  ble_nus.o(i.ble_nus_data_send)
    ble_nus_init                             0x00028b81   Thumb Code   206  ble_nus.o(i.ble_nus_init)
    ble_nus_on_ble_evt                       0x00028c55   Thumb Code   118  ble_nus.o(i.ble_nus_on_ble_evt)
    ble_srv_is_notification_enabled          0x00028ccb   Thumb Code     8  ble_srv_common.o(i.ble_srv_is_notification_enabled)
    bsp_board_button_idx_to_pin              0x00028cd5   Thumb Code     6  boards.o(i.bsp_board_button_idx_to_pin)
    bsp_board_button_state_get               0x00028ce1   Thumb Code    36  boards.o(i.bsp_board_button_state_get)
    bsp_board_init                           0x00028d09   Thumb Code    80  boards.o(i.bsp_board_init)
    bsp_board_led_invert                     0x00028d5d   Thumb Code    40  boards.o(i.bsp_board_led_invert)
    bsp_board_led_off                        0x00028d89   Thumb Code    10  boards.o(i.bsp_board_led_off)
    bsp_board_led_on                         0x00028d99   Thumb Code    10  boards.o(i.bsp_board_led_on)
    bsp_board_led_state_get                  0x00028da9   Thumb Code    36  boards.o(i.bsp_board_led_state_get)
    bsp_board_leds_off                       0x00028dd1   Thumb Code    18  boards.o(i.bsp_board_leds_off)
    bsp_board_leds_on                        0x00028de3   Thumb Code    18  boards.o(i.bsp_board_leds_on)
    bsp_board_pin_to_button_idx              0x00028df5   Thumb Code    30  boards.o(i.bsp_board_pin_to_button_idx)
    bsp_btn_ble_init                         0x00028e19   Thumb Code    52  bsp_btn_ble.o(i.bsp_btn_ble_init)
    bsp_btn_ble_sleep_mode_prepare           0x00028e51   Thumb Code    30  bsp_btn_ble.o(i.bsp_btn_ble_sleep_mode_prepare)
    bsp_button_is_pressed                    0x00028f01   Thumb Code    12  bsp.o(i.bsp_button_is_pressed)
    bsp_event_handler                        0x00028f0d   Thumb Code   100  main.o(i.bsp_event_handler)
    bsp_event_to_button_action_assign        0x00028f79   Thumb Code    64  bsp.o(i.bsp_event_to_button_action_assign)
    bsp_indication_set                       0x00028fbd   Thumb Code    20  bsp.o(i.bsp_indication_set)
    bsp_init                                 0x00028fd5   Thumb Code   128  bsp.o(i.bsp_init)
    bsp_wakeup_button_enable                 0x00029231   Thumb Code     6  bsp.o(i.bsp_wakeup_button_enable)
    buffer_is_empty                          0x000292ed   Thumb Code    18  nrf_log_frontend.o(i.buffer_is_empty)
    characteristic_add                       0x000293a9   Thumb Code   400  ble_srv_common.o(i.characteristic_add)
    conn_handle_list_get                     0x00029595   Thumb Code    62  ble_conn_state.o(i.conn_handle_list_get)
    drv_rtc_compare_disable                  0x000297c5   Thumb Code    20  drv_rtc.o(i.drv_rtc_compare_disable)
    drv_rtc_compare_pending                  0x000297d9   Thumb Code    14  drv_rtc.o(i.drv_rtc_compare_pending)
    drv_rtc_compare_set                      0x000297e7   Thumb Code    80  drv_rtc.o(i.drv_rtc_compare_set)
    drv_rtc_counter_get                      0x00029837   Thumb Code     8  drv_rtc.o(i.drv_rtc_counter_get)
    drv_rtc_init                             0x00029841   Thumb Code   148  drv_rtc.o(i.drv_rtc_init)
    drv_rtc_irq_trigger                      0x00029919   Thumb Code    30  drv_rtc.o(i.drv_rtc_irq_trigger)
    drv_rtc_overflow_enable                  0x00029937   Thumb Code     8  drv_rtc.o(i.drv_rtc_overflow_enable)
    drv_rtc_overflow_pending                 0x0002993f   Thumb Code     8  drv_rtc.o(i.drv_rtc_overflow_pending)
    drv_rtc_start                            0x00029947   Thumb Code     8  drv_rtc.o(i.drv_rtc_start)
    drv_rtc_stop                             0x0002994f   Thumb Code     8  drv_rtc.o(i.drv_rtc_stop)
    drv_rtc_windowed_compare_set             0x00029957   Thumb Code   222  drv_rtc.o(i.drv_rtc_windowed_compare_set)
    evt_handle                               0x00029a49   Thumb Code   216  app_button.o(i.evt_handle)
    fputc                                    0x00029b95   Thumb Code    14  retarget.o(i.fputc)
    gatt_evt_handler                         0x00029ba5   Thumb Code    52  main.o(i.gatt_evt_handler)
    gatt_init                                0x00029c01   Thumb Code    38  main.o(i.gatt_init)
    log_pending_hook                         0x00029f19   Thumb Code     2  nrf_log_frontend.o(i.log_pending_hook)
    main                                     0x00029fc1   Thumb Code   416  main.o(i.main)
    nrf_atfifo_init                          0x0002a39b   Thumb Code    38  nrf_atfifo.o(i.nrf_atfifo_init)
    nrf_atfifo_item_alloc                    0x0002a3c1   Thumb Code    22  nrf_atfifo.o(i.nrf_atfifo_item_alloc)
    nrf_atfifo_item_free                     0x0002a3d7   Thumb Code    22  nrf_atfifo.o(i.nrf_atfifo_item_free)
    nrf_atfifo_item_get                      0x0002a3ed   Thumb Code    22  nrf_atfifo.o(i.nrf_atfifo_item_get)
    nrf_atfifo_item_put                      0x0002a403   Thumb Code    22  nrf_atfifo.o(i.nrf_atfifo_item_put)
    nrf_atflags_clear                        0x0002a419   Thumb Code    22  nrf_atflags.o(i.nrf_atflags_clear)
    nrf_atflags_get                          0x0002a42f   Thumb Code    22  nrf_atflags.o(i.nrf_atflags_get)
    nrf_atflags_set                          0x0002a445   Thumb Code    20  nrf_atflags.o(i.nrf_atflags_set)
    nrf_atomic_flag_clear_fetch              0x0002a459   Thumb Code     6  nrf_atomic.o(i.nrf_atomic_flag_clear_fetch)
    nrf_atomic_flag_set                      0x0002a45f   Thumb Code     6  nrf_atomic.o(i.nrf_atomic_flag_set)
    nrf_atomic_u32_add                       0x0002a465   Thumb Code    12  nrf_atomic.o(i.nrf_atomic_u32_add)
    nrf_atomic_u32_and                       0x0002a471   Thumb Code    12  nrf_atomic.o(i.nrf_atomic_u32_and)
    nrf_atomic_u32_fetch_and                 0x0002a47d   Thumb Code    10  nrf_atomic.o(i.nrf_atomic_u32_fetch_and)
    nrf_atomic_u32_fetch_store               0x0002a487   Thumb Code    10  nrf_atomic.o(i.nrf_atomic_u32_fetch_store)
    nrf_atomic_u32_or                        0x0002a491   Thumb Code    12  nrf_atomic.o(i.nrf_atomic_u32_or)
    nrf_atomic_u32_sub                       0x0002a49d   Thumb Code    12  nrf_atomic.o(i.nrf_atomic_u32_sub)
    nrf_balloc_alloc                         0x0002a4a9   Thumb Code    68  nrf_balloc.o(i.nrf_balloc_alloc)
    nrf_balloc_free                          0x0002a4ed   Thumb Code    48  nrf_balloc.o(i.nrf_balloc_free)
    nrf_balloc_init                          0x0002a51d   Thumb Code    48  nrf_balloc.o(i.nrf_balloc_init)
    nrf_ble_gatt_att_mtu_periph_set          0x0002a55d   Thumb Code    24  nrf_ble_gatt.o(i.nrf_ble_gatt_att_mtu_periph_set)
    nrf_ble_gatt_init                        0x0002a575   Thumb Code    34  nrf_ble_gatt.o(i.nrf_ble_gatt_init)
    nrf_ble_gatt_on_ble_evt                  0x0002a599   Thumb Code   270  nrf_ble_gatt.o(i.nrf_ble_gatt_on_ble_evt)
    nrf_ble_qwr_conn_handle_assign           0x0002a6e9   Thumb Code    22  nrf_ble_qwr.o(i.nrf_ble_qwr_conn_handle_assign)
    nrf_ble_qwr_init                         0x0002a6ff   Thumb Code    36  nrf_ble_qwr.o(i.nrf_ble_qwr_init)
    nrf_ble_qwr_on_ble_evt                   0x0002a723   Thumb Code   182  nrf_ble_qwr.o(i.nrf_ble_qwr_on_ble_evt)
    nrf_drv_clock_init                       0x0002a7f9   Thumb Code    56  nrf_drv_clock.o(i.nrf_drv_clock_init)
    nrf_drv_clock_lfclk_release              0x0002a839   Thumb Code    48  nrf_drv_clock.o(i.nrf_drv_clock_lfclk_release)
    nrf_drv_uart_init                        0x0002a86d   Thumb Code    90  nrf_drv_uart.o(i.nrf_drv_uart_init)
    nrf_fprintf                              0x0002a915   Thumb Code    26  nrf_fprintf.o(i.nrf_fprintf)
    nrf_fprintf_buffer_flush                 0x0002a92f   Thumb Code    24  nrf_fprintf.o(i.nrf_fprintf_buffer_flush)
    nrf_fprintf_fmt                          0x0002a947   Thumb Code   474  nrf_fprintf_format.o(i.nrf_fprintf_fmt)
    nrf_log_backend_add                      0x0002adb9   Thumb Code    86  nrf_log_frontend.o(i.nrf_log_backend_add)
    nrf_log_backend_rtt_init                 0x0002ae17   Thumb Code     4  nrf_log_backend_rtt.o(i.nrf_log_backend_rtt_init)
    nrf_log_backend_serial_put               0x0002ae35   Thumb Code   200  nrf_log_backend_serial.o(i.nrf_log_backend_serial_put)
    nrf_log_color_id_get                     0x0002aefd   Thumb Code    42  nrf_log_frontend.o(i.nrf_log_color_id_get)
    nrf_log_default_backends_init            0x0002af2d   Thumb Code    24  nrf_log_default_backends.o(i.nrf_log_default_backends_init)
    nrf_log_frontend_dequeue                 0x0002af49   Thumb Code   528  nrf_log_frontend.o(i.nrf_log_frontend_dequeue)
    nrf_log_frontend_std_0                   0x0002b181   Thumb Code     8  nrf_log_frontend.o(i.nrf_log_frontend_std_0)
    nrf_log_frontend_std_1                   0x0002b189   Thumb Code    14  nrf_log_frontend.o(i.nrf_log_frontend_std_1)
    nrf_log_frontend_std_2                   0x0002b197   Thumb Code    16  nrf_log_frontend.o(i.nrf_log_frontend_std_2)
    nrf_log_hexdump_entry_process            0x0002b1a9   Thumb Code   150  nrf_log_str_formatter.o(i.nrf_log_hexdump_entry_process)
    nrf_log_init                             0x0002b259   Thumb Code    28  nrf_log_frontend.o(i.nrf_log_init)
    nrf_log_module_cnt_get                   0x0002b281   Thumb Code    10  nrf_log_frontend.o(i.nrf_log_module_cnt_get)
    nrf_log_module_name_get                  0x0002b295   Thumb Code    24  nrf_log_frontend.o(i.nrf_log_module_name_get)
    nrf_log_panic                            0x0002b2b1   Thumb Code    36  nrf_log_frontend.o(i.nrf_log_panic)
    nrf_log_std_entry_process                0x0002b2d9   Thumb Code   182  nrf_log_str_formatter.o(i.nrf_log_std_entry_process)
    nrf_memobj_alloc                         0x0002b38f   Thumb Code    96  nrf_memobj.o(i.nrf_memobj_alloc)
    nrf_memobj_free                          0x0002b3ef   Thumb Code    50  nrf_memobj.o(i.nrf_memobj_free)
    nrf_memobj_get                           0x0002b421   Thumb Code     8  nrf_memobj.o(i.nrf_memobj_get)
    nrf_memobj_pool_init                     0x0002b429   Thumb Code     4  nrf_memobj.o(i.nrf_memobj_pool_init)
    nrf_memobj_put                           0x0002b42d   Thumb Code    30  nrf_memobj.o(i.nrf_memobj_put)
    nrf_memobj_read                          0x0002b44b   Thumb Code    16  nrf_memobj.o(i.nrf_memobj_read)
    nrf_memobj_write                         0x0002b45b   Thumb Code    16  nrf_memobj.o(i.nrf_memobj_write)
    nrf_pwr_mgmt_init                        0x0002b46d   Thumb Code    28  nrf_pwr_mgmt.o(i.nrf_pwr_mgmt_init)
    nrf_pwr_mgmt_run                         0x0002b495   Thumb Code    64  nrf_pwr_mgmt.o(i.nrf_pwr_mgmt_run)
    nrf_ringbuf_init                         0x0002b4dd   Thumb Code    28  nrf_ringbuf.o(i.nrf_ringbuf_init)
    nrf_sdh_ble_app_ram_start_get            0x0002b505   Thumb Code    16  nrf_sdh_ble.o(i.nrf_sdh_ble_app_ram_start_get)
    nrf_sdh_ble_default_cfg_set              0x0002b519   Thumb Code   274  nrf_sdh_ble.o(i.nrf_sdh_ble_default_cfg_set)
    nrf_sdh_ble_enable                       0x0002b64d   Thumb Code   116  nrf_sdh_ble.o(i.nrf_sdh_ble_enable)
    nrf_sdh_enable_request                   0x0002b7dd   Thumb Code   102  nrf_sdh.o(i.nrf_sdh_enable_request)
    nrf_sdh_evts_poll                        0x0002b851   Thumb Code    32  nrf_sdh.o(i.nrf_sdh_evts_poll)
    nrf_sdh_is_enabled                       0x0002b875   Thumb Code     6  nrf_sdh.o(i.nrf_sdh_is_enabled)
    nrf_section_iter_init                    0x0002b8bd   Thumb Code    10  nrf_section_iter.o(i.nrf_section_iter_init)
    nrf_section_iter_next                    0x0002b8eb   Thumb Code    32  nrf_section_iter.o(i.nrf_section_iter_next)
    nrf_sortlist_add                         0x0002b90b   Thumb Code    34  nrf_sortlist.o(i.nrf_sortlist_add)
    nrf_sortlist_peek                        0x0002b92d   Thumb Code     6  nrf_sortlist.o(i.nrf_sortlist_peek)
    nrf_sortlist_pop                         0x0002b933   Thumb Code    14  nrf_sortlist.o(i.nrf_sortlist_pop)
    nrf_sortlist_remove                      0x0002b941   Thumb Code    30  nrf_sortlist.o(i.nrf_sortlist_remove)
    nrf_strerror_find                        0x0002b961   Thumb Code    52  nrf_strerror.o(i.nrf_strerror_find)
    nrf_strerror_get                         0x0002b999   Thumb Code    14  nrf_strerror.o(i.nrf_strerror_get)
    nrfx_clock_enable                        0x0002b9f5   Thumb Code    34  nrfx_clock.o(i.nrfx_clock_enable)
    nrfx_clock_init                          0x0002ba21   Thumb Code    26  nrfx_clock.o(i.nrfx_clock_init)
    nrfx_clock_lfclk_stop                    0x0002ba41   Thumb Code    38  nrfx_clock.o(i.nrfx_clock_lfclk_stop)
    nrfx_gpiote_in_event_enable              0x0002ba81   Thumb Code   144  nrfx_gpiote.o(i.nrfx_gpiote_in_event_enable)
    nrfx_gpiote_in_init                      0x0002bb19   Thumb Code   196  nrfx_gpiote.o(i.nrfx_gpiote_in_init)
    nrfx_gpiote_in_is_set                    0x0002bbe9   Thumb Code    14  nrfx_gpiote.o(i.nrfx_gpiote_in_is_set)
    nrfx_gpiote_init                         0x0002bbf9   Thumb Code   108  nrfx_gpiote.o(i.nrfx_gpiote_init)
    nrfx_gpiote_is_init                      0x0002bc71   Thumb Code    14  nrfx_gpiote.o(i.nrfx_gpiote_is_init)
    nrfx_prs_acquire                         0x0002bc95   Thumb Code    58  nrfx_prs.o(i.nrfx_prs_acquire)
    nrfx_uart_0_irq_handler                  0x0002bcd1   Thumb Code     8  nrfx_uart.o(i.nrfx_uart_0_irq_handler)
    nrfx_uart_init                           0x0002bce1   Thumb Code   200  nrfx_uart.o(i.nrfx_uart_init)
    nrfx_uart_rx                             0x0002bdb5   Thumb Code   230  nrfx_uart.o(i.nrfx_uart_rx)
    nrfx_uart_tx                             0x0002bea1   Thumb Code   162  nrfx_uart.o(i.nrfx_uart_tx)
    nrfx_uart_tx_in_progress                 0x0002bf49   Thumb Code    26  nrfx_uart.o(i.nrfx_uart_tx_in_progress)
    nrfx_uarte_0_irq_handler                 0x0002bf69   Thumb Code     8  nrfx_uarte.o(i.nrfx_uarte_0_irq_handler)
    nrfx_uarte_init                          0x0002bf79   Thumb Code   100  nrfx_uarte.o(i.nrfx_uarte_init)
    nrfx_uarte_rx                            0x0002bfe5   Thumb Code   256  nrfx_uarte.o(i.nrfx_uarte_rx)
    nrfx_uarte_tx                            0x0002c0e9   Thumb Code   166  nrfx_uarte.o(i.nrfx_uarte_tx)
    nrfx_uarte_tx_in_progress                0x0002c195   Thumb Code    22  nrfx_uarte.o(i.nrfx_uarte_tx_in_progress)
    nvmc_config                              0x0002c249   Thumb Code    14  system_nrf52.o(i.nvmc_config)
    uart_event_handle                        0x0002ce35   Thumb Code   112  main.o(i.uart_event_handle)
    nrf_log_backend_rtt_api                  0x0002d6d8   Data          12  nrf_log_backend_rtt.o(.constdata)
    m_ram_start                              0x0002d77c   Data           4  nrf_sdh_ble.o(.constdata)
    __ctype_table                            0x0002d7a8   Data         129  ctype_o.o(.constdata)
    Region$$Table$$Base                      0x0002dfa0   Number         0  anon$$obj.o(Region$$Table)
    Region$$Table$$Limit                     0x0002dfc0   Number         0  anon$$obj.o(Region$$Table)
    log_const_data$$Base                     0x0002dfd0   Number         0  nrf_ble_gatt.o(log_const_data)
    m_nrf_log_nrf_ble_gatt_logs_data_const   0x0002dfd0   Data           8  nrf_ble_gatt.o(log_const_data)
    m_nrf_log_ble_nus_logs_data_const        0x0002dfd8   Data           8  ble_nus.o(log_const_data)
    m_nrf_log_clock_logs_data_const          0x0002dfe0   Data           8  nrf_drv_clock.o(log_const_data)
    m_nrf_log_CLOCK_logs_data_const          0x0002dfe8   Data           8  nrfx_clock.o(log_const_data)
    m_nrf_log_GPIOTE_logs_data_const         0x0002dff0   Data           8  nrfx_gpiote.o(log_const_data)
    m_nrf_log_PRS_logs_data_const            0x0002dff8   Data           8  nrfx_prs.o(log_const_data)
    m_nrf_log_UART_logs_data_const           0x0002e000   Data           8  nrfx_uart.o(log_const_data)
    m_nrf_log_UARTE_logs_data_const          0x0002e008   Data           8  nrfx_uarte.o(log_const_data)
    m_nrf_log_app_button_logs_data_const     0x0002e010   Data           8  app_button.o(log_const_data)
    m_nrf_log_app_timer_logs_data_const      0x0002e018   Data           8  app_timer2.o(log_const_data)
    m_nrf_log_pwr_mgmt_logs_data_const       0x0002e020   Data           8  nrf_pwr_mgmt.o(log_const_data)
    m_nrf_log_sortlist_logs_data_const       0x0002e028   Data           8  nrf_sortlist.o(log_const_data)
    m_nrf_log_app_logs_data_const            0x0002e030   Data           8  nrf_log_frontend.o(log_const_data)
    m_nrf_log_nrf_sdh_logs_data_const        0x0002e038   Data           8  nrf_sdh.o(log_const_data)
    m_nrf_log_nrf_sdh_ble_logs_data_const    0x0002e040   Data           8  nrf_sdh_ble.o(log_const_data)
    m_nrf_log_nrf_sdh_soc_logs_data_const    0x0002e048   Data           8  nrf_sdh_soc.o(log_const_data)
    log_const_data$$Limit                    0x0002e050   Number         0  nrf_sdh_soc.o(log_const_data)
    log_mempool                              0x0002e050   Data          20  nrf_log_frontend.o(nrf_balloc)
    sdh_ble_observers0$$Base                 0x0002e064   Number         0  ble_conn_state.o(sdh_ble_observers0)
    sdh_ble_observers0$$Limit                0x0002e06c   Number         0  ble_conn_state.o(sdh_ble_observers0)
    sdh_ble_observers1$$Base                 0x0002e06c   Number         0  main.o(sdh_ble_observers1)
    sdh_ble_observers1$$Limit                0x0002e08c   Number         0  ble_conn_params.o(sdh_ble_observers1)
    sdh_ble_observers2$$Base                 0x0002e08c   Number         0  main.o(sdh_ble_observers2)
    sdh_ble_observers2$$Limit                0x0002e0a4   Number         0  main.o(sdh_ble_observers2)
    sdh_ble_observers3$$Base                 0x0002e0a4   Number         0  main.o(sdh_ble_observers3)
    sdh_ble_observers3$$Limit                0x0002e0ac   Number         0  main.o(sdh_ble_observers3)
    sdh_soc_observers0$$Base                 0x0002e0ac   Number         0  nrf_drv_clock.o(sdh_soc_observers0)
    sdh_soc_observers0$$Limit                0x0002e0b4   Number         0  nrf_drv_clock.o(sdh_soc_observers0)
    sdh_stack_observers0$$Base               0x0002e0b4   Number         0  nrf_sdh_ble.o(sdh_stack_observers0)
    sdh_stack_observers0$$Limit              0x0002e0c4   Number         0  nrf_sdh_soc.o(sdh_stack_observers0)
    sdh_state_observers0$$Base               0x0002e0c4   Number         0  nrf_drv_clock.o(sdh_state_observers0)
    sdh_state_observers0$$Limit              0x0002e0cc   Number         0  nrf_drv_clock.o(sdh_state_observers0)
    Image$$RW_IRAM1$$Base                    0x20002af8   Number         0  anon$$obj.o ABSOLUTE
    nrf_drv_uart_use_easy_dma                0x20002bb0   Data           2  nrf_drv_uart.o(.data)
    __stdout                                 0x20002c64   Data           4  retarget.o(.data)
    SystemCoreClock                          0x20002ccc   Data           4  system_nrf52.o(.data)
    nrf_nvic_state                           0x20003684   Data          12  app_util_platform.o(.bss)
    _SEGGER_RTT                              0x20003c54   Data         120  segger_rtt.o(.bss)
    __initial_sp                             0x20005ee0   Data           0  arm_startup_nrf52840.o(STACK)



==============================================================================

Memory Map of the image

  Image Entry point : 0x00027201

  Load Region LR_IROM1 (Base: 0x00027000, Size: 0x000072a4, Max: 0x000d9000, ABSOLUTE, COMPRESSED[0x00007134])

    Execution Region ER_IROM1 (Exec base: 0x00027000, Load base: 0x00027000, Size: 0x000070cc, Max: 0x000d9000, ABSOLUTE)

    Exec Addr    Load Addr    Size         Type   Attr      Idx    E Section Name        Object

    0x00027000   0x00027000   0x00000200   Data   RO         5210    RESET               arm_startup_nrf52840.o
    0x00027200   0x00027200   0x00000000   Code   RO         5283  * .ARM.Collect$$$$00000000  mc_w.l(entry.o)
    0x00027200   0x00027200   0x00000004   Code   RO         5590    .ARM.Collect$$$$00000001  mc_w.l(entry2.o)
    0x00027204   0x00027204   0x00000004   Code   RO         5593    .ARM.Collect$$$$00000004  mc_w.l(entry5.o)
    0x00027208   0x00027208   0x00000000   Code   RO         5595    .ARM.Collect$$$$00000008  mc_w.l(entry7b.o)
    0x00027208   0x00027208   0x00000000   Code   RO         5597    .ARM.Collect$$$$0000000A  mc_w.l(entry8b.o)
    0x00027208   0x00027208   0x00000008   Code   RO         5598    .ARM.Collect$$$$0000000B  mc_w.l(entry9a.o)
    0x00027210   0x00027210   0x00000000   Code   RO         5600    .ARM.Collect$$$$0000000D  mc_w.l(entry10a.o)
    0x00027210   0x00027210   0x00000000   Code   RO         5602    .ARM.Collect$$$$0000000F  mc_w.l(entry11a.o)
    0x00027210   0x00027210   0x00000004   Code   RO         5591    .ARM.Collect$$$$00002712  mc_w.l(entry2.o)
    0x00027214   0x00027214   0x000000c8   Code   RO         3595    .emb_text           nrf_atfifo.o
    0x000272dc   0x000272dc   0x000000e2   Code   RO         3731    .emb_text           nrf_atomic.o
    0x000273be   0x000273be   0x00000002   PAD
    0x000273c0   0x000273c0   0x00000024   Code   RO         5211    .text               arm_startup_nrf52840.o
    0x000273e4   0x000273e4   0x00000062   Code   RO         5286    .text               mc_w.l(uldiv.o)
    0x00027446   0x00027446   0x0000001e   Code   RO         5288    .text               mc_w.l(llshl.o)
    0x00027464   0x00027464   0x00000008   Code   RO         5290    .text               mc_w.l(ctype_o.o)
    0x0002746c   0x0002746c   0x00000024   Code   RO         5318    .text               mc_w.l(memcpya.o)
    0x00027490   0x00027490   0x00000024   Code   RO         5320    .text               mc_w.l(memseta.o)
    0x000274b4   0x000274b4   0x0000000e   Code   RO         5322    .text               mc_w.l(strlen.o)
    0x000274c2   0x000274c2   0x00000012   Code   RO         5326    .text               mc_w.l(strcpy.o)
    0x000274d4   0x000274d4   0x00000020   Code   RO         5606    .text               mc_w.l(llushr.o)
    0x000274f4   0x000274f4   0x00000024   Code   RO         5619    .text               mc_w.l(init.o)
    0x00027518   0x00027518   0x00000056   Code   RO         5633    .text               mc_w.l(__dczerorl2.o)
    0x0002756e   0x0002756e   0x00000002   PAD
    0x00027570   0x00027570   0x000000a4   Code   RO         2021    i.GPIOTE_IRQHandler  nrfx_gpiote.o
    0x00027614   0x00027614   0x00000058   Code   RO         1882    i.POWER_CLOCK_IRQHandler  nrfx_clock.o
    0x0002766c   0x0002766c   0x00000010   Code   RO         3381    i.RTC1_IRQHandler   drv_rtc.o
    0x0002767c   0x0002767c   0x00000004   Code   RO         4750    i.SEGGER_RTT_Init   segger_rtt.o
    0x00027680   0x00027680   0x0000005c   Code   RO         4764    i.SEGGER_RTT_WriteNoLock  segger_rtt.o
    0x000276dc   0x000276dc   0x00000004   Code   RO         5001    i.SWI2_EGU2_IRQHandler  nrf_sdh.o
    0x000276e0   0x000276e0   0x000001d0   Code   RO         5219    i.SystemInit        system_nrf52.o
    0x000278b0   0x000278b0   0x0000000c   Code   RO         2346    i.UARTE0_UART0_IRQHandler  nrfx_prs.o
    0x000278bc   0x000278bc   0x00000068   Code   RO         4768    i._DoInit           segger_rtt.o
    0x00027924   0x00027924   0x00000016   Code   RO         4769    i._GetAvailWriteSpace  segger_rtt.o
    0x0002793a   0x0002793a   0x0000005a   Code   RO         4771    i._WriteBlocking    segger_rtt.o
    0x00027994   0x00027994   0x00000042   Code   RO         4772    i._WriteNoCheck     segger_rtt.o
    0x000279d6   0x000279d6   0x00000002   PAD
    0x000279d8   0x000279d8   0x00000010   Code   RO         5331    i.__0printf$bare    mc_w.l(printfb.o)
    0x000279e8   0x000279e8   0x0000000e   Code   RO         5627    i.__scatterload_copy  mc_w.l(handlers.o)
    0x000279f6   0x000279f6   0x00000002   Code   RO         5628    i.__scatterload_null  mc_w.l(handlers.o)
    0x000279f8   0x000279f8   0x0000000e   Code   RO         5629    i.__scatterload_zeroinit  mc_w.l(handlers.o)
    0x00027a06   0x00027a06   0x00000002   PAD
    0x00027a08   0x00027a08   0x00000024   Code   RO         5002    i.__sd_nvic_app_accessible_irq  nrf_sdh.o
    0x00027a2c   0x00027a2c   0x00000022   Code   RO         5338    i._printf_core      mc_w.l(printfb.o)
    0x00027a4e   0x00027a4e   0x00000010   Code   RO          862    i.adv_set_data_size_max_get  ble_advertising.o
    0x00027a5e   0x00027a5e   0x00000036   Code   RO          652    i.advertising_buttons_configure  bsp_btn_ble.o
    0x00027a94   0x00027a94   0x00000006   Code   RO          535    i.alert_timer_handler  bsp.o
    0x00027a9a   0x00027a9a   0x00000002   PAD
    0x00027a9c   0x00027a9c   0x00000024   Code   RO         2769    i.app_button_enable  app_button.o
    0x00027ac0   0x00027ac0   0x00000080   Code   RO         2770    i.app_button_init   app_button.o
    0x00027b40   0x00027b40   0x00000084   Code   RO         2927    i.app_error_fault_handler  app_error_weak.o
    0x00027bc4   0x00027bc4   0x00000016   Code   RO         2867    i.app_error_handler_bare  app_error.o
    0x00027bda   0x00027bda   0x00000016   Code   RO         2971    i.app_fifo_get      app_fifo.o
    0x00027bf0   0x00027bf0   0x00000020   Code   RO         2972    i.app_fifo_init     app_fifo.o
    0x00027c10   0x00027c10   0x0000001a   Code   RO         2974    i.app_fifo_put      app_fifo.o
    0x00027c2a   0x00027c2a   0x00000002   PAD
    0x00027c2c   0x00027c2c   0x0000000c   Code   RO         3095    i.app_timer_cnt_get  app_timer2.o
    0x00027c38   0x00027c38   0x00000020   Code   RO         3096    i.app_timer_create  app_timer2.o
    0x00027c58   0x00027c58   0x0000005c   Code   RO         3097    i.app_timer_init    app_timer2.o
    0x00027cb4   0x00027cb4   0x00000054   Code   RO         3100    i.app_timer_start   app_timer2.o
    0x00027d08   0x00027d08   0x00000044   Code   RO         3101    i.app_timer_stop    app_timer2.o
    0x00027d4c   0x00027d4c   0x00000034   Code   RO         3238    i.app_uart_get      app_uart_fifo.o
    0x00027d80   0x00027d80   0x000000a4   Code   RO         3239    i.app_uart_init     app_uart_fifo.o
    0x00027e24   0x00027e24   0x00000054   Code   RO         3240    i.app_uart_put      app_uart_fifo.o
    0x00027e78   0x00027e78   0x00000048   Code   RO         3313    i.app_util_critical_region_enter  app_util_platform.o
    0x00027ec0   0x00027ec0   0x00000034   Code   RO         3314    i.app_util_critical_region_exit  app_util_platform.o
    0x00027ef4   0x00027ef4   0x00000076   Code   RO         2400    i.apply_config      nrfx_uart.o
    0x00027f6a   0x00027f6a   0x00000076   Code   RO         2598    i.apply_config      nrfx_uarte.o
    0x00027fe0   0x00027fe0   0x00000048   Code   RO         1204    i.blcm_link_ctx_get  ble_link_ctx_manager.o
    0x00028028   0x00028028   0x00000182   Code   RO          756    i.ble_advdata_encode  ble_advdata.o
    0x000281aa   0x000281aa   0x00000020   Code   RO          758    i.ble_advdata_parse  ble_advdata.o
    0x000281ca   0x000281ca   0x00000046   Code   RO          759    i.ble_advdata_search  ble_advdata.o
    0x00028210   0x00028210   0x00000006   Code   RO          864    i.ble_advertising_conn_cfg_tag_set  ble_advertising.o
    0x00028216   0x00028216   0x000000e8   Code   RO          865    i.ble_advertising_init  ble_advertising.o
    0x000282fe   0x000282fe   0x0000006a   Code   RO          867    i.ble_advertising_on_ble_evt  ble_advertising.o
    0x00028368   0x00028368   0x0000003a   Code   RO          869    i.ble_advertising_restart_without_whitelist  ble_advertising.o
    0x000283a2   0x000283a2   0x00000230   Code   RO          870    i.ble_advertising_start  ble_advertising.o
    0x000285d2   0x000285d2   0x00000002   PAD
    0x000285d4   0x000285d4   0x00000068   Code   RO          961    i.ble_conn_params_init  ble_conn_params.o
    0x0002863c   0x0002863c   0x00000012   Code   RO         1036    i.ble_conn_state_conn_idx  ble_conn_state.o
    0x0002864e   0x0002864e   0x00000002   PAD
    0x00028650   0x00028650   0x00000014   Code   RO         1050    i.ble_conn_state_valid  ble_conn_state.o
    0x00028664   0x00028664   0x00000060   Code   RO          762    i.ble_device_addr_encode  ble_advdata.o
    0x000286c4   0x000286c4   0x000000dc   Code   RO            5    i.ble_evt_handler   main.o
    0x000287a0   0x000287a0   0x00000070   Code   RO          653    i.ble_evt_handler   bsp_btn_ble.o
    0x00028810   0x00028810   0x000000fc   Code   RO          963    i.ble_evt_handler   ble_conn_params.o
    0x0002890c   0x0002890c   0x00000118   Code   RO         1051    i.ble_evt_handler   ble_conn_state.o
    0x00028a24   0x00028a24   0x000000c8   Code   RO         1491    i.ble_lbs_init      ble_lbs.o
    0x00028aec   0x00028aec   0x0000002e   Code   RO         1492    i.ble_lbs_on_ble_evt  ble_lbs.o
    0x00028b1a   0x00028b1a   0x00000066   Code   RO         1433    i.ble_nus_data_send  ble_nus.o
    0x00028b80   0x00028b80   0x000000d4   Code   RO         1434    i.ble_nus_init      ble_nus.o
    0x00028c54   0x00028c54   0x00000076   Code   RO         1435    i.ble_nus_on_ble_evt  ble_nus.o
    0x00028cca   0x00028cca   0x00000008   Code   RO         1230    i.ble_srv_is_notification_enabled  ble_srv_common.o
    0x00028cd2   0x00028cd2   0x00000002   PAD
    0x00028cd4   0x00028cd4   0x0000000c   Code   RO          417    i.bsp_board_button_idx_to_pin  boards.o
    0x00028ce0   0x00028ce0   0x00000028   Code   RO          418    i.bsp_board_button_state_get  boards.o
    0x00028d08   0x00028d08   0x00000054   Code   RO          419    i.bsp_board_init    boards.o
    0x00028d5c   0x00028d5c   0x0000002c   Code   RO          421    i.bsp_board_led_invert  boards.o
    0x00028d88   0x00028d88   0x00000010   Code   RO          422    i.bsp_board_led_off  boards.o
    0x00028d98   0x00028d98   0x00000010   Code   RO          423    i.bsp_board_led_on  boards.o
    0x00028da8   0x00028da8   0x00000028   Code   RO          424    i.bsp_board_led_state_get  boards.o
    0x00028dd0   0x00028dd0   0x00000012   Code   RO          425    i.bsp_board_leds_off  boards.o
    0x00028de2   0x00028de2   0x00000012   Code   RO          426    i.bsp_board_leds_on  boards.o
    0x00028df4   0x00028df4   0x00000024   Code   RO          427    i.bsp_board_pin_to_button_idx  boards.o
    0x00028e18   0x00028e18   0x00000038   Code   RO          654    i.bsp_btn_ble_init  bsp_btn_ble.o
    0x00028e50   0x00028e50   0x0000001e   Code   RO          655    i.bsp_btn_ble_sleep_mode_prepare  bsp_btn_ble.o
    0x00028e6e   0x00028e6e   0x00000002   PAD
    0x00028e70   0x00028e70   0x00000090   Code   RO          536    i.bsp_button_event_handler  bsp.o
    0x00028f00   0x00028f00   0x0000000c   Code   RO          537    i.bsp_button_is_pressed  bsp.o
    0x00028f0c   0x00028f0c   0x0000006c   Code   RO            6    i.bsp_event_handler  main.o
    0x00028f78   0x00028f78   0x00000044   Code   RO          540    i.bsp_event_to_button_action_assign  bsp.o
    0x00028fbc   0x00028fbc   0x00000018   Code   RO          541    i.bsp_indication_set  bsp.o
    0x00028fd4   0x00028fd4   0x00000094   Code   RO          542    i.bsp_init          bsp.o
    0x00029068   0x00029068   0x000001c8   Code   RO          543    i.bsp_led_indication  bsp.o
    0x00029230   0x00029230   0x00000006   Code   RO          545    i.bsp_wakeup_button_enable  bsp.o
    0x00029236   0x00029236   0x00000002   PAD
    0x00029238   0x00029238   0x00000094   Code   RO         4498    i.buf_prealloc      nrf_log_frontend.o
    0x000292cc   0x000292cc   0x0000001e   Code   RO         3943    i.buffer_add        nrf_fprintf_format.o
    0x000292ea   0x000292ea   0x00000002   PAD
    0x000292ec   0x000292ec   0x00000018   Code   RO         4499    i.buffer_is_empty   nrf_log_frontend.o
    0x00029304   0x00029304   0x00000028   Code   RO         2772    i.button_get        app_button.o
    0x0002932c   0x0002932c   0x00000008   Code   RO          546    i.button_timer_handler  bsp.o
    0x00029334   0x00029334   0x0000001c   Code   RO         2022    i.channel_free      nrfx_gpiote.o
    0x00029350   0x00029350   0x00000048   Code   RO         2023    i.channel_port_alloc  nrfx_gpiote.o
    0x00029398   0x00029398   0x00000010   Code   RO         2024    i.channel_port_get  nrfx_gpiote.o
    0x000293a8   0x000293a8   0x00000190   Code   RO         1232    i.characteristic_add  ble_srv_common.o
    0x00029538   0x00029538   0x00000028   Code   RO         1537    i.clock_clk_started_notify  nrf_drv_clock.o
    0x00029560   0x00029560   0x0000001c   Code   RO         1538    i.clock_irq_handler  nrf_drv_clock.o
    0x0002957c   0x0002957c   0x00000018   Code   RO         3103    i.compare_func      app_timer2.o
    0x00029594   0x00029594   0x0000003e   Code   RO         1052    i.conn_handle_list_get  ble_conn_state.o
    0x000295d2   0x000295d2   0x00000088   Code   RO          763    i.conn_int_encode   ble_advdata.o
    0x0002965a   0x0002965a   0x00000004   Code   RO            7    i.conn_params_error_handler  main.o
    0x0002965e   0x0002965e   0x00000002   PAD
    0x00029660   0x00029660   0x00000048   Code   RO          964    i.conn_params_negotiation  ble_conn_params.o
    0x000296a8   0x000296a8   0x000000c0   Code   RO         1290    i.data_length_update  nrf_ble_gatt.o
    0x00029768   0x00029768   0x00000048   Code   RO         2773    i.detection_delay_timeout_handler  app_button.o
    0x000297b0   0x000297b0   0x00000014   Code   RO         4500    i.dropped_sat16_get  nrf_log_frontend.o
    0x000297c4   0x000297c4   0x00000014   Code   RO         3382    i.drv_rtc_compare_disable  drv_rtc.o
    0x000297d8   0x000297d8   0x0000000e   Code   RO         3385    i.drv_rtc_compare_pending  drv_rtc.o
    0x000297e6   0x000297e6   0x00000050   Code   RO         3386    i.drv_rtc_compare_set  drv_rtc.o
    0x00029836   0x00029836   0x00000008   Code   RO         3387    i.drv_rtc_counter_get  drv_rtc.o
    0x0002983e   0x0002983e   0x00000002   PAD
    0x00029840   0x00029840   0x000000d8   Code   RO         3388    i.drv_rtc_init      drv_rtc.o
    0x00029918   0x00029918   0x0000001e   Code   RO         3389    i.drv_rtc_irq_trigger  drv_rtc.o
    0x00029936   0x00029936   0x00000008   Code   RO         3391    i.drv_rtc_overflow_enable  drv_rtc.o
    0x0002993e   0x0002993e   0x00000008   Code   RO         3392    i.drv_rtc_overflow_pending  drv_rtc.o
    0x00029946   0x00029946   0x00000008   Code   RO         3393    i.drv_rtc_start     drv_rtc.o
    0x0002994e   0x0002994e   0x00000008   Code   RO         3394    i.drv_rtc_stop      drv_rtc.o
    0x00029956   0x00029956   0x000000de   Code   RO         3399    i.drv_rtc_windowed_compare_set  drv_rtc.o
    0x00029a34   0x00029a34   0x00000012   Code   RO         3400    i.evt_enable        drv_rtc.o
    0x00029a46   0x00029a46   0x00000002   PAD
    0x00029a48   0x00029a48   0x000000e0   Code   RO         2774    i.evt_handle        app_button.o
    0x00029b28   0x00029b28   0x00000014   Code   RO         3401    i.evt_pending       drv_rtc.o
    0x00029b3c   0x00029b3c   0x00000014   Code   RO         2977    i.fifo_get          app_fifo.o
    0x00029b50   0x00029b50   0x00000012   Code   RO         2978    i.fifo_put          app_fifo.o
    0x00029b62   0x00029b62   0x0000000a   Code   RO         1053    i.flag_toggle       ble_conn_state.o
    0x00029b6c   0x00029b6c   0x00000028   Code   RO          872    i.flags_set         ble_advertising.o
    0x00029b94   0x00029b94   0x0000000e   Code   RO         4322    i.fputc             retarget.o
    0x00029ba2   0x00029ba2   0x00000002   PAD
    0x00029ba4   0x00029ba4   0x0000005c   Code   RO            8    i.gatt_evt_handler  main.o
    0x00029c00   0x00029c00   0x00000030   Code   RO            9    i.gatt_init         main.o
    0x00029c30   0x00029c30   0x00000034   Code   RO         3104    i.get_now           app_timer2.o
    0x00029c64   0x00029c64   0x0000003c   Code   RO         2775    i.gpiote_event_handler  app_button.o
    0x00029ca0   0x00029ca0   0x00000014   Code   RO          965    i.instance_get      ble_conn_params.o
    0x00029cb4   0x00029cb4   0x000000a6   Code   RO         3944    i.int_print         nrf_fprintf_format.o
    0x00029d5a   0x00029d5a   0x00000002   PAD
    0x00029d5c   0x00029d5c   0x00000088   Code   RO         2599    i.interrupts_enable  nrfx_uarte.o
    0x00029de4   0x00029de4   0x00000034   Code   RO         4501    i.invalid_packets_omit  nrf_log_frontend.o
    0x00029e18   0x00029e18   0x00000044   Code   RO          966    i.is_conn_params_ok  ble_conn_params.o
    0x00029e5c   0x00029e5c   0x00000060   Code   RO           10    i.led_write_handler  main.o
    0x00029ebc   0x00029ebc   0x00000030   Code   RO          547    i.leds_off          bsp.o
    0x00029eec   0x00029eec   0x00000014   Code   RO          548    i.leds_timer_handler  bsp.o
    0x00029f00   0x00029f00   0x00000018   Code   RO         1291    i.link_init         nrf_ble_gatt.o
    0x00029f18   0x00029f18   0x00000002   Code   RO         4502    i.log_pending_hook  nrf_log_frontend.o
    0x00029f1a   0x00029f1a   0x00000002   PAD
    0x00029f1c   0x00029f1c   0x000000a4   Code   RO         4503    i.log_skip          nrf_log_frontend.o
    0x00029fc0   0x00029fc0   0x00000220   Code   RO           11    i.main              main.o
    0x0002a1e0   0x0002a1e0   0x00000064   Code   RO          764    i.manuf_specific_data_encode  ble_advdata.o
    0x0002a244   0x0002a244   0x0000007e   Code   RO         3983    i.memobj_op         nrf_memobj.o
    0x0002a2c2   0x0002a2c2   0x00000002   PAD
    0x0002a2c4   0x0002a2c4   0x00000030   Code   RO         4504    i.module_idx_get    nrf_log_frontend.o
    0x0002a2f4   0x0002a2f4   0x000000a6   Code   RO          765    i.name_encode       ble_advdata.o
    0x0002a39a   0x0002a39a   0x00000026   Code   RO         3599    i.nrf_atfifo_init   nrf_atfifo.o
    0x0002a3c0   0x0002a3c0   0x00000016   Code   RO         3600    i.nrf_atfifo_item_alloc  nrf_atfifo.o
    0x0002a3d6   0x0002a3d6   0x00000016   Code   RO         3601    i.nrf_atfifo_item_free  nrf_atfifo.o
    0x0002a3ec   0x0002a3ec   0x00000016   Code   RO         3602    i.nrf_atfifo_item_get  nrf_atfifo.o
    0x0002a402   0x0002a402   0x00000016   Code   RO         3603    i.nrf_atfifo_item_put  nrf_atfifo.o
    0x0002a418   0x0002a418   0x00000016   Code   RO         3665    i.nrf_atflags_clear  nrf_atflags.o
    0x0002a42e   0x0002a42e   0x00000016   Code   RO         3670    i.nrf_atflags_get   nrf_atflags.o
    0x0002a444   0x0002a444   0x00000014   Code   RO         3672    i.nrf_atflags_set   nrf_atflags.o
    0x0002a458   0x0002a458   0x00000006   Code   RO         3733    i.nrf_atomic_flag_clear_fetch  nrf_atomic.o
    0x0002a45e   0x0002a45e   0x00000006   Code   RO         3734    i.nrf_atomic_flag_set  nrf_atomic.o
    0x0002a464   0x0002a464   0x0000000c   Code   RO         3736    i.nrf_atomic_u32_add  nrf_atomic.o
    0x0002a470   0x0002a470   0x0000000c   Code   RO         3737    i.nrf_atomic_u32_and  nrf_atomic.o
    0x0002a47c   0x0002a47c   0x0000000a   Code   RO         3740    i.nrf_atomic_u32_fetch_and  nrf_atomic.o
    0x0002a486   0x0002a486   0x0000000a   Code   RO         3742    i.nrf_atomic_u32_fetch_store  nrf_atomic.o
    0x0002a490   0x0002a490   0x0000000c   Code   RO         3746    i.nrf_atomic_u32_or  nrf_atomic.o
    0x0002a49c   0x0002a49c   0x0000000c   Code   RO         3748    i.nrf_atomic_u32_sub  nrf_atomic.o
    0x0002a4a8   0x0002a4a8   0x00000044   Code   RO         3867    i.nrf_balloc_alloc  nrf_balloc.o
    0x0002a4ec   0x0002a4ec   0x00000030   Code   RO         3868    i.nrf_balloc_free   nrf_balloc.o
    0x0002a51c   0x0002a51c   0x00000030   Code   RO         3869    i.nrf_balloc_init   nrf_balloc.o
    0x0002a54c   0x0002a54c   0x00000010   Code   RO         2025    i.nrf_bitmask_bit_is_set  nrfx_gpiote.o
    0x0002a55c   0x0002a55c   0x00000018   Code   RO         1293    i.nrf_ble_gatt_att_mtu_periph_set  nrf_ble_gatt.o
    0x0002a574   0x0002a574   0x00000022   Code   RO         1297    i.nrf_ble_gatt_init  nrf_ble_gatt.o
    0x0002a596   0x0002a596   0x00000002   PAD
    0x0002a598   0x0002a598   0x00000150   Code   RO         1298    i.nrf_ble_gatt_on_ble_evt  nrf_ble_gatt.o
    0x0002a6e8   0x0002a6e8   0x00000016   Code   RO         1392    i.nrf_ble_qwr_conn_handle_assign  nrf_ble_qwr.o
    0x0002a6fe   0x0002a6fe   0x00000024   Code   RO         1393    i.nrf_ble_qwr_init  nrf_ble_qwr.o
    0x0002a722   0x0002a722   0x000000b6   Code   RO         1394    i.nrf_ble_qwr_on_ble_evt  nrf_ble_qwr.o
    0x0002a7d8   0x0002a7d8   0x0000000e   Code   RO         1883    i.nrf_clock_event_check  nrfx_clock.o
    0x0002a7e6   0x0002a7e6   0x00000010   Code   RO         1884    i.nrf_clock_event_clear  nrfx_clock.o
    0x0002a7f6   0x0002a7f6   0x00000002   PAD
    0x0002a7f8   0x0002a7f8   0x00000040   Code   RO         1545    i.nrf_drv_clock_init  nrf_drv_clock.o
    0x0002a838   0x0002a838   0x00000034   Code   RO         1549    i.nrf_drv_clock_lfclk_release  nrf_drv_clock.o
    0x0002a86c   0x0002a86c   0x00000068   Code   RO         1691    i.nrf_drv_uart_init  nrf_drv_uart.o
    0x0002a8d4   0x0002a8d4   0x00000020   Code   RO         3241    i.nrf_drv_uart_rx   app_uart_fifo.o
    0x0002a8f4   0x0002a8f4   0x00000020   Code   RO         3242    i.nrf_drv_uart_tx   app_uart_fifo.o
    0x0002a914   0x0002a914   0x0000001a   Code   RO         3904    i.nrf_fprintf       nrf_fprintf.o
    0x0002a92e   0x0002a92e   0x00000018   Code   RO         3905    i.nrf_fprintf_buffer_flush  nrf_fprintf.o
    0x0002a946   0x0002a946   0x000001da   Code   RO         3945    i.nrf_fprintf_fmt   nrf_fprintf_format.o
    0x0002ab20   0x0002ab20   0x00000032   Code   RO          429    i.nrf_gpio_cfg      boards.o
    0x0002ab52   0x0002ab52   0x00000032   Code   RO         2026    i.nrf_gpio_cfg      nrfx_gpiote.o
    0x0002ab84   0x0002ab84   0x00000032   Code   RO         2401    i.nrf_gpio_cfg      nrfx_uart.o
    0x0002abb6   0x0002abb6   0x00000032   Code   RO         2600    i.nrf_gpio_cfg      nrfx_uarte.o
    0x0002abe8   0x0002abe8   0x00000012   Code   RO         2403    i.nrf_gpio_cfg_input  nrfx_uart.o
    0x0002abfa   0x0002abfa   0x00000012   Code   RO         2602    i.nrf_gpio_cfg_input  nrfx_uarte.o
    0x0002ac0c   0x0002ac0c   0x00000014   Code   RO         2404    i.nrf_gpio_cfg_output  nrfx_uart.o
    0x0002ac20   0x0002ac20   0x00000014   Code   RO         2603    i.nrf_gpio_cfg_output  nrfx_uarte.o
    0x0002ac34   0x0002ac34   0x00000030   Code   RO         2028    i.nrf_gpio_cfg_sense_set  nrfx_gpiote.o
    0x0002ac64   0x0002ac64   0x00000030   Code   RO         2029    i.nrf_gpio_latches_read_and_clear  nrfx_gpiote.o
    0x0002ac94   0x0002ac94   0x0000001c   Code   RO          430    i.nrf_gpio_pin_port_decode  boards.o
    0x0002acb0   0x0002acb0   0x0000001c   Code   RO         2031    i.nrf_gpio_pin_port_decode  nrfx_gpiote.o
    0x0002accc   0x0002accc   0x0000001c   Code   RO         2405    i.nrf_gpio_pin_port_decode  nrfx_uart.o
    0x0002ace8   0x0002ace8   0x0000001c   Code   RO         2604    i.nrf_gpio_pin_port_decode  nrfx_uarte.o
    0x0002ad04   0x0002ad04   0x0000002c   Code   RO         2032    i.nrf_gpio_pin_present_check  nrfx_gpiote.o
    0x0002ad30   0x0002ad30   0x00000016   Code   RO         2033    i.nrf_gpio_pin_read  nrfx_gpiote.o
    0x0002ad46   0x0002ad46   0x00000014   Code   RO         2406    i.nrf_gpio_pin_set  nrfx_uart.o
    0x0002ad5a   0x0002ad5a   0x00000014   Code   RO         2605    i.nrf_gpio_pin_set  nrfx_uarte.o
    0x0002ad6e   0x0002ad6e   0x00000026   Code   RO          431    i.nrf_gpio_pin_write  boards.o
    0x0002ad94   0x0002ad94   0x00000014   Code   RO         2035    i.nrf_gpiote_event_clear  nrfx_gpiote.o
    0x0002ada8   0x0002ada8   0x00000010   Code   RO         2036    i.nrf_gpiote_event_is_set  nrfx_gpiote.o
    0x0002adb8   0x0002adb8   0x0000005c   Code   RO         4505    i.nrf_log_backend_add  nrf_log_frontend.o
    0x0002ae14   0x0002ae14   0x00000002   Code   RO         4359    i.nrf_log_backend_rtt_flush  nrf_log_backend_rtt.o
    0x0002ae16   0x0002ae16   0x00000004   Code   RO         4360    i.nrf_log_backend_rtt_init  nrf_log_backend_rtt.o
    0x0002ae1a   0x0002ae1a   0x00000002   Code   RO         4361    i.nrf_log_backend_rtt_panic_set  nrf_log_backend_rtt.o
    0x0002ae1c   0x0002ae1c   0x00000018   Code   RO         4362    i.nrf_log_backend_rtt_put  nrf_log_backend_rtt.o
    0x0002ae34   0x0002ae34   0x000000c8   Code   RO         4428    i.nrf_log_backend_serial_put  nrf_log_backend_serial.o
    0x0002aefc   0x0002aefc   0x00000030   Code   RO         4507    i.nrf_log_color_id_get  nrf_log_frontend.o
    0x0002af2c   0x0002af2c   0x0000001c   Code   RO         4462    i.nrf_log_default_backends_init  nrf_log_default_backends.o
    0x0002af48   0x0002af48   0x00000238   Code   RO         4508    i.nrf_log_frontend_dequeue  nrf_log_frontend.o
    0x0002b180   0x0002b180   0x00000008   Code   RO         4510    i.nrf_log_frontend_std_0  nrf_log_frontend.o
    0x0002b188   0x0002b188   0x0000000e   Code   RO         4511    i.nrf_log_frontend_std_1  nrf_log_frontend.o
    0x0002b196   0x0002b196   0x00000010   Code   RO         4512    i.nrf_log_frontend_std_2  nrf_log_frontend.o
    0x0002b1a6   0x0002b1a6   0x00000002   PAD
    0x0002b1a8   0x0002b1a8   0x000000b0   Code   RO         4691    i.nrf_log_hexdump_entry_process  nrf_log_str_formatter.o
    0x0002b258   0x0002b258   0x00000028   Code   RO         4517    i.nrf_log_init      nrf_log_frontend.o
    0x0002b280   0x0002b280   0x00000014   Code   RO         4518    i.nrf_log_module_cnt_get  nrf_log_frontend.o
    0x0002b294   0x0002b294   0x0000001c   Code   RO         4521    i.nrf_log_module_name_get  nrf_log_frontend.o
    0x0002b2b0   0x0002b2b0   0x00000028   Code   RO         4522    i.nrf_log_panic     nrf_log_frontend.o
    0x0002b2d8   0x0002b2d8   0x000000b6   Code   RO         4692    i.nrf_log_std_entry_process  nrf_log_str_formatter.o
    0x0002b38e   0x0002b38e   0x00000060   Code   RO         3984    i.nrf_memobj_alloc  nrf_memobj.o
    0x0002b3ee   0x0002b3ee   0x00000032   Code   RO         3985    i.nrf_memobj_free   nrf_memobj.o
    0x0002b420   0x0002b420   0x00000008   Code   RO         3986    i.nrf_memobj_get    nrf_memobj.o
    0x0002b428   0x0002b428   0x00000004   Code   RO         3987    i.nrf_memobj_pool_init  nrf_memobj.o
    0x0002b42c   0x0002b42c   0x0000001e   Code   RO         3988    i.nrf_memobj_put    nrf_memobj.o
    0x0002b44a   0x0002b44a   0x00000010   Code   RO         3989    i.nrf_memobj_read   nrf_memobj.o
    0x0002b45a   0x0002b45a   0x00000010   Code   RO         3990    i.nrf_memobj_write  nrf_memobj.o
    0x0002b46a   0x0002b46a   0x00000002   PAD
    0x0002b46c   0x0002b46c   0x00000028   Code   RO         4062    i.nrf_pwr_mgmt_init  nrf_pwr_mgmt.o
    0x0002b494   0x0002b494   0x00000044   Code   RO         4063    i.nrf_pwr_mgmt_run  nrf_pwr_mgmt.o
    0x0002b4d8   0x0002b4d8   0x00000004   Code   RO           12    i.nrf_qwr_error_handler  main.o
    0x0002b4dc   0x0002b4dc   0x0000001c   Code   RO         4139    i.nrf_ringbuf_init  nrf_ringbuf.o
    0x0002b4f8   0x0002b4f8   0x0000000c   Code   RO         3402    i.nrf_rtc_event_clear  drv_rtc.o
    0x0002b504   0x0002b504   0x00000014   Code   RO         5122    i.nrf_sdh_ble_app_ram_start_get  nrf_sdh_ble.o
    0x0002b518   0x0002b518   0x00000134   Code   RO         5123    i.nrf_sdh_ble_default_cfg_set  nrf_sdh_ble.o
    0x0002b64c   0x0002b64c   0x00000130   Code   RO         5124    i.nrf_sdh_ble_enable  nrf_sdh_ble.o
    0x0002b77c   0x0002b77c   0x00000060   Code   RO         5125    i.nrf_sdh_ble_evts_poll  nrf_sdh_ble.o
    0x0002b7dc   0x0002b7dc   0x00000074   Code   RO         5004    i.nrf_sdh_enable_request  nrf_sdh.o
    0x0002b850   0x0002b850   0x00000024   Code   RO         5005    i.nrf_sdh_evts_poll  nrf_sdh.o
    0x0002b874   0x0002b874   0x0000000c   Code   RO         5006    i.nrf_sdh_is_enabled  nrf_sdh.o
    0x0002b880   0x0002b880   0x0000003c   Code   RO         5176    i.nrf_sdh_soc_evts_poll  nrf_sdh_soc.o
    0x0002b8bc   0x0002b8bc   0x0000000a   Code   RO         4197    i.nrf_section_iter_init  nrf_section_iter.o
    0x0002b8c6   0x0002b8c6   0x00000024   Code   RO         4198    i.nrf_section_iter_item_set  nrf_section_iter.o
    0x0002b8ea   0x0002b8ea   0x00000020   Code   RO         4199    i.nrf_section_iter_next  nrf_section_iter.o
    0x0002b90a   0x0002b90a   0x00000022   Code   RO         4232    i.nrf_sortlist_add  nrf_sortlist.o
    0x0002b92c   0x0002b92c   0x00000006   Code   RO         4234    i.nrf_sortlist_peek  nrf_sortlist.o
    0x0002b932   0x0002b932   0x0000000e   Code   RO         4235    i.nrf_sortlist_pop  nrf_sortlist.o
    0x0002b940   0x0002b940   0x0000001e   Code   RO         4236    i.nrf_sortlist_remove  nrf_sortlist.o
    0x0002b95e   0x0002b95e   0x00000002   PAD
    0x0002b960   0x0002b960   0x00000038   Code   RO         4288    i.nrf_strerror_find  nrf_strerror.o
    0x0002b998   0x0002b998   0x00000014   Code   RO         4289    i.nrf_strerror_get  nrf_strerror.o
    0x0002b9ac   0x0002b9ac   0x0000000a   Code   RO         2407    i.nrf_uart_event_check  nrfx_uart.o
    0x0002b9b6   0x0002b9b6   0x0000000c   Code   RO         2408    i.nrf_uart_event_clear  nrfx_uart.o
    0x0002b9c2   0x0002b9c2   0x0000000c   Code   RO         2409    i.nrf_uart_int_enable_check  nrfx_uart.o
    0x0002b9ce   0x0002b9ce   0x0000000a   Code   RO         2606    i.nrf_uarte_event_check  nrfx_uarte.o
    0x0002b9d8   0x0002b9d8   0x0000000c   Code   RO         2607    i.nrf_uarte_event_clear  nrfx_uarte.o
    0x0002b9e4   0x0002b9e4   0x00000010   Code   RO         1552    i.nrf_wdt_started   nrf_drv_clock.o
    0x0002b9f4   0x0002b9f4   0x0000002c   Code   RO         1889    i.nrfx_clock_enable  nrfx_clock.o
    0x0002ba20   0x0002ba20   0x00000020   Code   RO         1892    i.nrfx_clock_init   nrfx_clock.o
    0x0002ba40   0x0002ba40   0x00000030   Code   RO         1895    i.nrfx_clock_lfclk_stop  nrfx_clock.o
    0x0002ba70   0x0002ba70   0x00000010   Code   RO         3403    i.nrfx_coredep_delay_us  drv_rtc.o
    0x0002ba80   0x0002ba80   0x00000098   Code   RO         2042    i.nrfx_gpiote_in_event_enable  nrfx_gpiote.o
    0x0002bb18   0x0002bb18   0x000000d0   Code   RO         2044    i.nrfx_gpiote_in_init  nrfx_gpiote.o
    0x0002bbe8   0x0002bbe8   0x0000000e   Code   RO         2045    i.nrfx_gpiote_in_is_set  nrfx_gpiote.o
    0x0002bbf6   0x0002bbf6   0x00000002   PAD
    0x0002bbf8   0x0002bbf8   0x00000078   Code   RO         2047    i.nrfx_gpiote_init  nrfx_gpiote.o
    0x0002bc70   0x0002bc70   0x00000014   Code   RO         2048    i.nrfx_gpiote_is_init  nrfx_gpiote.o
    0x0002bc84   0x0002bc84   0x00000010   Code   RO         2608    i.nrfx_is_in_ram    nrfx_uarte.o
    0x0002bc94   0x0002bc94   0x0000003a   Code   RO         2347    i.nrfx_prs_acquire  nrfx_prs.o
    0x0002bcce   0x0002bcce   0x00000002   PAD
    0x0002bcd0   0x0002bcd0   0x00000010   Code   RO         2410    i.nrfx_uart_0_irq_handler  nrfx_uart.o
    0x0002bce0   0x0002bce0   0x000000d4   Code   RO         2412    i.nrfx_uart_init    nrfx_uart.o
    0x0002bdb4   0x0002bdb4   0x000000ec   Code   RO         2413    i.nrfx_uart_rx      nrfx_uart.o
    0x0002bea0   0x0002bea0   0x000000a8   Code   RO         2418    i.nrfx_uart_tx      nrfx_uart.o
    0x0002bf48   0x0002bf48   0x00000020   Code   RO         2420    i.nrfx_uart_tx_in_progress  nrfx_uart.o
    0x0002bf68   0x0002bf68   0x00000010   Code   RO         2609    i.nrfx_uarte_0_irq_handler  nrfx_uarte.o
    0x0002bf78   0x0002bf78   0x0000006c   Code   RO         2611    i.nrfx_uarte_init   nrfx_uarte.o
    0x0002bfe4   0x0002bfe4   0x00000104   Code   RO         2612    i.nrfx_uarte_rx     nrfx_uarte.o
    0x0002c0e8   0x0002c0e8   0x000000ac   Code   RO         2615    i.nrfx_uarte_tx     nrfx_uarte.o
    0x0002c194   0x0002c194   0x0000001c   Code   RO         2617    i.nrfx_uarte_tx_in_progress  nrfx_uarte.o
    0x0002c1b0   0x0002c1b0   0x00000098   Code   RO           13    i.nus_data_handler  main.o
    0x0002c248   0x0002c248   0x00000018   Code   RO         5220    i.nvmc_config       system_nrf52.o
    0x0002c260   0x0002c260   0x00000024   Code   RO           14    i.on_adv_evt        main.o
    0x0002c284   0x0002c284   0x0000001c   Code   RO           15    i.on_conn_params_evt  main.o
    0x0002c2a0   0x0002c2a0   0x0000006a   Code   RO         1436    i.on_connect        ble_nus.o
    0x0002c30a   0x0002c30a   0x00000002   PAD
    0x0002c30c   0x0002c30c   0x000000a8   Code   RO         1299    i.on_connected_evt  nrf_ble_gatt.o
    0x0002c3b4   0x0002c3b4   0x000000ac   Code   RO         1300    i.on_exchange_mtu_request_evt  nrf_ble_gatt.o
    0x0002c460   0x0002c460   0x00000084   Code   RO         1437    i.on_write          ble_nus.o
    0x0002c4e4   0x0002c4e4   0x00000016   Code   RO          873    i.phy_is_valid      ble_advertising.o
    0x0002c4fa   0x0002c4fa   0x00000002   PAD
    0x0002c4fc   0x0002c4fc   0x0000001c   Code   RO         2066    i.pin_configured_set  nrfx_gpiote.o
    0x0002c518   0x0002c518   0x00000018   Code   RO         2067    i.pin_in_use_by_port  nrfx_gpiote.o
    0x0002c530   0x0002c530   0x00000018   Code   RO         2068    i.pin_in_use_by_te  nrfx_gpiote.o
    0x0002c548   0x0002c548   0x000000d0   Code   RO         2069    i.port_event_handle  nrfx_gpiote.o
    0x0002c618   0x0002c618   0x00000010   Code   RO         2070    i.port_handler_polarity_get  nrfx_gpiote.o
    0x0002c628   0x0002c628   0x0000003c   Code   RO         4694    i.postfix_process   nrf_log_str_formatter.o
    0x0002c664   0x0002c664   0x00000098   Code   RO         4695    i.prefix_process    nrf_log_str_formatter.o
    0x0002c6fc   0x0002c6fc   0x00000018   Code   RO         2349    i.prs_box_get       nrfx_prs.o
    0x0002c714   0x0002c714   0x0000005c   Code   RO         3105    i.rtc_irq           app_timer2.o
    0x0002c770   0x0002c770   0x0000006c   Code   RO         3106    i.rtc_schedule      app_timer2.o
    0x0002c7dc   0x0002c7dc   0x0000008c   Code   RO         3107    i.rtc_update        app_timer2.o
    0x0002c868   0x0002c868   0x00000032   Code   RO         2422    i.rx_byte           nrfx_uart.o
    0x0002c89a   0x0002c89a   0x00000016   Code   RO         2423    i.rx_done_event     nrfx_uart.o
    0x0002c8b0   0x0002c8b0   0x00000016   Code   RO         2619    i.rx_done_event     nrfx_uarte.o
    0x0002c8c6   0x0002c8c6   0x00000020   Code   RO         2424    i.rx_enable         nrfx_uart.o
    0x0002c8e6   0x0002c8e6   0x00000002   PAD
    0x0002c8e8   0x0002c8e8   0x00000058   Code   RO         1553    i.sd_state_evt_handler  nrf_drv_clock.o
    0x0002c940   0x0002c940   0x00000030   Code   RO         5011    i.sdh_request_observer_notify  nrf_sdh.o
    0x0002c970   0x0002c970   0x0000002c   Code   RO         5012    i.sdh_state_observer_notify  nrf_sdh.o
    0x0002c99c   0x0002c99c   0x00000010   Code   RO          967    i.send_error_evt    ble_conn_params.o
    0x0002c9ac   0x0002c9ac   0x00000050   Code   RO         4363    i.serial_tx         nrf_log_backend_rtt.o
    0x0002c9fc   0x0002c9fc   0x00000088   Code   RO          766    i.service_data_encode  ble_advdata.o
    0x0002ca84   0x0002ca84   0x00000058   Code   RO           16    i.services_init     main.o
    0x0002cadc   0x0002cadc   0x00000030   Code   RO         1234    i.set_security_req  ble_srv_common.o
    0x0002cb0c   0x0002cb0c   0x00000028   Code   RO           17    i.sleep_mode_enter  main.o
    0x0002cb34   0x0002cb34   0x00000018   Code   RO         1554    i.soc_evt_handler   nrf_drv_clock.o
    0x0002cb4c   0x0002cb4c   0x00000058   Code   RO         5014    i.softdevices_evt_irq_enable  nrf_sdh.o
    0x0002cba4   0x0002cba4   0x0000000c   Code   RO         3108    i.sortlist_pop      app_timer2.o
    0x0002cbb0   0x0002cbb0   0x00000030   Code   RO         2776    i.state_set         app_button.o
    0x0002cbe0   0x0002cbe0   0x00000098   Code   RO         4524    i.std_n             nrf_log_frontend.o
    0x0002cc78   0x0002cc78   0x00000098   Code   RO         3109    i.timer_expire      app_timer2.o
    0x0002cd10   0x0002cd10   0x00000080   Code   RO         3110    i.timer_req_process  app_timer2.o
    0x0002cd90   0x0002cd90   0x00000038   Code   RO         3111    i.timer_req_schedule  app_timer2.o
    0x0002cdc8   0x0002cdc8   0x00000018   Code   RO         2777    i.timer_start       app_button.o
    0x0002cde0   0x0002cde0   0x00000020   Code   RO         2425    i.tx_byte           nrfx_uart.o
    0x0002ce00   0x0002ce00   0x0000001a   Code   RO         2426    i.tx_done_event     nrfx_uart.o
    0x0002ce1a   0x0002ce1a   0x0000001a   Code   RO         2620    i.tx_done_event     nrfx_uarte.o
    0x0002ce34   0x0002ce34   0x00000078   Code   RO           18    i.uart_event_handle  main.o
    0x0002ceac   0x0002ceac   0x000000a4   Code   RO         3243    i.uart_event_handler  app_uart_fifo.o
    0x0002cf50   0x0002cf50   0x00000030   Code   RO         1692    i.uart_evt_handler  nrf_drv_uart.o
    0x0002cf80   0x0002cf80   0x0000012a   Code   RO         2427    i.uart_irq_handler  nrfx_uart.o
    0x0002d0aa   0x0002d0aa   0x00000002   PAD
    0x0002d0ac   0x0002d0ac   0x00000030   Code   RO         1693    i.uarte_evt_handler  nrf_drv_uart.o
    0x0002d0dc   0x0002d0dc   0x00000112   Code   RO         2621    i.uarte_irq_handler  nrfx_uarte.o
    0x0002d1ee   0x0002d1ee   0x0000000a   Code   RO          767    i.uint16_encode     ble_advdata.o
    0x0002d1f8   0x0002d1f8   0x000000b4   Code   RO         3946    i.unsigned_print    nrf_fprintf_format.o
    0x0002d2ac   0x0002d2ac   0x00000068   Code   RO          968    i.update_timeout_handler  ble_conn_params.o
    0x0002d314   0x0002d314   0x00000018   Code   RO          874    i.use_whitelist     ble_advertising.o
    0x0002d32c   0x0002d32c   0x00000024   Code   RO         1395    i.user_mem_reply    nrf_ble_qwr.o
    0x0002d350   0x0002d350   0x00000020   Code   RO         2778    i.usr_event         app_button.o
    0x0002d370   0x0002d370   0x00000030   Code   RO          768    i.uuid_list_encode  ble_advdata.o
    0x0002d3a0   0x0002d3a0   0x0000009e   Code   RO          769    i.uuid_list_sized_encode  ble_advdata.o
    0x0002d43e   0x0002d43e   0x00000002   PAD
    0x0002d440   0x0002d440   0x0000004c   Code   RO          549    i.wakeup_button_cfg  bsp.o
    0x0002d48c   0x0002d48c   0x00000018   Data   RO           20    .constdata          main.o
    0x0002d4a4   0x0002d4a4   0x00000008   Data   RO          432    .constdata          boards.o
    0x0002d4ac   0x0002d4ac   0x0000002c   Data   RO          551    .constdata          bsp.o
    0x0002d4d8   0x0002d4d8   0x00000016   Data   RO         1301    .constdata          nrf_ble_gatt.o
    0x0002d4ee   0x0002d4ee   0x00000002   PAD
    0x0002d4f0   0x0002d4f0   0x00000010   Data   RO         1438    .constdata          ble_nus.o
    0x0002d500   0x0002d500   0x00000010   Data   RO         1495    .constdata          ble_lbs.o
    0x0002d510   0x0002d510   0x00000008   Data   RO         2072    .constdata          nrfx_gpiote.o
    0x0002d518   0x0002d518   0x00000004   Data   RO         2430    .constdata          nrfx_uart.o
    0x0002d51c   0x0002d51c   0x00000004   Data   RO         2624    .constdata          nrfx_uarte.o
    0x0002d520   0x0002d520   0x00000008   Data   RO         2780    .constdata          app_button.o
    0x0002d528   0x0002d528   0x00000014   Data   RO         3114    .constdata          app_timer2.o
    0x0002d53c   0x0002d53c   0x00000020   Data   RO         3245    .constdata          app_uart_fifo.o
    0x0002d55c   0x0002d55c   0x00000004   PAD
    0x0002d560   0x0002d560   0x00000006   Data   RO         3404    .constdata          drv_rtc.o
    0x0002d566   0x0002d566   0x00000010   Data   RO         3947    .constdata          nrf_fprintf_format.o
    0x0002d576   0x0002d576   0x00000002   PAD
    0x0002d578   0x0002d578   0x00000018   Data   RO         4067    .constdata          nrf_pwr_mgmt.o
    0x0002d590   0x0002d590   0x0000000c   Data   RO         4068    .constdata          nrf_pwr_mgmt.o
    0x0002d59c   0x0002d59c   0x0000013c   Data   RO         4290    .constdata          nrf_strerror.o
    0x0002d6d8   0x0002d6d8   0x0000000c   Data   RO         4365    .constdata          nrf_log_backend_rtt.o
    0x0002d6e4   0x0002d6e4   0x0000000c   PAD
    0x0002d6f0   0x0002d6f0   0x00000006   Data   RO         4366    .constdata          nrf_log_backend_rtt.o
    0x0002d6f6   0x0002d6f6   0x00000002   PAD
    0x0002d6f8   0x0002d6f8   0x0000000c   Data   RO         4529    .constdata          nrf_log_frontend.o
    0x0002d704   0x0002d704   0x00000010   Data   RO         5015    .constdata          nrf_sdh.o
    0x0002d714   0x0002d714   0x00000028   Data   RO         5016    .constdata          nrf_sdh.o
    0x0002d73c   0x0002d73c   0x00000010   Data   RO         5017    .constdata          nrf_sdh.o
    0x0002d74c   0x0002d74c   0x00000010   Data   RO         5018    .constdata          nrf_sdh.o
    0x0002d75c   0x0002d75c   0x00000020   Data   RO         5126    .constdata          nrf_sdh_ble.o
    0x0002d77c   0x0002d77c   0x00000010   Data   RO         5127    .constdata          nrf_sdh_ble.o
    0x0002d78c   0x0002d78c   0x00000010   Data   RO         5177    .constdata          nrf_sdh_soc.o
    0x0002d79c   0x0002d79c   0x0000000c   Data   RO         5178    .constdata          nrf_sdh_soc.o
    0x0002d7a8   0x0002d7a8   0x00000081   Data   RO         5291    .constdata          mc_w.l(ctype_o.o)
    0x0002d829   0x0002d829   0x00000003   PAD
    0x0002d82c   0x0002d82c   0x00000004   Data   RO         5292    .constdata          mc_w.l(ctype_o.o)
    0x0002d830   0x0002d830   0x000000a2   Data   RO         1302    .conststring        nrf_ble_gatt.o
    0x0002d8d2   0x0002d8d2   0x00000002   PAD
    0x0002d8d4   0x0002d8d4   0x000003eb   Data   RO         4291    .conststring        nrf_strerror.o
    0x0002dcbf   0x0002dcbf   0x00000001   PAD
    0x0002dcc0   0x0002dcc0   0x00000066   Data   RO         4696    .conststring        nrf_log_str_formatter.o
    0x0002dd26   0x0002dd26   0x00000002   PAD
    0x0002dd28   0x0002dd28   0x000001cf   Data   RO         5128    .conststring        nrf_sdh_ble.o
    0x0002def7   0x0002def7   0x00000001   PAD
    0x0002def8   0x0002def8   0x0000000d   Data   RO         1303    .conststrlit        nrf_ble_gatt.o
    0x0002df05   0x0002df05   0x00000003   PAD
    0x0002df08   0x0002df08   0x00000008   Data   RO         1439    .conststrlit        ble_nus.o
    0x0002df10   0x0002df10   0x00000006   Data   RO         1560    .conststrlit        nrf_drv_clock.o
    0x0002df16   0x0002df16   0x00000002   PAD
    0x0002df18   0x0002df18   0x00000006   Data   RO         1899    .conststrlit        nrfx_clock.o
    0x0002df1e   0x0002df1e   0x00000002   PAD
    0x0002df20   0x0002df20   0x00000007   Data   RO         2076    .conststrlit        nrfx_gpiote.o
    0x0002df27   0x0002df27   0x00000001   PAD
    0x0002df28   0x0002df28   0x00000004   Data   RO         2351    .conststrlit        nrfx_prs.o
    0x0002df2c   0x0002df2c   0x00000005   Data   RO         2433    .conststrlit        nrfx_uart.o
    0x0002df31   0x0002df31   0x00000003   PAD
    0x0002df34   0x0002df34   0x00000006   Data   RO         2627    .conststrlit        nrfx_uarte.o
    0x0002df3a   0x0002df3a   0x00000002   PAD
    0x0002df3c   0x0002df3c   0x0000000b   Data   RO         2781    .conststrlit        app_button.o
    0x0002df47   0x0002df47   0x00000001   PAD
    0x0002df48   0x0002df48   0x0000000a   Data   RO         3115    .conststrlit        app_timer2.o
    0x0002df52   0x0002df52   0x00000002   PAD
    0x0002df54   0x0002df54   0x00000009   Data   RO         4069    .conststrlit        nrf_pwr_mgmt.o
    0x0002df5d   0x0002df5d   0x00000003   PAD
    0x0002df60   0x0002df60   0x00000009   Data   RO         4237    .conststrlit        nrf_sortlist.o
    0x0002df69   0x0002df69   0x00000003   PAD
    0x0002df6c   0x0002df6c   0x00000010   Data   RO         4463    .conststrlit        nrf_log_default_backends.o
    0x0002df7c   0x0002df7c   0x00000004   Data   RO         4530    .conststrlit        nrf_log_frontend.o
    0x0002df80   0x0002df80   0x00000008   Data   RO         5019    .conststrlit        nrf_sdh.o
    0x0002df88   0x0002df88   0x0000000c   Data   RO         5129    .conststrlit        nrf_sdh_ble.o
    0x0002df94   0x0002df94   0x0000000c   Data   RO         5179    .conststrlit        nrf_sdh_soc.o
    0x0002dfa0   0x0002dfa0   0x00000020   Data   RO         5625    Region$$Table       anon$$obj.o
    0x0002dfc0   0x0002dfc0   0x00000010   Data   RO         4465    log_backends        nrf_log_default_backends.o
    0x0002dfd0   0x0002dfd0   0x00000008   Data   RO         1304    log_const_data      nrf_ble_gatt.o
    0x0002dfd8   0x0002dfd8   0x00000008   Data   RO         1440    log_const_data      ble_nus.o
    0x0002dfe0   0x0002dfe0   0x00000008   Data   RO         1561    log_const_data      nrf_drv_clock.o
    0x0002dfe8   0x0002dfe8   0x00000008   Data   RO         1901    log_const_data      nrfx_clock.o
    0x0002dff0   0x0002dff0   0x00000008   Data   RO         2077    log_const_data      nrfx_gpiote.o
    0x0002dff8   0x0002dff8   0x00000008   Data   RO         2353    log_const_data      nrfx_prs.o
    0x0002e000   0x0002e000   0x00000008   Data   RO         2434    log_const_data      nrfx_uart.o
    0x0002e008   0x0002e008   0x00000008   Data   RO         2628    log_const_data      nrfx_uarte.o
    0x0002e010   0x0002e010   0x00000008   Data   RO         2784    log_const_data      app_button.o
    0x0002e018   0x0002e018   0x00000008   Data   RO         3118    log_const_data      app_timer2.o
    0x0002e020   0x0002e020   0x00000008   Data   RO         4071    log_const_data      nrf_pwr_mgmt.o
    0x0002e028   0x0002e028   0x00000008   Data   RO         4238    log_const_data      nrf_sortlist.o
    0x0002e030   0x0002e030   0x00000008   Data   RO         4534    log_const_data      nrf_log_frontend.o
    0x0002e038   0x0002e038   0x00000008   Data   RO         5021    log_const_data      nrf_sdh.o
    0x0002e040   0x0002e040   0x00000008   Data   RO         5131    log_const_data      nrf_sdh_ble.o
    0x0002e048   0x0002e048   0x00000008   Data   RO         5180    log_const_data      nrf_sdh_soc.o
    0x0002e050   0x0002e050   0x00000014   Data   RO         4535    nrf_balloc          nrf_log_frontend.o
    0x0002e064   0x0002e064   0x00000008   Data   RO         1057    sdh_ble_observers0  ble_conn_state.o
    0x0002e06c   0x0002e06c   0x00000010   Data   RO           24    sdh_ble_observers1  main.o
    0x0002e07c   0x0002e07c   0x00000008   Data   RO          657    sdh_ble_observers1  bsp_btn_ble.o
    0x0002e084   0x0002e084   0x00000008   Data   RO          971    sdh_ble_observers1  ble_conn_params.o
    0x0002e08c   0x0002e08c   0x00000018   Data   RO           25    sdh_ble_observers2  main.o
    0x0002e0a4   0x0002e0a4   0x00000008   Data   RO           26    sdh_ble_observers3  main.o
    0x0002e0ac   0x0002e0ac   0x00000008   Data   RO         1562    sdh_soc_observers0  nrf_drv_clock.o
    0x0002e0b4   0x0002e0b4   0x00000008   Data   RO         5132    sdh_stack_observers0  nrf_sdh_ble.o
    0x0002e0bc   0x0002e0bc   0x00000008   Data   RO         5181    sdh_stack_observers0  nrf_sdh_soc.o
    0x0002e0c4   0x0002e0c4   0x00000008   Data   RO         1563    sdh_state_observers0  nrf_drv_clock.o


    Execution Region RW_IRAM1 (Exec base: 0x20002af8, Load base: 0x0002e0cc, Size: 0x000033e8, Max: 0x0003d508, ABSOLUTE, COMPRESSED[0x00000068])

    Exec Addr    Load Addr    Size         Type   Attr      Idx    E Section Name        Object

    0x20002af8   COMPRESSED   0x00000008   Data   RW           21    .data               main.o
    0x20002b00   COMPRESSED   0x00000028   Data   RW           22    .data               main.o
    0x20002b28   COMPRESSED   0x00000004   Data   RW           23    .data               main.o
    0x20002b2c   COMPRESSED   0x00000010   Data   RW          552    .data               bsp.o
    0x20002b3c   COMPRESSED   0x00000004   PAD
    0x20002b40   COMPRESSED   0x00000020   Data   RW          553    .data               bsp.o
    0x20002b60   COMPRESSED   0x00000020   Data   RW          554    .data               bsp.o
    0x20002b80   COMPRESSED   0x00000020   Data   RW          555    .data               bsp.o
    0x20002ba0   COMPRESSED   0x00000008   Data   RW          656    .data               bsp_btn_ble.o
    0x20002ba8   COMPRESSED   0x00000008   Data   RW          970    .data               ble_conn_params.o
    0x20002bb0   COMPRESSED   0x00000014   Data   RW         1694    .data               nrf_drv_uart.o
    0x20002bc4   COMPRESSED   0x00000008   Data   RW         1900    .data               nrfx_clock.o
    0x20002bcc   COMPRESSED   0x00000008   Data   RW         2352    .data               nrfx_prs.o
    0x20002bd4   COMPRESSED   0x00000004   PAD
    0x20002bd8   COMPRESSED   0x00000018   Data   RW         2782    .data               app_button.o
    0x20002bf0   COMPRESSED   0x00000020   Data   RW         2783    .data               app_button.o
    0x20002c10   COMPRESSED   0x00000020   Data   RW         3116    .data               app_timer2.o
    0x20002c30   COMPRESSED   0x00000004   Data   RW         3117    .data               app_timer2.o
    0x20002c34   COMPRESSED   0x0000001c   Data   RW         3246    .data               app_uart_fifo.o
    0x20002c50   COMPRESSED   0x0000000c   Data   RW         3405    .data               drv_rtc.o
    0x20002c5c   COMPRESSED   0x00000008   Data   RW         4070    .data               nrf_pwr_mgmt.o
    0x20002c64   COMPRESSED   0x00000004   Data   RW         4323    .data               retarget.o
    0x20002c68   COMPRESSED   0x00000001   Data   RW         4367    .data               nrf_log_backend_rtt.o
    0x20002c69   COMPRESSED   0x00000003   PAD
    0x20002c6c   COMPRESSED   0x00000008   Data   RW         4464    .data               nrf_log_default_backends.o
    0x20002c74   COMPRESSED   0x00000004   Data   RW         4531    .data               nrf_log_frontend.o
    0x20002c78   COMPRESSED   0x00000008   Data   RW         4532    .data               nrf_log_frontend.o
    0x20002c80   COMPRESSED   0x00000008   Data   RW         4533    .data               nrf_log_frontend.o
    0x20002c88   COMPRESSED   0x00000040   Data   RW         4697    .data               nrf_log_str_formatter.o
    0x20002cc8   COMPRESSED   0x00000003   Data   RW         5020    .data               nrf_sdh.o
    0x20002ccb   COMPRESSED   0x00000001   Data   RW         5130    .data               nrf_sdh_ble.o
    0x20002ccc   COMPRESSED   0x00000004   Data   RW         5222    .data               system_nrf52.o
    0x20002cd0        -       0x00000760   Zero   RW           19    .bss                main.o
    0x20003430        -       0x0000000c   Zero   RW          550    .bss                bsp.o
    0x2000343c   COMPRESSED   0x00000004   PAD
    0x20003440        -       0x00000050   Zero   RW          969    .bss                ble_conn_params.o
    0x20003490        -       0x0000007c   Zero   RW         1056    .bss                ble_conn_state.o
    0x2000350c        -       0x00000014   Zero   RW         1555    .bss                nrf_drv_clock.o
    0x20003520        -       0x0000006c   Zero   RW         2071    .bss                nrfx_gpiote.o
    0x2000358c        -       0x0000002c   Zero   RW         2428    .bss                nrfx_uart.o
    0x200035b8        -       0x00000024   Zero   RW         2622    .bss                nrfx_uarte.o
    0x200035dc        -       0x00000020   Zero   RW         2779    .bss                app_button.o
    0x200035fc        -       0x00000010   Zero   RW         3112    .bss                app_timer2.o
    0x2000360c        -       0x00000058   Zero   RW         3113    .bss                app_timer2.o
    0x20003664        -       0x00000020   Zero   RW         3244    .bss                app_uart_fifo.o
    0x20003684        -       0x0000000c   Zero   RW         3319    .bss                app_util_platform.o
    0x20003690        -       0x0000000c   Zero   RW         4066    .bss                nrf_pwr_mgmt.o
    0x2000369c        -       0x00000040   Zero   RW         4364    .bss                nrf_log_backend_rtt.o
    0x200036dc        -       0x000000c0   Zero   RW         4525    .bss                nrf_log_frontend.o
    0x2000379c        -       0x00000080   Zero   RW         4526    .bss                nrf_log_frontend.o
    0x2000381c        -       0x00000018   Zero   RW         4527    .bss                nrf_log_frontend.o
    0x20003834        -       0x00000420   Zero   RW         4528    .bss                nrf_log_frontend.o
    0x20003c54        -       0x00000288   Zero   RW         4773    .bss                segger_rtt.o
    0x20003edc   COMPRESSED   0x00000004   PAD
    0x20003ee0        -       0x00002000   Zero   RW         5208    STACK               arm_startup_nrf52840.o


==============================================================================

Image component sizes


      Code (inc. data)   RO Data    RW Data    ZI Data      Debug   Object Name

       664         66         27         56         32      18018   app_button.o
        22          0          0          0          0       2521   app_error.o
       132         46          0          0          0      34057   app_error_weak.o
       118          0          0          0          0       5118   app_fifo.o
      1052         90         38         36        104      17413   app_timer2.o
       528         60         32         28         32      16274   app_uart_fifo.o
       124         14          0          0         12      10638   app_util_platform.o
        36          8        512          0       8192        952   arm_startup_nrf52840.o
      1338          0          0          0          0      53612   ble_advdata.o
      1064          6          0          0          0      11211   ble_advertising.o
       636         44          8          8         80       9431   ble_conn_params.o
       390         10          8          0        124       7823   ble_conn_state.o
       246          6         16          0          0       3740   ble_lbs.o
        72          0          0          0          0       1684   ble_link_ctx_manager.o
       670          6         32          0          0       7072   ble_nus.o
       456          6          0          0          0       3435   ble_srv_common.o
       440         46          8          0          0      15239   boards.o
      1016         90         44        112         12      16219   bsp.o
       252         10          8          8          0       4900   bsp_btn_ble.o
       704         76          6         12          0      48845   drv_rtc.o
      1580        368         72         52       1888     200525   main.o
       326          0          0          0          0       6051   nrf_atfifo.o
        64          0          0          0          0       3072   nrf_atflags.o
       306          0          0          0          0       8191   nrf_atomic.o
       164          0          0          0          0       3696   nrf_balloc.o
       950        272        205          0          0      38297   nrf_ble_gatt.o
       276          0          0          0          0       4773   nrf_ble_qwr.o
       312         36         30          0         20      43916   nrf_drv_clock.o
       200         26          0         20          0      17988   nrf_drv_uart.o
        50          0          0          0          0       3581   nrf_fprintf.o
       850          4         16          0          0       6606   nrf_fprintf_format.o
       112         18         18          1         64       6269   nrf_log_backend_rtt.o
       200          0          0          0          0      10957   nrf_log_backend_serial.o
        28          4         32          8          0       3381   nrf_log_default_backends.o
      1484        128         44         20       1400      30781   nrf_log_frontend.o
       570        108        102         64          0       5752   nrf_log_str_formatter.o
       346          0          0          0          0       9711   nrf_memobj.o
       108         16         53          8         12      40874   nrf_pwr_mgmt.o
        28          0          0          0          0       2407   nrf_ringbuf.o
       384         46        104          3          0      42859   nrf_sdh.o
       728        234        539          1          0       6025   nrf_sdh_ble.o
        60          4         56          0          0       2516   nrf_sdh_soc.o
        78          0          0          0          0       2848   nrf_section_iter.o
        84          0         17          0          0       4209   nrf_sortlist.o
        76         10       1319          0          0       2807   nrf_strerror.o
       242         32         14          8          0      47192   nrfx_clock.o
      1386        108         23          0        108      67161   nrfx_gpiote.o
        94         16         12          8          0       3841   nrfx_prs.o
      1412         44         17          0         44      31961   nrfx_uart.o
      1334         42         18          0         36      26495   nrfx_uarte.o
        14          0          0          4          0       2918   retarget.o
       378         34          0          0        648       9133   segger_rtt.o
       488         60          0          4          0      31767   system_nrf52.o

    ----------------------------------------------------------------------
     24730       2194       3512        472      12816    1016762   Object Totals
         0          0         32          0          0          0   (incl. Generated)
        58          0         50         11          8          0   (incl. Padding)

    ----------------------------------------------------------------------

      Code (inc. data)   RO Data    RW Data    ZI Data      Debug   Library Member Name

        86          0          0          0          0          0   __dczerorl2.o
         8          4        133          0          0         68   ctype_o.o
         0          0          0          0          0          0   entry.o
         0          0          0          0          0          0   entry10a.o
         0          0          0          0          0          0   entry11a.o
         8          4          0          0          0          0   entry2.o
         4          0          0          0          0          0   entry5.o
         0          0          0          0          0          0   entry7b.o
         0          0          0          0          0          0   entry8b.o
         8          4          0          0          0          0   entry9a.o
        30          0          0          0          0          0   handlers.o
        36          8          0          0          0         68   init.o
        30          0          0          0          0         68   llshl.o
        32          0          0          0          0         68   llushr.o
        36          0          0          0          0         68   memcpya.o
        36          0          0          0          0        108   memseta.o
        50          8          0          0          0        152   printfb.o
        18          0          0          0          0         68   strcpy.o
        14          0          0          0          0         68   strlen.o
        98          0          0          0          0         92   uldiv.o

    ----------------------------------------------------------------------
       498         28        136          0          0        828   Library Totals
         4          0          3          0          0          0   (incl. Padding)

    ----------------------------------------------------------------------

      Code (inc. data)   RO Data    RW Data    ZI Data      Debug   Library Name

       494         28        133          0          0        828   mc_w.l

    ----------------------------------------------------------------------
       498         28        136          0          0        828   Library Totals

    ----------------------------------------------------------------------

==============================================================================


      Code (inc. data)   RO Data    RW Data    ZI Data      Debug   

     25228       2222       3648        472      12816     985262   Grand Totals
     25228       2222       3648        104      12816     985262   ELF Image Totals (compressed)
     25228       2222       3648        104          0          0   ROM Totals

==============================================================================

    Total RO  Size (Code + RO Data)                28876 (  28.20kB)
    Total RW  Size (RW Data + ZI Data)             13288 (  12.98kB)
    Total ROM Size (Code + RO Data + RW Data)      28980 (  28.30kB)

==============================================================================

