Component: ARM Compiler 5.06 update 6 (build 750) Tool: armlink [4d35ed]

==============================================================================

Section Cross References

    main.o(i.advertising_init) refers to memseta.o(.text) for __aeabi_memclr4
    main.o(i.advertising_init) refers to ble_advertising.o(i.ble_advertising_init) for ble_advertising_init
    main.o(i.advertising_init) refers to app_error.o(i.app_error_handler_bare) for app_error_handler_bare
    main.o(i.advertising_init) refers to ble_advertising.o(i.ble_advertising_conn_cfg_tag_set) for ble_advertising_conn_cfg_tag_set
    main.o(i.advertising_init) refers to main.o(.data) for .data
    main.o(i.advertising_init) refers to main.o(i.on_adv_evt) for on_adv_evt
    main.o(i.advertising_init) refers to main.o(.bss) for .bss
    main.o(i.advertising_start) refers to ble_advertising.o(i.ble_advertising_start) for ble_advertising_start
    main.o(i.advertising_start) refers to app_error.o(i.app_error_handler_bare) for app_error_handler_bare
    main.o(i.advertising_start) refers to main.o(.bss) for .bss
    main.o(i.advertising_update_1) refers to memseta.o(.text) for __aeabi_memclr4
    main.o(i.advertising_update_1) refers to ble_advertising.o(i.ble_advertising_init) for ble_advertising_init
    main.o(i.advertising_update_1) refers to app_error.o(i.app_error_handler_bare) for app_error_handler_bare
    main.o(i.advertising_update_1) refers to ble_advertising.o(i.ble_advertising_conn_cfg_tag_set) for ble_advertising_conn_cfg_tag_set
    main.o(i.advertising_update_1) refers to main.o(i.advertising_start) for advertising_start
    main.o(i.advertising_update_1) refers to main.o(.constdata) for .constdata
    main.o(i.advertising_update_1) refers to main.o(.bss) for .bss
    main.o(i.advertising_update_1) refers to main.o(.data) for .data
    main.o(i.advertising_update_1) refers to main.o(i.on_adv_evt) for on_adv_evt
    main.o(i.advertising_update_2) refers to memseta.o(.text) for __aeabi_memclr4
    main.o(i.advertising_update_2) refers to ble_advertising.o(i.ble_advertising_init) for ble_advertising_init
    main.o(i.advertising_update_2) refers to app_error.o(i.app_error_handler_bare) for app_error_handler_bare
    main.o(i.advertising_update_2) refers to ble_advertising.o(i.ble_advertising_conn_cfg_tag_set) for ble_advertising_conn_cfg_tag_set
    main.o(i.advertising_update_2) refers to main.o(i.advertising_start) for advertising_start
    main.o(i.advertising_update_2) refers to main.o(.constdata) for .constdata
    main.o(i.advertising_update_2) refers to main.o(.bss) for .bss
    main.o(i.advertising_update_2) refers to main.o(.data) for .data
    main.o(i.advertising_update_2) refers to main.o(i.on_adv_evt) for on_adv_evt
    main.o(i.assert_nrf_callback) refers to app_error_handler_keil.o(.emb_text) for app_error_handler
    main.o(i.bas_event_handler) refers to app_timer2.o(i.app_timer_stop) for app_timer_stop
    main.o(i.bas_event_handler) refers to app_error.o(i.app_error_handler_bare) for app_error_handler_bare
    main.o(i.bas_event_handler) refers to app_timer2.o(i.app_timer_start) for app_timer_start
    main.o(i.bas_event_handler) refers to main.o(.constdata) for .constdata
    main.o(i.ble_evt_handler) refers to nrf_log_frontend.o(i.nrf_log_frontend_std_0) for nrf_log_frontend_std_0
    main.o(i.ble_evt_handler) refers to bsp.o(i.bsp_indication_set) for bsp_indication_set
    main.o(i.ble_evt_handler) refers to app_error.o(i.app_error_handler_bare) for app_error_handler_bare
    main.o(i.ble_evt_handler) refers to nrf_ble_qwr.o(i.nrf_ble_qwr_conn_handle_assign) for nrf_ble_qwr_conn_handle_assign
    main.o(i.ble_evt_handler) refers to main.o(.data) for .data
    main.o(i.ble_evt_handler) refers to nrf_log_frontend.o(log_const_data) for m_nrf_log_app_logs_data_const
    main.o(i.ble_evt_handler) refers to main.o(.bss) for .bss
    main.o(i.bsp_event_handler) refers to ble_advertising.o(i.ble_advertising_restart_without_whitelist) for ble_advertising_restart_without_whitelist
    main.o(i.bsp_event_handler) refers to app_error.o(i.app_error_handler_bare) for app_error_handler_bare
    main.o(i.bsp_event_handler) refers to nrf_log_frontend.o(i.nrf_log_frontend_std_0) for nrf_log_frontend_std_0
    main.o(i.bsp_event_handler) refers to main.o(i.advertising_update_2) for advertising_update_2
    main.o(i.bsp_event_handler) refers to main.o(i.sleep_mode_enter) for sleep_mode_enter
    main.o(i.bsp_event_handler) refers to main.o(i.advertising_update_1) for advertising_update_1
    main.o(i.bsp_event_handler) refers to main.o(.data) for .data
    main.o(i.bsp_event_handler) refers to main.o(.bss) for .bss
    main.o(i.bsp_event_handler) refers to nrf_log_frontend.o(log_const_data) for m_nrf_log_app_logs_data_const
    main.o(i.conn_params_error_handler) refers to app_error.o(i.app_error_handler_bare) for app_error_handler_bare
[...]
    __aeabi_memcpy8                          0x0002746d   Thumb Code     0  memcpya.o(.text)
    __aeabi_memset                           0x00027491   Thumb Code    14  memseta.o(.text)
    __aeabi_memset4                          0x00027491   Thumb Code     0  memseta.o(.text)
    __aeabi_memset8                          0x00027491   Thumb Code     0  memseta.o(.text)
    __aeabi_memclr                           0x0002749f   Thumb Code     4  memseta.o(.text)
    __aeabi_memclr4                          0x0002749f   Thumb Code     0  memseta.o(.text)
    __aeabi_memclr8                          0x0002749f   Thumb Code     0  memseta.o(.text)
    _memset$wrapper                          0x000274a3   Thumb Code    18  memseta.o(.text)
    strlen                                   0x000274b5   Thumb Code    14  strlen.o(.text)
    strcpy                                   0x000274c3   Thumb Code    18  strcpy.o(.text)
    __aeabi_dmul                             0x000274d5   Thumb Code   228  dmul.o(.text)
    __aeabi_i2d                              0x000275b9   Thumb Code    34  dflti.o(.text)
    __aeabi_d2uiz                            0x000275db   Thumb Code    50  dfixui.o(.text)
    __aeabi_llsr                             0x0002760d   Thumb Code    32  llushr.o(.text)
    _ll_ushift_r                             0x0002760d   Thumb Code     0  llushr.o(.text)
    __I$use$fp                               0x0002762d   Thumb Code     0  iusefp.o(.text)
    _double_round                            0x0002762d   Thumb Code    30  depilogue.o(.text)
    _double_epilogue                         0x0002764b   Thumb Code   156  depilogue.o(.text)
    __scatterload                            0x000276e9   Thumb Code    28  init.o(.text)
    __scatterload_rt2                        0x000276e9   Thumb Code     0  init.o(.text)
    __decompress                             0x0002770d   Thumb Code     0  __dczerorl2.o(.text)
    __decompress1                            0x0002770d   Thumb Code    86  __dczerorl2.o(.text)
    GPIOTE_IRQHandler                        0x00027765   Thumb Code   156  nrfx_gpiote.o(i.GPIOTE_IRQHandler)
    POWER_CLOCK_IRQHandler                   0x00027809   Thumb Code    82  nrfx_clock.o(i.POWER_CLOCK_IRQHandler)
    RTC1_IRQHandler                          0x00027861   Thumb Code    12  drv_rtc.o(i.RTC1_IRQHandler)
    SAADC_IRQHandler                         0x00027871   Thumb Code   320  nrfx_saadc.o(i.SAADC_IRQHandler)
    SEGGER_RTT_Init                          0x000279b9   Thumb Code     4  segger_rtt.o(i.SEGGER_RTT_Init)
    SEGGER_RTT_WriteNoLock                   0x000279bd   Thumb Code    86  segger_rtt.o(i.SEGGER_RTT_WriteNoLock)
    SWI2_EGU2_IRQHandler                     0x00027a19   Thumb Code     4  nrf_sdh.o(i.SWI2_EGU2_IRQHandler)
    SystemInit                               0x00027a1d   Thumb Code   414  system_nrf52.o(i.SystemInit)
    UARTE0_UART0_IRQHandler                  0x00027bed   Thumb Code     6  nrfx_prs.o(i.UARTE0_UART0_IRQHandler)
    __0printf$bare                           0x00027d15   Thumb Code     8  printfb.o(i.__0printf$bare)
    __1printf$bare                           0x00027d15   Thumb Code     0  printfb.o(i.__0printf$bare)
    __2printf                                0x00027d15   Thumb Code     0  printfb.o(i.__0printf$bare)
    __scatterload_copy                       0x00027d25   Thumb Code    14  handlers.o(i.__scatterload_copy)
    __scatterload_null                       0x00027d33   Thumb Code     2  handlers.o(i.__scatterload_null)
    __scatterload_zeroinit                   0x00027d35   Thumb Code    14  handlers.o(i.__scatterload_zeroinit)
    app_button_enable                        0x00027f9d   Thumb Code    32  app_button.o(i.app_button_enable)
    app_button_init                          0x00027fc1   Thumb Code   106  app_button.o(i.app_button_init)
    app_error_fault_handler                  0x00028041   Thumb Code    86  app_error_weak.o(i.app_error_fault_handler)
    app_error_handler_bare                   0x000280c5   Thumb Code    22  app_error.o(i.app_error_handler_bare)
    app_fifo_get                             0x000280db   Thumb Code    22  app_fifo.o(i.app_fifo_get)
    app_fifo_init                            0x000280f1   Thumb Code    32  app_fifo.o(i.app_fifo_init)
    app_fifo_put                             0x00028111   Thumb Code    26  app_fifo.o(i.app_fifo_put)
    app_timer_cnt_get                        0x0002812d   Thumb Code     6  app_timer2.o(i.app_timer_cnt_get)
    app_timer_create                         0x00028139   Thumb Code    32  app_timer2.o(i.app_timer_create)
    app_timer_init                           0x00028159   Thumb Code    70  app_timer2.o(i.app_timer_init)
    app_timer_start                          0x000281b5   Thumb Code    84  app_timer2.o(i.app_timer_start)
    app_timer_stop                           0x00028209   Thumb Code    68  app_timer2.o(i.app_timer_stop)
    app_uart_get                             0x0002824d   Thumb Code    42  app_uart_fifo.o(i.app_uart_get)
    app_uart_init                            0x00028281   Thumb Code   148  app_uart_fifo.o(i.app_uart_init)
    app_uart_put                             0x00028325   Thumb Code    70  app_uart_fifo.o(i.app_uart_put)
    app_util_critical_region_enter           0x00028379   Thumb Code    64  app_util_platform.o(i.app_util_critical_region_enter)
    app_util_critical_region_exit            0x000283c1   Thumb Code    46  app_util_platform.o(i.app_util_critical_region_exit)
    blcm_link_ctx_get                        0x000285bb   Thumb Code    72  ble_link_ctx_manager.o(i.blcm_link_ctx_get)
    ble_advdata_encode                       0x00028603   Thumb Code   386  ble_advdata.o(i.ble_advdata_encode)
    ble_advdata_parse                        0x00028785   Thumb Code    32  ble_advdata.o(i.ble_advdata_parse)
    ble_advdata_search                       0x000287a5   Thumb Code    70  ble_advdata.o(i.ble_advdata_search)
    ble_advertising_conn_cfg_tag_set         0x000287eb   Thumb Code     6  ble_advertising.o(i.ble_advertising_conn_cfg_tag_set)
    ble_advertising_init                     0x000287f1   Thumb Code   232  ble_advertising.o(i.ble_advertising_init)
    ble_advertising_on_ble_evt               0x000288d9   Thumb Code   106  ble_advertising.o(i.ble_advertising_on_ble_evt)
    ble_advertising_restart_without_whitelist 0x00028943   Thumb Code    58  ble_advertising.o(i.ble_advertising_restart_without_whitelist)
    ble_advertising_start                    0x0002897d   Thumb Code   560  ble_advertising.o(i.ble_advertising_start)
    ble_bas_battery_level_update             0x00028bad   Thumb Code   192  ble_bas.o(i.ble_bas_battery_level_update)
    ble_bas_init                             0x00028c6d   Thumb Code    62  ble_bas.o(i.ble_bas_init)
    ble_bas_on_ble_evt                       0x00028cab   Thumb Code    82  ble_bas.o(i.ble_bas_on_ble_evt)
    ble_conn_params_init                     0x00028cfd   Thumb Code    90  ble_conn_params.o(i.ble_conn_params_init)
    ble_conn_state_conn_handles              0x00028d65   Thumb Code     8  ble_conn_state.o(i.ble_conn_state_conn_handles)
    ble_conn_state_conn_idx                  0x00028d71   Thumb Code    18  ble_conn_state.o(i.ble_conn_state_conn_idx)
    ble_conn_state_status                    0x00028d85   Thumb Code    32  ble_conn_state.o(i.ble_conn_state_status)
    ble_conn_state_valid                     0x00028da9   Thumb Code    16  ble_conn_state.o(i.ble_conn_state_valid)
    ble_nus_data_send                        0x0002917d   Thumb Code   102  ble_nus.o(i.ble_nus_data_send)
    ble_nus_init                             0x000291e5   Thumb Code   206  ble_nus.o(i.ble_nus_init)
    ble_nus_on_ble_evt                       0x000292b9   Thumb Code   118  ble_nus.o(i.ble_nus_on_ble_evt)
    ble_srv_is_notification_enabled          0x0002932f   Thumb Code     8  ble_srv_common.o(i.ble_srv_is_notification_enabled)
    ble_srv_report_ref_encode                0x00029337   Thumb Code    12  ble_srv_common.o(i.ble_srv_report_ref_encode)
    bsp_board_button_idx_to_pin              0x00029345   Thumb Code     6  boards.o(i.bsp_board_button_idx_to_pin)
    bsp_board_button_state_get               0x00029351   Thumb Code    36  boards.o(i.bsp_board_button_state_get)
    bsp_board_init                           0x00029379   Thumb Code    80  boards.o(i.bsp_board_init)
    bsp_board_led_invert                     0x000293cd   Thumb Code    40  boards.o(i.bsp_board_led_invert)
    bsp_board_led_off                        0x000293f9   Thumb Code    10  boards.o(i.bsp_board_led_off)
    bsp_board_led_on                         0x00029409   Thumb Code    10  boards.o(i.bsp_board_led_on)
    bsp_board_led_state_get                  0x00029419   Thumb Code    36  boards.o(i.bsp_board_led_state_get)
    bsp_board_leds_off                       0x00029441   Thumb Code    18  boards.o(i.bsp_board_leds_off)
    bsp_board_leds_on                        0x00029453   Thumb Code    18  boards.o(i.bsp_board_leds_on)
    bsp_board_pin_to_button_idx              0x00029465   Thumb Code    30  boards.o(i.bsp_board_pin_to_button_idx)
    bsp_btn_ble_init                         0x00029489   Thumb Code    52  bsp_btn_ble.o(i.bsp_btn_ble_init)
    bsp_btn_ble_sleep_mode_prepare           0x000294c1   Thumb Code    30  bsp_btn_ble.o(i.bsp_btn_ble_sleep_mode_prepare)
    bsp_button_is_pressed                    0x00029571   Thumb Code    12  bsp.o(i.bsp_button_is_pressed)
    bsp_event_handler                        0x0002957d   Thumb Code   118  main.o(i.bsp_event_handler)
    bsp_event_to_button_action_assign        0x00029615   Thumb Code    64  bsp.o(i.bsp_event_to_button_action_assign)
    bsp_indication_set                       0x00029659   Thumb Code    20  bsp.o(i.bsp_indication_set)
    bsp_init                                 0x00029671   Thumb Code   128  bsp.o(i.bsp_init)
    bsp_wakeup_button_enable                 0x000298cd   Thumb Code     6  bsp.o(i.bsp_wakeup_button_enable)
    buffer_is_empty                          0x00029989   Thumb Code    18  nrf_log_frontend.o(i.buffer_is_empty)
    characteristic_add                       0x00029a45   Thumb Code   400  ble_srv_common.o(i.characteristic_add)
    conn_handle_list_get                     0x00029c31   Thumb Code    62  ble_conn_state.o(i.conn_handle_list_get)
    descriptor_add                           0x00029e05   Thumb Code   170  ble_srv_common.o(i.descriptor_add)
    drv_rtc_compare_disable                  0x00029f0d   Thumb Code    20  drv_rtc.o(i.drv_rtc_compare_disable)
    drv_rtc_compare_pending                  0x00029f21   Thumb Code    14  drv_rtc.o(i.drv_rtc_compare_pending)
    drv_rtc_compare_set                      0x00029f2f   Thumb Code    80  drv_rtc.o(i.drv_rtc_compare_set)
    drv_rtc_counter_get                      0x00029f7f   Thumb Code     8  drv_rtc.o(i.drv_rtc_counter_get)
    drv_rtc_init                             0x00029f89   Thumb Code   148  drv_rtc.o(i.drv_rtc_init)
    drv_rtc_irq_trigger                      0x0002a061   Thumb Code    30  drv_rtc.o(i.drv_rtc_irq_trigger)
    drv_rtc_overflow_enable                  0x0002a07f   Thumb Code     8  drv_rtc.o(i.drv_rtc_overflow_enable)
    drv_rtc_overflow_pending                 0x0002a087   Thumb Code     8  drv_rtc.o(i.drv_rtc_overflow_pending)
    drv_rtc_start                            0x0002a08f   Thumb Code     8  drv_rtc.o(i.drv_rtc_start)
    drv_rtc_stop                             0x0002a097   Thumb Code     8  drv_rtc.o(i.drv_rtc_stop)
    drv_rtc_windowed_compare_set             0x0002a09f   Thumb Code   222  drv_rtc.o(i.drv_rtc_windowed_compare_set)
    evt_handle                               0x0002a191   Thumb Code   216  app_button.o(i.evt_handle)
    fputc                                    0x0002a2dd   Thumb Code    14  retarget.o(i.fputc)
    gatt_evt_handler                         0x0002a2ed   Thumb Code    52  main.o(i.gatt_evt_handler)
    gatt_init                                0x0002a349   Thumb Code    38  main.o(i.gatt_init)
    log_pending_hook                         0x0002a601   Thumb Code     2  nrf_log_frontend.o(i.log_pending_hook)
    main                                     0x0002a6bd   Thumb Code   358  main.o(i.main)
    nrf_atfifo_init                          0x0002aa57   Thumb Code    38  nrf_atfifo.o(i.nrf_atfifo_init)
    nrf_atfifo_item_alloc                    0x0002aa7d   Thumb Code    22  nrf_atfifo.o(i.nrf_atfifo_item_alloc)
    nrf_atfifo_item_free                     0x0002aa93   Thumb Code    22  nrf_atfifo.o(i.nrf_atfifo_item_free)
    nrf_atfifo_item_get                      0x0002aaa9   Thumb Code    22  nrf_atfifo.o(i.nrf_atfifo_item_get)
    nrf_atfifo_item_put                      0x0002aabf   Thumb Code    22  nrf_atfifo.o(i.nrf_atfifo_item_put)
    nrf_atflags_clear                        0x0002aad5   Thumb Code    22  nrf_atflags.o(i.nrf_atflags_clear)
    nrf_atflags_get                          0x0002aaeb   Thumb Code    22  nrf_atflags.o(i.nrf_atflags_get)
    nrf_atflags_set                          0x0002ab01   Thumb Code    20  nrf_atflags.o(i.nrf_atflags_set)
    nrf_atomic_flag_clear_fetch              0x0002ab15   Thumb Code     6  nrf_atomic.o(i.nrf_atomic_flag_clear_fetch)
    nrf_atomic_flag_set                      0x0002ab1b   Thumb Code     6  nrf_atomic.o(i.nrf_atomic_flag_set)
    nrf_atomic_u32_add                       0x0002ab21   Thumb Code    12  nrf_atomic.o(i.nrf_atomic_u32_add)
    nrf_atomic_u32_and                       0x0002ab2d   Thumb Code    12  nrf_atomic.o(i.nrf_atomic_u32_and)
    nrf_atomic_u32_fetch_and                 0x0002ab39   Thumb Code    10  nrf_atomic.o(i.nrf_atomic_u32_fetch_and)
    nrf_atomic_u32_fetch_store               0x0002ab43   Thumb Code    10  nrf_atomic.o(i.nrf_atomic_u32_fetch_store)
    nrf_atomic_u32_or                        0x0002ab4d   Thumb Code    12  nrf_atomic.o(i.nrf_atomic_u32_or)
    nrf_atomic_u32_sub                       0x0002ab59   Thumb Code    12  nrf_atomic.o(i.nrf_atomic_u32_sub)
    nrf_balloc_alloc                         0x0002ab65   Thumb Code    68  nrf_balloc.o(i.nrf_balloc_alloc)
    nrf_balloc_free                          0x0002aba9   Thumb Code    48  nrf_balloc.o(i.nrf_balloc_free)
    nrf_balloc_init                          0x0002abd9   Thumb Code    48  nrf_balloc.o(i.nrf_balloc_init)
    nrf_ble_gatt_att_mtu_periph_set          0x0002ac19   Thumb Code    24  nrf_ble_gatt.o(i.nrf_ble_gatt_att_mtu_periph_set)
    nrf_ble_gatt_init                        0x0002ac31   Thumb Code    34  nrf_ble_gatt.o(i.nrf_ble_gatt_init)
    nrf_ble_gatt_on_ble_evt                  0x0002ac55   Thumb Code   270  nrf_ble_gatt.o(i.nrf_ble_gatt_on_ble_evt)
    nrf_ble_qwr_conn_handle_assign           0x0002ada5   Thumb Code    22  nrf_ble_qwr.o(i.nrf_ble_qwr_conn_handle_assign)
    nrf_ble_qwr_init                         0x0002adbb   Thumb Code    36  nrf_ble_qwr.o(i.nrf_ble_qwr_init)
    nrf_ble_qwr_on_ble_evt                   0x0002addf   Thumb Code   182  nrf_ble_qwr.o(i.nrf_ble_qwr_on_ble_evt)
    nrf_drv_clock_init                       0x0002aeb5   Thumb Code    56  nrf_drv_clock.o(i.nrf_drv_clock_init)
    nrf_drv_clock_lfclk_release              0x0002aef5   Thumb Code    48  nrf_drv_clock.o(i.nrf_drv_clock_lfclk_release)
    nrf_drv_uart_init                        0x0002af29   Thumb Code    90  nrf_drv_uart.o(i.nrf_drv_uart_init)
    nrf_fprintf                              0x0002afd1   Thumb Code    26  nrf_fprintf.o(i.nrf_fprintf)
    nrf_fprintf_buffer_flush                 0x0002afeb   Thumb Code    24  nrf_fprintf.o(i.nrf_fprintf_buffer_flush)
    nrf_fprintf_fmt                          0x0002b003   Thumb Code   474  nrf_fprintf_format.o(i.nrf_fprintf_fmt)
    nrf_log_backend_add                      0x0002b475   Thumb Code    86  nrf_log_frontend.o(i.nrf_log_backend_add)
    nrf_log_backend_rtt_init                 0x0002b4d3   Thumb Code     4  nrf_log_backend_rtt.o(i.nrf_log_backend_rtt_init)
    nrf_log_backend_serial_put               0x0002b4f1   Thumb Code   200  nrf_log_backend_serial.o(i.nrf_log_backend_serial_put)
    nrf_log_color_id_get                     0x0002b5b9   Thumb Code    42  nrf_log_frontend.o(i.nrf_log_color_id_get)
    nrf_log_default_backends_init            0x0002b5e9   Thumb Code    24  nrf_log_default_backends.o(i.nrf_log_default_backends_init)
    nrf_log_frontend_dequeue                 0x0002b605   Thumb Code   528  nrf_log_frontend.o(i.nrf_log_frontend_dequeue)
    nrf_log_frontend_std_0                   0x0002b83d   Thumb Code     8  nrf_log_frontend.o(i.nrf_log_frontend_std_0)
    nrf_log_frontend_std_1                   0x0002b845   Thumb Code    14  nrf_log_frontend.o(i.nrf_log_frontend_std_1)
    nrf_log_frontend_std_2                   0x0002b853   Thumb Code    16  nrf_log_frontend.o(i.nrf_log_frontend_std_2)
    nrf_log_hexdump_entry_process            0x0002b865   Thumb Code   150  nrf_log_str_formatter.o(i.nrf_log_hexdump_entry_process)
    nrf_log_init                             0x0002b915   Thumb Code    28  nrf_log_frontend.o(i.nrf_log_init)
    nrf_log_module_cnt_get                   0x0002b93d   Thumb Code    10  nrf_log_frontend.o(i.nrf_log_module_cnt_get)
    nrf_log_module_name_get                  0x0002b951   Thumb Code    24  nrf_log_frontend.o(i.nrf_log_module_name_get)
    nrf_log_panic                            0x0002b96d   Thumb Code    36  nrf_log_frontend.o(i.nrf_log_panic)
    nrf_log_std_entry_process                0x0002b995   Thumb Code   182  nrf_log_str_formatter.o(i.nrf_log_std_entry_process)
    nrf_memobj_alloc                         0x0002ba4b   Thumb Code    96  nrf_memobj.o(i.nrf_memobj_alloc)
    nrf_memobj_free                          0x0002baab   Thumb Code    50  nrf_memobj.o(i.nrf_memobj_free)
    nrf_memobj_get                           0x0002badd   Thumb Code     8  nrf_memobj.o(i.nrf_memobj_get)
    nrf_memobj_pool_init                     0x0002bae5   Thumb Code     4  nrf_memobj.o(i.nrf_memobj_pool_init)
    nrf_memobj_put                           0x0002bae9   Thumb Code    30  nrf_memobj.o(i.nrf_memobj_put)
    nrf_memobj_read                          0x0002bb07   Thumb Code    16  nrf_memobj.o(i.nrf_memobj_read)
    nrf_memobj_write                         0x0002bb17   Thumb Code    16  nrf_memobj.o(i.nrf_memobj_write)
    nrf_pwr_mgmt_init                        0x0002bb29   Thumb Code    28  nrf_pwr_mgmt.o(i.nrf_pwr_mgmt_init)
    nrf_pwr_mgmt_run                         0x0002bb51   Thumb Code    64  nrf_pwr_mgmt.o(i.nrf_pwr_mgmt_run)
    nrf_ringbuf_init                         0x0002bb99   Thumb Code    28  nrf_ringbuf.o(i.nrf_ringbuf_init)
    nrf_sdh_ble_app_ram_start_get            0x0002bc09   Thumb Code    16  nrf_sdh_ble.o(i.nrf_sdh_ble_app_ram_start_get)
    nrf_sdh_ble_default_cfg_set              0x0002bc1d   Thumb Code   272  nrf_sdh_ble.o(i.nrf_sdh_ble_default_cfg_set)
    nrf_sdh_ble_enable                       0x0002bd4d   Thumb Code   116  nrf_sdh_ble.o(i.nrf_sdh_ble_enable)
    nrf_sdh_enable_request                   0x0002bedd   Thumb Code   102  nrf_sdh.o(i.nrf_sdh_enable_request)
    nrf_sdh_evts_poll                        0x0002bf51   Thumb Code    32  nrf_sdh.o(i.nrf_sdh_evts_poll)
    nrf_sdh_is_enabled                       0x0002bf75   Thumb Code     6  nrf_sdh.o(i.nrf_sdh_is_enabled)
    nrf_section_iter_init                    0x0002bfbd   Thumb Code    10  nrf_section_iter.o(i.nrf_section_iter_init)
    nrf_section_iter_next                    0x0002bfeb   Thumb Code    32  nrf_section_iter.o(i.nrf_section_iter_next)
    nrf_sortlist_add                         0x0002c00b   Thumb Code    34  nrf_sortlist.o(i.nrf_sortlist_add)
    nrf_sortlist_peek                        0x0002c02d   Thumb Code     6  nrf_sortlist.o(i.nrf_sortlist_peek)
    nrf_sortlist_pop                         0x0002c033   Thumb Code    14  nrf_sortlist.o(i.nrf_sortlist_pop)
    nrf_sortlist_remove                      0x0002c041   Thumb Code    30  nrf_sortlist.o(i.nrf_sortlist_remove)
    nrf_strerror_find                        0x0002c061   Thumb Code    52  nrf_strerror.o(i.nrf_strerror_find)
    nrf_strerror_get                         0x0002c099   Thumb Code    14  nrf_strerror.o(i.nrf_strerror_get)
    nrfx_clock_enable                        0x0002c0f5   Thumb Code    34  nrfx_clock.o(i.nrfx_clock_enable)
    nrfx_clock_init                          0x0002c121   Thumb Code    26  nrfx_clock.o(i.nrfx_clock_init)
    nrfx_clock_lfclk_stop                    0x0002c141   Thumb Code    38  nrfx_clock.o(i.nrfx_clock_lfclk_stop)
    nrfx_gpiote_in_event_enable              0x0002c181   Thumb Code   144  nrfx_gpiote.o(i.nrfx_gpiote_in_event_enable)
    nrfx_gpiote_in_init                      0x0002c219   Thumb Code   196  nrfx_gpiote.o(i.nrfx_gpiote_in_init)
    nrfx_gpiote_in_is_set                    0x0002c2e9   Thumb Code    14  nrfx_gpiote.o(i.nrfx_gpiote_in_is_set)
    nrfx_gpiote_init                         0x0002c2f9   Thumb Code   108  nrfx_gpiote.o(i.nrfx_gpiote_init)
    nrfx_gpiote_is_init                      0x0002c371   Thumb Code    14  nrfx_gpiote.o(i.nrfx_gpiote_is_init)
    nrfx_prs_acquire                         0x0002c395   Thumb Code    58  nrfx_prs.o(i.nrfx_prs_acquire)
    nrfx_saadc_buffer_convert                0x0002c3d1   Thumb Code   154  nrfx_saadc.o(i.nrfx_saadc_buffer_convert)
    nrfx_saadc_channel_init                  0x0002c475   Thumb Code   132  nrfx_saadc.o(i.nrfx_saadc_channel_init)
    nrfx_saadc_init                          0x0002c501   Thumb Code   130  nrfx_saadc.o(i.nrfx_saadc_init)
    nrfx_saadc_sample                        0x0002c595   Thumb Code    34  nrfx_saadc.o(i.nrfx_saadc_sample)
    nrfx_uart_0_irq_handler                  0x0002c5c1   Thumb Code     8  nrfx_uart.o(i.nrfx_uart_0_irq_handler)
    nrfx_uart_init                           0x0002c5d1   Thumb Code   200  nrfx_uart.o(i.nrfx_uart_init)
    nrfx_uart_rx                             0x0002c6a5   Thumb Code   230  nrfx_uart.o(i.nrfx_uart_rx)
    nrfx_uart_tx                             0x0002c791   Thumb Code   162  nrfx_uart.o(i.nrfx_uart_tx)
    nrfx_uart_tx_in_progress                 0x0002c839   Thumb Code    26  nrfx_uart.o(i.nrfx_uart_tx_in_progress)
    nrfx_uarte_0_irq_handler                 0x0002c859   Thumb Code     8  nrfx_uarte.o(i.nrfx_uarte_0_irq_handler)
    nrfx_uarte_init                          0x0002c869   Thumb Code   100  nrfx_uarte.o(i.nrfx_uarte_init)
    nrfx_uarte_rx                            0x0002c8d5   Thumb Code   256  nrfx_uarte.o(i.nrfx_uarte_rx)
    nrfx_uarte_tx                            0x0002c9d9   Thumb Code   166  nrfx_uarte.o(i.nrfx_uarte_tx)
    nrfx_uarte_tx_in_progress                0x0002ca85   Thumb Code    22  nrfx_uarte.o(i.nrfx_uarte_tx_in_progress)
    nvmc_config                              0x0002cb39   Thumb Code    14  system_nrf52.o(i.nvmc_config)
    saadc_callback                           0x0002d1d9   Thumb Code   260  main.o(i.saadc_callback)
    uart_event_handle                        0x0002d8bd   Thumb Code   112  main.o(i.uart_event_handle)
    nrf_log_backend_rtt_api                  0x0002e178   Data          12  nrf_log_backend_rtt.o(.constdata)
    m_ram_start                              0x0002e21c   Data           4  nrf_sdh_ble.o(.constdata)
    __ctype_table                            0x0002e248   Data         129  ctype_o.o(.constdata)
    Region$$Table$$Base                      0x0002ea50   Number         0  anon$$obj.o(Region$$Table)
    Region$$Table$$Limit                     0x0002ea70   Number         0  anon$$obj.o(Region$$Table)
    log_const_data$$Base                     0x0002ea80   Number         0  nrf_ble_gatt.o(log_const_data)
    m_nrf_log_nrf_ble_gatt_logs_data_const   0x0002ea80   Data           8  nrf_ble_gatt.o(log_const_data)
    m_nrf_log_ble_bas_logs_data_const        0x0002ea88   Data           8  ble_bas.o(log_const_data)
    m_nrf_log_ble_nus_logs_data_const        0x0002ea90   Data           8  ble_nus.o(log_const_data)
    m_nrf_log_SAADC_logs_data_const          0x0002ea98   Data           8  nrfx_saadc.o(log_const_data)
    m_nrf_log_clock_logs_data_const          0x0002eaa0   Data           8  nrf_drv_clock.o(log_const_data)
    m_nrf_log_CLOCK_logs_data_const          0x0002eaa8   Data           8  nrfx_clock.o(log_const_data)
    m_nrf_log_GPIOTE_logs_data_const         0x0002eab0   Data           8  nrfx_gpiote.o(log_const_data)
    m_nrf_log_PRS_logs_data_const            0x0002eab8   Data           8  nrfx_prs.o(log_const_data)
    m_nrf_log_UART_logs_data_const           0x0002eac0   Data           8  nrfx_uart.o(log_const_data)
    m_nrf_log_UARTE_logs_data_const          0x0002eac8   Data           8  nrfx_uarte.o(log_const_data)
    m_nrf_log_app_button_logs_data_const     0x0002ead0   Data           8  app_button.o(log_const_data)
    m_nrf_log_app_timer_logs_data_const      0x0002ead8   Data           8  app_timer2.o(log_const_data)
    m_nrf_log_pwr_mgmt_logs_data_const       0x0002eae0   Data           8  nrf_pwr_mgmt.o(log_const_data)
    m_nrf_log_sortlist_logs_data_const       0x0002eae8   Data           8  nrf_sortlist.o(log_const_data)
    m_nrf_log_app_logs_data_const            0x0002eaf0   Data           8  nrf_log_frontend.o(log_const_data)
    m_nrf_log_nrf_sdh_logs_data_const        0x0002eaf8   Data           8  nrf_sdh.o(log_const_data)
    m_nrf_log_nrf_sdh_ble_logs_data_const    0x0002eb00   Data           8  nrf_sdh_ble.o(log_const_data)
    m_nrf_log_nrf_sdh_soc_logs_data_const    0x0002eb08   Data           8  nrf_sdh_soc.o(log_const_data)
    log_const_data$$Limit                    0x0002eb10   Number         0  nrf_sdh_soc.o(log_const_data)
    log_mempool                              0x0002eb10   Data          20  nrf_log_frontend.o(nrf_balloc)
    sdh_ble_observers0$$Base                 0x0002eb24   Number         0  ble_conn_state.o(sdh_ble_observers0)
    sdh_ble_observers0$$Limit                0x0002eb2c   Number         0  ble_conn_state.o(sdh_ble_observers0)
    sdh_ble_observers1$$Base                 0x0002eb2c   Number         0  main.o(sdh_ble_observers1)
    sdh_ble_observers1$$Limit                0x0002eb4c   Number         0  ble_conn_params.o(sdh_ble_observers1)
    sdh_ble_observers2$$Base                 0x0002eb4c   Number         0  main.o(sdh_ble_observers2)
    sdh_ble_observers2$$Limit                0x0002eb64   Number         0  main.o(sdh_ble_observers2)
    sdh_ble_observers3$$Base                 0x0002eb64   Number         0  main.o(sdh_ble_observers3)
    sdh_ble_observers3$$Limit                0x0002eb6c   Number         0  main.o(sdh_ble_observers3)
    sdh_soc_observers0$$Base                 0x0002eb6c   Number         0  nrf_drv_clock.o(sdh_soc_observers0)
    sdh_soc_observers0$$Limit                0x0002eb74   Number         0  nrf_drv_clock.o(sdh_soc_observers0)
    sdh_stack_observers0$$Base               0x0002eb74   Number         0  nrf_sdh_ble.o(sdh_stack_observers0)
    sdh_stack_observers0$$Limit              0x0002eb84   Number         0  nrf_sdh_soc.o(sdh_stack_observers0)
    sdh_state_observers0$$Base               0x0002eb84   Number         0  nrf_drv_clock.o(sdh_state_observers0)
    sdh_state_observers0$$Limit              0x0002eb8c   Number         0  nrf_drv_clock.o(sdh_state_observers0)
    Image$$RW_IRAM1$$Base                    0x20002ae8   Number         0  anon$$obj.o ABSOLUTE
    nrf_drv_uart_use_easy_dma                0x20002bc8   Data           2  nrf_drv_uart.o(.data)
    __stdout                                 0x20002c7c   Data           4  retarget.o(.data)
    SystemCoreClock                          0x20002ce4   Data           4  system_nrf52.o(.data)
    nrf_nvic_state                           0x200036c4   Data          12  app_util_platform.o(.bss)
    _SEGGER_RTT                              0x20003c94   Data         120  segger_rtt.o(.bss)
    __initial_sp                             0x20005f20   Data           0  arm_startup_nrf52840.o(STACK)



==============================================================================

Memory Map of the image

  Image Entry point : 0x00027201

  Load Region LR_IROM1 (Base: 0x00027000, Size: 0x00007d8c, Max: 0x000d9000, ABSOLUTE, COMPRESSED[0x00007bf8])

    Execution Region ER_IROM1 (Exec base: 0x00027000, Load base: 0x00027000, Size: 0x00007b8c, Max: 0x000d9000, ABSOLUTE)

    Exec Addr    Load Addr    Size         Type   Attr      Idx    E Section Name        Object

    0x00027000   0x00027000   0x00000200   Data   RO         5429    RESET               arm_startup_nrf52840.o
    0x00027200   0x00027200   0x00000000   Code   RO         5502  * .ARM.Collect$$$$00000000  mc_w.l(entry.o)
    0x00027200   0x00027200   0x00000004   Code   RO         5815    .ARM.Collect$$$$00000001  mc_w.l(entry2.o)
    0x00027204   0x00027204   0x00000004   Code   RO         5818    .ARM.Collect$$$$00000004  mc_w.l(entry5.o)
    0x00027208   0x00027208   0x00000000   Code   RO         5820    .ARM.Collect$$$$00000008  mc_w.l(entry7b.o)
    0x00027208   0x00027208   0x00000000   Code   RO         5822    .ARM.Collect$$$$0000000A  mc_w.l(entry8b.o)
    0x00027208   0x00027208   0x00000008   Code   RO         5823    .ARM.Collect$$$$0000000B  mc_w.l(entry9a.o)
    0x00027210   0x00027210   0x00000000   Code   RO         5825    .ARM.Collect$$$$0000000D  mc_w.l(entry10a.o)
    0x00027210   0x00027210   0x00000000   Code   RO         5827    .ARM.Collect$$$$0000000F  mc_w.l(entry11a.o)
    0x00027210   0x00027210   0x00000004   Code   RO         5816    .ARM.Collect$$$$00002712  mc_w.l(entry2.o)
    0x00027214   0x00027214   0x000000c8   Code   RO         3814    .emb_text           nrf_atfifo.o
    0x000272dc   0x000272dc   0x000000e2   Code   RO         3950    .emb_text           nrf_atomic.o
    0x000273be   0x000273be   0x00000002   PAD
    0x000273c0   0x000273c0   0x00000024   Code   RO         5430    .text               arm_startup_nrf52840.o
    0x000273e4   0x000273e4   0x00000062   Code   RO         5505    .text               mc_w.l(uldiv.o)
    0x00027446   0x00027446   0x0000001e   Code   RO         5507    .text               mc_w.l(llshl.o)
    0x00027464   0x00027464   0x00000008   Code   RO         5509    .text               mc_w.l(ctype_o.o)
    0x0002746c   0x0002746c   0x00000024   Code   RO         5537    .text               mc_w.l(memcpya.o)
    0x00027490   0x00027490   0x00000024   Code   RO         5539    .text               mc_w.l(memseta.o)
    0x000274b4   0x000274b4   0x0000000e   Code   RO         5541    .text               mc_w.l(strlen.o)
    0x000274c2   0x000274c2   0x00000012   Code   RO         5545    .text               mc_w.l(strcpy.o)
    0x000274d4   0x000274d4   0x000000e4   Code   RO         5809    .text               mf_w.l(dmul.o)
    0x000275b8   0x000275b8   0x00000022   Code   RO         5811    .text               mf_w.l(dflti.o)
    0x000275da   0x000275da   0x00000032   Code   RO         5813    .text               mf_w.l(dfixui.o)
    0x0002760c   0x0002760c   0x00000020   Code   RO         5831    .text               mc_w.l(llushr.o)
    0x0002762c   0x0002762c   0x00000000   Code   RO         5833    .text               mc_w.l(iusefp.o)
    0x0002762c   0x0002762c   0x000000ba   Code   RO         5834    .text               mf_w.l(depilogue.o)
    0x000276e6   0x000276e6   0x00000002   PAD
    0x000276e8   0x000276e8   0x00000024   Code   RO         5844    .text               mc_w.l(init.o)
    0x0002770c   0x0002770c   0x00000056   Code   RO         5856    .text               mc_w.l(__dczerorl2.o)
    0x00027762   0x00027762   0x00000002   PAD
    0x00027764   0x00027764   0x000000a4   Code   RO         2246    i.GPIOTE_IRQHandler  nrfx_gpiote.o
    0x00027808   0x00027808   0x00000058   Code   RO         2114    i.POWER_CLOCK_IRQHandler  nrfx_clock.o
    0x00027860   0x00027860   0x00000010   Code   RO         3603    i.RTC1_IRQHandler   drv_rtc.o
    0x00027870   0x00027870   0x00000148   Code   RO         1607    i.SAADC_IRQHandler  nrfx_saadc.o
    0x000279b8   0x000279b8   0x00000004   Code   RO         4969    i.SEGGER_RTT_Init   segger_rtt.o
    0x000279bc   0x000279bc   0x0000005c   Code   RO         4983    i.SEGGER_RTT_WriteNoLock  segger_rtt.o
    0x00027a18   0x00027a18   0x00000004   Code   RO         5220    i.SWI2_EGU2_IRQHandler  nrf_sdh.o
    0x00027a1c   0x00027a1c   0x000001d0   Code   RO         5438    i.SystemInit        system_nrf52.o
    0x00027bec   0x00027bec   0x0000000c   Code   RO         2571    i.UARTE0_UART0_IRQHandler  nrfx_prs.o
    0x00027bf8   0x00027bf8   0x00000068   Code   RO         4987    i._DoInit           segger_rtt.o
    0x00027c60   0x00027c60   0x00000016   Code   RO         4988    i._GetAvailWriteSpace  segger_rtt.o
    0x00027c76   0x00027c76   0x0000005a   Code   RO         4990    i._WriteBlocking    segger_rtt.o
    0x00027cd0   0x00027cd0   0x00000042   Code   RO         4991    i._WriteNoCheck     segger_rtt.o
    0x00027d12   0x00027d12   0x00000002   PAD
    0x00027d14   0x00027d14   0x00000010   Code   RO         5550    i.__0printf$bare    mc_w.l(printfb.o)
    0x00027d24   0x00027d24   0x0000000e   Code   RO         5850    i.__scatterload_copy  mc_w.l(handlers.o)
    0x00027d32   0x00027d32   0x00000002   Code   RO         5851    i.__scatterload_null  mc_w.l(handlers.o)
    0x00027d34   0x00027d34   0x0000000e   Code   RO         5852    i.__scatterload_zeroinit  mc_w.l(handlers.o)
    0x00027d42   0x00027d42   0x00000002   PAD
    0x00027d44   0x00027d44   0x00000024   Code   RO         5221    i.__sd_nvic_app_accessible_irq  nrf_sdh.o
    0x00027d68   0x00027d68   0x00000022   Code   RO         5557    i._printf_core      mc_w.l(printfb.o)
    0x00027d8a   0x00027d8a   0x00000010   Code   RO          912    i.adv_set_data_size_max_get  ble_advertising.o
    0x00027d9a   0x00027d9a   0x00000036   Code   RO          702    i.advertising_buttons_configure  bsp_btn_ble.o
    0x00027dd0   0x00027dd0   0x00000068   Code   RO            4    i.advertising_init  main.o
    0x00027e38   0x00027e38   0x0000001c   Code   RO            5    i.advertising_start  main.o
    0x00027e54   0x00027e54   0x000000a0   Code   RO            6    i.advertising_update_1  main.o
    0x00027ef4   0x00027ef4   0x000000a0   Code   RO            7    i.advertising_update_2  main.o
    0x00027f94   0x00027f94   0x00000006   Code   RO          585    i.alert_timer_handler  bsp.o
    0x00027f9a   0x00027f9a   0x00000002   PAD
    0x00027f9c   0x00027f9c   0x00000024   Code   RO         2991    i.app_button_enable  app_button.o
    0x00027fc0   0x00027fc0   0x00000080   Code   RO         2992    i.app_button_init   app_button.o
    0x00028040   0x00028040   0x00000084   Code   RO         3149    i.app_error_fault_handler  app_error_weak.o
    0x000280c4   0x000280c4   0x00000016   Code   RO         3089    i.app_error_handler_bare  app_error.o
    0x000280da   0x000280da   0x00000016   Code   RO         3193    i.app_fifo_get      app_fifo.o
    0x000280f0   0x000280f0   0x00000020   Code   RO         3194    i.app_fifo_init     app_fifo.o
    0x00028110   0x00028110   0x0000001a   Code   RO         3196    i.app_fifo_put      app_fifo.o
    0x0002812a   0x0002812a   0x00000002   PAD
    0x0002812c   0x0002812c   0x0000000c   Code   RO         3317    i.app_timer_cnt_get  app_timer2.o
    0x00028138   0x00028138   0x00000020   Code   RO         3318    i.app_timer_create  app_timer2.o
    0x00028158   0x00028158   0x0000005c   Code   RO         3319    i.app_timer_init    app_timer2.o
    0x000281b4   0x000281b4   0x00000054   Code   RO         3322    i.app_timer_start   app_timer2.o
    0x00028208   0x00028208   0x00000044   Code   RO         3323    i.app_timer_stop    app_timer2.o
    0x0002824c   0x0002824c   0x00000034   Code   RO         3460    i.app_uart_get      app_uart_fifo.o
    0x00028280   0x00028280   0x000000a4   Code   RO         3461    i.app_uart_init     app_uart_fifo.o
    0x00028324   0x00028324   0x00000054   Code   RO         3462    i.app_uart_put      app_uart_fifo.o
    0x00028378   0x00028378   0x00000048   Code   RO         3535    i.app_util_critical_region_enter  app_util_platform.o
    0x000283c0   0x000283c0   0x00000034   Code   RO         3536    i.app_util_critical_region_exit  app_util_platform.o
    0x000283f4   0x000283f4   0x00000076   Code   RO         2625    i.apply_config      nrfx_uart.o
    0x0002846a   0x0002846a   0x00000076   Code   RO         2820    i.apply_config      nrfx_uarte.o
    0x000284e0   0x000284e0   0x00000034   Code   RO            9    i.bas_event_handler  main.o
    0x00028514   0x00028514   0x0000009c   Code   RO         1489    i.battery_level_char_add  ble_bas.o
    0x000285b0   0x000285b0   0x0000000a   Code   RO         1490    i.battery_notification_send  ble_bas.o
    0x000285ba   0x000285ba   0x00000048   Code   RO         1260    i.blcm_link_ctx_get  ble_link_ctx_manager.o
    0x00028602   0x00028602   0x00000182   Code   RO          806    i.ble_advdata_encode  ble_advdata.o
    0x00028784   0x00028784   0x00000020   Code   RO          808    i.ble_advdata_parse  ble_advdata.o
    0x000287a4   0x000287a4   0x00000046   Code   RO          809    i.ble_advdata_search  ble_advdata.o
    0x000287ea   0x000287ea   0x00000006   Code   RO          914    i.ble_advertising_conn_cfg_tag_set  ble_advertising.o
    0x000287f0   0x000287f0   0x000000e8   Code   RO          915    i.ble_advertising_init  ble_advertising.o
    0x000288d8   0x000288d8   0x0000006a   Code   RO          917    i.ble_advertising_on_ble_evt  ble_advertising.o
    0x00028942   0x00028942   0x0000003a   Code   RO          919    i.ble_advertising_restart_without_whitelist  ble_advertising.o
    0x0002897c   0x0002897c   0x00000230   Code   RO          920    i.ble_advertising_start  ble_advertising.o
    0x00028bac   0x00028bac   0x000000c0   Code   RO         1491    i.ble_bas_battery_level_update  ble_bas.o
    0x00028c6c   0x00028c6c   0x0000003e   Code   RO         1493    i.ble_bas_init      ble_bas.o
    0x00028caa   0x00028caa   0x00000052   Code   RO         1494    i.ble_bas_on_ble_evt  ble_bas.o
    0x00028cfc   0x00028cfc   0x00000068   Code   RO         1017    i.ble_conn_params_init  ble_conn_params.o
    0x00028d64   0x00028d64   0x0000000c   Code   RO         1091    i.ble_conn_state_conn_handles  ble_conn_state.o
    0x00028d70   0x00028d70   0x00000012   Code   RO         1092    i.ble_conn_state_conn_idx  ble_conn_state.o
    0x00028d82   0x00028d82   0x00000002   PAD
    0x00028d84   0x00028d84   0x00000024   Code   RO         1102    i.ble_conn_state_status  ble_conn_state.o
    0x00028da8   0x00028da8   0x00000014   Code   RO         1106    i.ble_conn_state_valid  ble_conn_state.o
    0x00028dbc   0x00028dbc   0x00000060   Code   RO          812    i.ble_device_addr_encode  ble_advdata.o
    0x00028e1c   0x00028e1c   0x000000dc   Code   RO           10    i.ble_evt_handler   main.o
    0x00028ef8   0x00028ef8   0x00000070   Code   RO          703    i.ble_evt_handler   bsp_btn_ble.o
    0x00028f68   0x00028f68   0x000000fc   Code   RO         1019    i.ble_evt_handler   ble_conn_params.o
    0x00029064   0x00029064   0x00000118   Code   RO         1107    i.ble_evt_handler   ble_conn_state.o
    0x0002917c   0x0002917c   0x00000066   Code   RO         1552    i.ble_nus_data_send  ble_nus.o
    0x000291e2   0x000291e2   0x00000002   PAD
    0x000291e4   0x000291e4   0x000000d4   Code   RO         1553    i.ble_nus_init      ble_nus.o
    0x000292b8   0x000292b8   0x00000076   Code   RO         1554    i.ble_nus_on_ble_evt  ble_nus.o
    0x0002932e   0x0002932e   0x00000008   Code   RO         1286    i.ble_srv_is_notification_enabled  ble_srv_common.o
    0x00029336   0x00029336   0x0000000c   Code   RO         1287    i.ble_srv_report_ref_encode  ble_srv_common.o
    0x00029342   0x00029342   0x00000002   PAD
    0x00029344   0x00029344   0x0000000c   Code   RO          463    i.bsp_board_button_idx_to_pin  boards.o
    0x00029350   0x00029350   0x00000028   Code   RO          464    i.bsp_board_button_state_get  boards.o
    0x00029378   0x00029378   0x00000054   Code   RO          465    i.bsp_board_init    boards.o
    0x000293cc   0x000293cc   0x0000002c   Code   RO          467    i.bsp_board_led_invert  boards.o
    0x000293f8   0x000293f8   0x00000010   Code   RO          468    i.bsp_board_led_off  boards.o
    0x00029408   0x00029408   0x00000010   Code   RO          469    i.bsp_board_led_on  boards.o
    0x00029418   0x00029418   0x00000028   Code   RO          470    i.bsp_board_led_state_get  boards.o
    0x00029440   0x00029440   0x00000012   Code   RO          471    i.bsp_board_leds_off  boards.o
    0x00029452   0x00029452   0x00000012   Code   RO          472    i.bsp_board_leds_on  boards.o
    0x00029464   0x00029464   0x00000024   Code   RO          473    i.bsp_board_pin_to_button_idx  boards.o
    0x00029488   0x00029488   0x00000038   Code   RO          704    i.bsp_btn_ble_init  bsp_btn_ble.o
    0x000294c0   0x000294c0   0x0000001e   Code   RO          705    i.bsp_btn_ble_sleep_mode_prepare  bsp_btn_ble.o
    0x000294de   0x000294de   0x00000002   PAD
    0x000294e0   0x000294e0   0x00000090   Code   RO          586    i.bsp_button_event_handler  bsp.o
    0x00029570   0x00029570   0x0000000c   Code   RO          587    i.bsp_button_is_pressed  bsp.o
    0x0002957c   0x0002957c   0x00000098   Code   RO           11    i.bsp_event_handler  main.o
    0x00029614   0x00029614   0x00000044   Code   RO          590    i.bsp_event_to_button_action_assign  bsp.o
    0x00029658   0x00029658   0x00000018   Code   RO          591    i.bsp_indication_set  bsp.o
    0x00029670   0x00029670   0x00000094   Code   RO          592    i.bsp_init          bsp.o
    0x00029704   0x00029704   0x000001c8   Code   RO          593    i.bsp_led_indication  bsp.o
    0x000298cc   0x000298cc   0x00000006   Code   RO          595    i.bsp_wakeup_button_enable  bsp.o
    0x000298d2   0x000298d2   0x00000002   PAD
    0x000298d4   0x000298d4   0x00000094   Code   RO         4717    i.buf_prealloc      nrf_log_frontend.o
    0x00029968   0x00029968   0x0000001e   Code   RO         4162    i.buffer_add        nrf_fprintf_format.o
    0x00029986   0x00029986   0x00000002   PAD
    0x00029988   0x00029988   0x00000018   Code   RO         4718    i.buffer_is_empty   nrf_log_frontend.o
    0x000299a0   0x000299a0   0x00000028   Code   RO         2994    i.button_get        app_button.o
    0x000299c8   0x000299c8   0x00000008   Code   RO          596    i.button_timer_handler  bsp.o
    0x000299d0   0x000299d0   0x0000001c   Code   RO         2247    i.channel_free      nrfx_gpiote.o
    0x000299ec   0x000299ec   0x00000048   Code   RO         2248    i.channel_port_alloc  nrfx_gpiote.o
    0x00029a34   0x00029a34   0x00000010   Code   RO         2249    i.channel_port_get  nrfx_gpiote.o
    0x00029a44   0x00029a44   0x00000190   Code   RO         1288    i.characteristic_add  ble_srv_common.o
    0x00029bd4   0x00029bd4   0x00000028   Code   RO         1769    i.clock_clk_started_notify  nrf_drv_clock.o
    0x00029bfc   0x00029bfc   0x0000001c   Code   RO         1770    i.clock_irq_handler  nrf_drv_clock.o
    0x00029c18   0x00029c18   0x00000018   Code   RO         3325    i.compare_func      app_timer2.o
    0x00029c30   0x00029c30   0x0000003e   Code   RO         1108    i.conn_handle_list_get  ble_conn_state.o
    0x00029c6e   0x00029c6e   0x00000088   Code   RO          813    i.conn_int_encode   ble_advdata.o
    0x00029cf6   0x00029cf6   0x00000004   Code   RO           12    i.conn_params_error_handler  main.o
    0x00029cfa   0x00029cfa   0x00000002   PAD
    0x00029cfc   0x00029cfc   0x00000048   Code   RO         1020    i.conn_params_negotiation  ble_conn_params.o
    0x00029d44   0x00029d44   0x000000c0   Code   RO         1346    i.data_length_update  nrf_ble_gatt.o
    0x00029e04   0x00029e04   0x000000aa   Code   RO         1289    i.descriptor_add    ble_srv_common.o
    0x00029eae   0x00029eae   0x00000002   PAD
    0x00029eb0   0x00029eb0   0x00000048   Code   RO         2995    i.detection_delay_timeout_handler  app_button.o
    0x00029ef8   0x00029ef8   0x00000014   Code   RO         4719    i.dropped_sat16_get  nrf_log_frontend.o
    0x00029f0c   0x00029f0c   0x00000014   Code   RO         3604    i.drv_rtc_compare_disable  drv_rtc.o
    0x00029f20   0x00029f20   0x0000000e   Code   RO         3607    i.drv_rtc_compare_pending  drv_rtc.o
    0x00029f2e   0x00029f2e   0x00000050   Code   RO         3608    i.drv_rtc_compare_set  drv_rtc.o
    0x00029f7e   0x00029f7e   0x00000008   Code   RO         3609    i.drv_rtc_counter_get  drv_rtc.o
    0x00029f86   0x00029f86   0x00000002   PAD
    0x00029f88   0x00029f88   0x000000d8   Code   RO         3610    i.drv_rtc_init      drv_rtc.o
    0x0002a060   0x0002a060   0x0000001e   Code   RO         3611    i.drv_rtc_irq_trigger  drv_rtc.o
    0x0002a07e   0x0002a07e   0x00000008   Code   RO         3613    i.drv_rtc_overflow_enable  drv_rtc.o
    0x0002a086   0x0002a086   0x00000008   Code   RO         3614    i.drv_rtc_overflow_pending  drv_rtc.o
    0x0002a08e   0x0002a08e   0x00000008   Code   RO         3615    i.drv_rtc_start     drv_rtc.o
    0x0002a096   0x0002a096   0x00000008   Code   RO         3616    i.drv_rtc_stop      drv_rtc.o
    0x0002a09e   0x0002a09e   0x000000de   Code   RO         3621    i.drv_rtc_windowed_compare_set  drv_rtc.o
    0x0002a17c   0x0002a17c   0x00000012   Code   RO         3622    i.evt_enable        drv_rtc.o
    0x0002a18e   0x0002a18e   0x00000002   PAD
    0x0002a190   0x0002a190   0x000000e0   Code   RO         2996    i.evt_handle        app_button.o
    0x0002a270   0x0002a270   0x00000014   Code   RO         3623    i.evt_pending       drv_rtc.o
    0x0002a284   0x0002a284   0x00000014   Code   RO         3199    i.fifo_get          app_fifo.o
    0x0002a298   0x0002a298   0x00000012   Code   RO         3200    i.fifo_put          app_fifo.o
    0x0002a2aa   0x0002a2aa   0x0000000a   Code   RO         1109    i.flag_toggle       ble_conn_state.o
    0x0002a2b4   0x0002a2b4   0x00000028   Code   RO          922    i.flags_set         ble_advertising.o
    0x0002a2dc   0x0002a2dc   0x0000000e   Code   RO         4541    i.fputc             retarget.o
    0x0002a2ea   0x0002a2ea   0x00000002   PAD
    0x0002a2ec   0x0002a2ec   0x0000005c   Code   RO           13    i.gatt_evt_handler  main.o
    0x0002a348   0x0002a348   0x00000030   Code   RO           14    i.gatt_init         main.o
    0x0002a378   0x0002a378   0x00000034   Code   RO         3326    i.get_now           app_timer2.o
    0x0002a3ac   0x0002a3ac   0x0000003c   Code   RO         2997    i.gpiote_event_handler  app_button.o
    0x0002a3e8   0x0002a3e8   0x00000014   Code   RO         1021    i.instance_get      ble_conn_params.o
    0x0002a3fc   0x0002a3fc   0x000000a6   Code   RO         4163    i.int_print         nrf_fprintf_format.o
    0x0002a4a2   0x0002a4a2   0x00000002   PAD
    0x0002a4a4   0x0002a4a4   0x00000088   Code   RO         2821    i.interrupts_enable  nrfx_uarte.o
    0x0002a52c   0x0002a52c   0x00000034   Code   RO         4720    i.invalid_packets_omit  nrf_log_frontend.o
    0x0002a560   0x0002a560   0x00000044   Code   RO         1022    i.is_conn_params_ok  ble_conn_params.o
    0x0002a5a4   0x0002a5a4   0x00000030   Code   RO          597    i.leds_off          bsp.o
    0x0002a5d4   0x0002a5d4   0x00000014   Code   RO          598    i.leds_timer_handler  bsp.o
    0x0002a5e8   0x0002a5e8   0x00000018   Code   RO         1347    i.link_init         nrf_ble_gatt.o
    0x0002a600   0x0002a600   0x00000002   Code   RO         4721    i.log_pending_hook  nrf_log_frontend.o
    0x0002a602   0x0002a602   0x00000002   PAD
    0x0002a604   0x0002a604   0x000000a4   Code   RO         4722    i.log_skip          nrf_log_frontend.o
    0x0002a6a8   0x0002a6a8   0x00000014   Code   RO           15    i.m_battery_timer_handler  main.o
    0x0002a6bc   0x0002a6bc   0x000001e0   Code   RO           16    i.main              main.o
    0x0002a89c   0x0002a89c   0x00000064   Code   RO          814    i.manuf_specific_data_encode  ble_advdata.o
    0x0002a900   0x0002a900   0x0000007e   Code   RO         4202    i.memobj_op         nrf_memobj.o
    0x0002a97e   0x0002a97e   0x00000002   PAD
    0x0002a980   0x0002a980   0x00000030   Code   RO         4723    i.module_idx_get    nrf_log_frontend.o
    0x0002a9b0   0x0002a9b0   0x000000a6   Code   RO          815    i.name_encode       ble_advdata.o
    0x0002aa56   0x0002aa56   0x00000026   Code   RO         3818    i.nrf_atfifo_init   nrf_atfifo.o
    0x0002aa7c   0x0002aa7c   0x00000016   Code   RO         3819    i.nrf_atfifo_item_alloc  nrf_atfifo.o
    0x0002aa92   0x0002aa92   0x00000016   Code   RO         3820    i.nrf_atfifo_item_free  nrf_atfifo.o
    0x0002aaa8   0x0002aaa8   0x00000016   Code   RO         3821    i.nrf_atfifo_item_get  nrf_atfifo.o
    0x0002aabe   0x0002aabe   0x00000016   Code   RO         3822    i.nrf_atfifo_item_put  nrf_atfifo.o
    0x0002aad4   0x0002aad4   0x00000016   Code   RO         3884    i.nrf_atflags_clear  nrf_atflags.o
    0x0002aaea   0x0002aaea   0x00000016   Code   RO         3889    i.nrf_atflags_get   nrf_atflags.o
    0x0002ab00   0x0002ab00   0x00000014   Code   RO         3891    i.nrf_atflags_set   nrf_atflags.o
    0x0002ab14   0x0002ab14   0x00000006   Code   RO         3952    i.nrf_atomic_flag_clear_fetch  nrf_atomic.o
    0x0002ab1a   0x0002ab1a   0x00000006   Code   RO         3953    i.nrf_atomic_flag_set  nrf_atomic.o
    0x0002ab20   0x0002ab20   0x0000000c   Code   RO         3955    i.nrf_atomic_u32_add  nrf_atomic.o
    0x0002ab2c   0x0002ab2c   0x0000000c   Code   RO         3956    i.nrf_atomic_u32_and  nrf_atomic.o
    0x0002ab38   0x0002ab38   0x0000000a   Code   RO         3959    i.nrf_atomic_u32_fetch_and  nrf_atomic.o
    0x0002ab42   0x0002ab42   0x0000000a   Code   RO         3961    i.nrf_atomic_u32_fetch_store  nrf_atomic.o
    0x0002ab4c   0x0002ab4c   0x0000000c   Code   RO         3965    i.nrf_atomic_u32_or  nrf_atomic.o
    0x0002ab58   0x0002ab58   0x0000000c   Code   RO         3967    i.nrf_atomic_u32_sub  nrf_atomic.o
    0x0002ab64   0x0002ab64   0x00000044   Code   RO         4086    i.nrf_balloc_alloc  nrf_balloc.o
    0x0002aba8   0x0002aba8   0x00000030   Code   RO         4087    i.nrf_balloc_free   nrf_balloc.o
    0x0002abd8   0x0002abd8   0x00000030   Code   RO         4088    i.nrf_balloc_init   nrf_balloc.o
    0x0002ac08   0x0002ac08   0x00000010   Code   RO         2250    i.nrf_bitmask_bit_is_set  nrfx_gpiote.o
    0x0002ac18   0x0002ac18   0x00000018   Code   RO         1349    i.nrf_ble_gatt_att_mtu_periph_set  nrf_ble_gatt.o
    0x0002ac30   0x0002ac30   0x00000022   Code   RO         1353    i.nrf_ble_gatt_init  nrf_ble_gatt.o
    0x0002ac52   0x0002ac52   0x00000002   PAD
    0x0002ac54   0x0002ac54   0x00000150   Code   RO         1354    i.nrf_ble_gatt_on_ble_evt  nrf_ble_gatt.o
    0x0002ada4   0x0002ada4   0x00000016   Code   RO         1448    i.nrf_ble_qwr_conn_handle_assign  nrf_ble_qwr.o
    0x0002adba   0x0002adba   0x00000024   Code   RO         1449    i.nrf_ble_qwr_init  nrf_ble_qwr.o
    0x0002adde   0x0002adde   0x000000b6   Code   RO         1450    i.nrf_ble_qwr_on_ble_evt  nrf_ble_qwr.o
    0x0002ae94   0x0002ae94   0x0000000e   Code   RO         2115    i.nrf_clock_event_check  nrfx_clock.o
    0x0002aea2   0x0002aea2   0x00000010   Code   RO         2116    i.nrf_clock_event_clear  nrfx_clock.o
    0x0002aeb2   0x0002aeb2   0x00000002   PAD
    0x0002aeb4   0x0002aeb4   0x00000040   Code   RO         1777    i.nrf_drv_clock_init  nrf_drv_clock.o
    0x0002aef4   0x0002aef4   0x00000034   Code   RO         1781    i.nrf_drv_clock_lfclk_release  nrf_drv_clock.o
    0x0002af28   0x0002af28   0x00000068   Code   RO         1923    i.nrf_drv_uart_init  nrf_drv_uart.o
    0x0002af90   0x0002af90   0x00000020   Code   RO         3463    i.nrf_drv_uart_rx   app_uart_fifo.o
    0x0002afb0   0x0002afb0   0x00000020   Code   RO         3464    i.nrf_drv_uart_tx   app_uart_fifo.o
    0x0002afd0   0x0002afd0   0x0000001a   Code   RO         4123    i.nrf_fprintf       nrf_fprintf.o
    0x0002afea   0x0002afea   0x00000018   Code   RO         4124    i.nrf_fprintf_buffer_flush  nrf_fprintf.o
    0x0002b002   0x0002b002   0x000001da   Code   RO         4164    i.nrf_fprintf_fmt   nrf_fprintf_format.o
    0x0002b1dc   0x0002b1dc   0x00000032   Code   RO          475    i.nrf_gpio_cfg      boards.o
    0x0002b20e   0x0002b20e   0x00000032   Code   RO         2251    i.nrf_gpio_cfg      nrfx_gpiote.o
    0x0002b240   0x0002b240   0x00000032   Code   RO         2626    i.nrf_gpio_cfg      nrfx_uart.o
    0x0002b272   0x0002b272   0x00000032   Code   RO         2822    i.nrf_gpio_cfg      nrfx_uarte.o
    0x0002b2a4   0x0002b2a4   0x00000012   Code   RO         2628    i.nrf_gpio_cfg_input  nrfx_uart.o
    0x0002b2b6   0x0002b2b6   0x00000012   Code   RO         2824    i.nrf_gpio_cfg_input  nrfx_uarte.o
    0x0002b2c8   0x0002b2c8   0x00000014   Code   RO         2629    i.nrf_gpio_cfg_output  nrfx_uart.o
    0x0002b2dc   0x0002b2dc   0x00000014   Code   RO         2825    i.nrf_gpio_cfg_output  nrfx_uarte.o
    0x0002b2f0   0x0002b2f0   0x00000030   Code   RO         2253    i.nrf_gpio_cfg_sense_set  nrfx_gpiote.o
    0x0002b320   0x0002b320   0x00000030   Code   RO         2254    i.nrf_gpio_latches_read_and_clear  nrfx_gpiote.o
    0x0002b350   0x0002b350   0x0000001c   Code   RO          476    i.nrf_gpio_pin_port_decode  boards.o
    0x0002b36c   0x0002b36c   0x0000001c   Code   RO         2256    i.nrf_gpio_pin_port_decode  nrfx_gpiote.o
    0x0002b388   0x0002b388   0x0000001c   Code   RO         2630    i.nrf_gpio_pin_port_decode  nrfx_uart.o
    0x0002b3a4   0x0002b3a4   0x0000001c   Code   RO         2826    i.nrf_gpio_pin_port_decode  nrfx_uarte.o
    0x0002b3c0   0x0002b3c0   0x0000002c   Code   RO         2257    i.nrf_gpio_pin_present_check  nrfx_gpiote.o
    0x0002b3ec   0x0002b3ec   0x00000016   Code   RO         2258    i.nrf_gpio_pin_read  nrfx_gpiote.o
    0x0002b402   0x0002b402   0x00000014   Code   RO         2631    i.nrf_gpio_pin_set  nrfx_uart.o
    0x0002b416   0x0002b416   0x00000014   Code   RO         2827    i.nrf_gpio_pin_set  nrfx_uarte.o
    0x0002b42a   0x0002b42a   0x00000026   Code   RO          477    i.nrf_gpio_pin_write  boards.o
    0x0002b450   0x0002b450   0x00000014   Code   RO         2260    i.nrf_gpiote_event_clear  nrfx_gpiote.o
    0x0002b464   0x0002b464   0x00000010   Code   RO         2261    i.nrf_gpiote_event_is_set  nrfx_gpiote.o
    0x0002b474   0x0002b474   0x0000005c   Code   RO         4724    i.nrf_log_backend_add  nrf_log_frontend.o
    0x0002b4d0   0x0002b4d0   0x00000002   Code   RO         4578    i.nrf_log_backend_rtt_flush  nrf_log_backend_rtt.o
    0x0002b4d2   0x0002b4d2   0x00000004   Code   RO         4579    i.nrf_log_backend_rtt_init  nrf_log_backend_rtt.o
    0x0002b4d6   0x0002b4d6   0x00000002   Code   RO         4580    i.nrf_log_backend_rtt_panic_set  nrf_log_backend_rtt.o
    0x0002b4d8   0x0002b4d8   0x00000018   Code   RO         4581    i.nrf_log_backend_rtt_put  nrf_log_backend_rtt.o
    0x0002b4f0   0x0002b4f0   0x000000c8   Code   RO         4647    i.nrf_log_backend_serial_put  nrf_log_backend_serial.o
    0x0002b5b8   0x0002b5b8   0x00000030   Code   RO         4726    i.nrf_log_color_id_get  nrf_log_frontend.o
    0x0002b5e8   0x0002b5e8   0x0000001c   Code   RO         4681    i.nrf_log_default_backends_init  nrf_log_default_backends.o
    0x0002b604   0x0002b604   0x00000238   Code   RO         4727    i.nrf_log_frontend_dequeue  nrf_log_frontend.o
    0x0002b83c   0x0002b83c   0x00000008   Code   RO         4729    i.nrf_log_frontend_std_0  nrf_log_frontend.o
    0x0002b844   0x0002b844   0x0000000e   Code   RO         4730    i.nrf_log_frontend_std_1  nrf_log_frontend.o
    0x0002b852   0x0002b852   0x00000010   Code   RO         4731    i.nrf_log_frontend_std_2  nrf_log_frontend.o
    0x0002b862   0x0002b862   0x00000002   PAD
    0x0002b864   0x0002b864   0x000000b0   Code   RO         4910    i.nrf_log_hexdump_entry_process  nrf_log_str_formatter.o
    0x0002b914   0x0002b914   0x00000028   Code   RO         4736    i.nrf_log_init      nrf_log_frontend.o
    0x0002b93c   0x0002b93c   0x00000014   Code   RO         4737    i.nrf_log_module_cnt_get  nrf_log_frontend.o
    0x0002b950   0x0002b950   0x0000001c   Code   RO         4740    i.nrf_log_module_name_get  nrf_log_frontend.o
    0x0002b96c   0x0002b96c   0x00000028   Code   RO         4741    i.nrf_log_panic     nrf_log_frontend.o
    0x0002b994   0x0002b994   0x000000b6   Code   RO         4911    i.nrf_log_std_entry_process  nrf_log_str_formatter.o
    0x0002ba4a   0x0002ba4a   0x00000060   Code   RO         4203    i.nrf_memobj_alloc  nrf_memobj.o
    0x0002baaa   0x0002baaa   0x00000032   Code   RO         4204    i.nrf_memobj_free   nrf_memobj.o
    0x0002badc   0x0002badc   0x00000008   Code   RO         4205    i.nrf_memobj_get    nrf_memobj.o
    0x0002bae4   0x0002bae4   0x00000004   Code   RO         4206    i.nrf_memobj_pool_init  nrf_memobj.o
    0x0002bae8   0x0002bae8   0x0000001e   Code   RO         4207    i.nrf_memobj_put    nrf_memobj.o
    0x0002bb06   0x0002bb06   0x00000010   Code   RO         4208    i.nrf_memobj_read   nrf_memobj.o
    0x0002bb16   0x0002bb16   0x00000010   Code   RO         4209    i.nrf_memobj_write  nrf_memobj.o
    0x0002bb26   0x0002bb26   0x00000002   PAD
    0x0002bb28   0x0002bb28   0x00000028   Code   RO         4281    i.nrf_pwr_mgmt_init  nrf_pwr_mgmt.o
    0x0002bb50   0x0002bb50   0x00000044   Code   RO         4282    i.nrf_pwr_mgmt_run  nrf_pwr_mgmt.o
    0x0002bb94   0x0002bb94   0x00000004   Code   RO           17    i.nrf_qwr_error_handler  main.o
    0x0002bb98   0x0002bb98   0x0000001c   Code   RO         4358    i.nrf_ringbuf_init  nrf_ringbuf.o
    0x0002bbb4   0x0002bbb4   0x0000000c   Code   RO         3624    i.nrf_rtc_event_clear  drv_rtc.o
    0x0002bbc0   0x0002bbc0   0x00000010   Code   RO         1608    i.nrf_saadc_buffer_init  nrfx_saadc.o
    0x0002bbd0   0x0002bbd0   0x00000014   Code   RO         1609    i.nrf_saadc_channel_input_set  nrfx_saadc.o
    0x0002bbe4   0x0002bbe4   0x00000010   Code   RO         1610    i.nrf_saadc_event_check  nrfx_saadc.o
    0x0002bbf4   0x0002bbf4   0x00000014   Code   RO         1611    i.nrf_saadc_event_clear  nrfx_saadc.o
    0x0002bc08   0x0002bc08   0x00000014   Code   RO         5341    i.nrf_sdh_ble_app_ram_start_get  nrf_sdh_ble.o
    0x0002bc1c   0x0002bc1c   0x00000130   Code   RO         5342    i.nrf_sdh_ble_default_cfg_set  nrf_sdh_ble.o
    0x0002bd4c   0x0002bd4c   0x00000130   Code   RO         5343    i.nrf_sdh_ble_enable  nrf_sdh_ble.o
    0x0002be7c   0x0002be7c   0x00000060   Code   RO         5344    i.nrf_sdh_ble_evts_poll  nrf_sdh_ble.o
    0x0002bedc   0x0002bedc   0x00000074   Code   RO         5223    i.nrf_sdh_enable_request  nrf_sdh.o
    0x0002bf50   0x0002bf50   0x00000024   Code   RO         5224    i.nrf_sdh_evts_poll  nrf_sdh.o
    0x0002bf74   0x0002bf74   0x0000000c   Code   RO         5225    i.nrf_sdh_is_enabled  nrf_sdh.o
    0x0002bf80   0x0002bf80   0x0000003c   Code   RO         5395    i.nrf_sdh_soc_evts_poll  nrf_sdh_soc.o
    0x0002bfbc   0x0002bfbc   0x0000000a   Code   RO         4416    i.nrf_section_iter_init  nrf_section_iter.o
    0x0002bfc6   0x0002bfc6   0x00000024   Code   RO         4417    i.nrf_section_iter_item_set  nrf_section_iter.o
    0x0002bfea   0x0002bfea   0x00000020   Code   RO         4418    i.nrf_section_iter_next  nrf_section_iter.o
    0x0002c00a   0x0002c00a   0x00000022   Code   RO         4451    i.nrf_sortlist_add  nrf_sortlist.o
    0x0002c02c   0x0002c02c   0x00000006   Code   RO         4453    i.nrf_sortlist_peek  nrf_sortlist.o
    0x0002c032   0x0002c032   0x0000000e   Code   RO         4454    i.nrf_sortlist_pop  nrf_sortlist.o
    0x0002c040   0x0002c040   0x0000001e   Code   RO         4455    i.nrf_sortlist_remove  nrf_sortlist.o
    0x0002c05e   0x0002c05e   0x00000002   PAD
    0x0002c060   0x0002c060   0x00000038   Code   RO         4507    i.nrf_strerror_find  nrf_strerror.o
    0x0002c098   0x0002c098   0x00000014   Code   RO         4508    i.nrf_strerror_get  nrf_strerror.o
    0x0002c0ac   0x0002c0ac   0x0000000a   Code   RO         2632    i.nrf_uart_event_check  nrfx_uart.o
    0x0002c0b6   0x0002c0b6   0x0000000c   Code   RO         2633    i.nrf_uart_event_clear  nrfx_uart.o
    0x0002c0c2   0x0002c0c2   0x0000000c   Code   RO         2634    i.nrf_uart_int_enable_check  nrfx_uart.o
    0x0002c0ce   0x0002c0ce   0x0000000a   Code   RO         2828    i.nrf_uarte_event_check  nrfx_uarte.o
    0x0002c0d8   0x0002c0d8   0x0000000c   Code   RO         2829    i.nrf_uarte_event_clear  nrfx_uarte.o
    0x0002c0e4   0x0002c0e4   0x00000010   Code   RO         1784    i.nrf_wdt_started   nrf_drv_clock.o
    0x0002c0f4   0x0002c0f4   0x0000002c   Code   RO         2121    i.nrfx_clock_enable  nrfx_clock.o
    0x0002c120   0x0002c120   0x00000020   Code   RO         2124    i.nrfx_clock_init   nrfx_clock.o
    0x0002c140   0x0002c140   0x00000030   Code   RO         2127    i.nrfx_clock_lfclk_stop  nrfx_clock.o
    0x0002c170   0x0002c170   0x00000010   Code   RO         3625    i.nrfx_coredep_delay_us  drv_rtc.o
    0x0002c180   0x0002c180   0x00000098   Code   RO         2267    i.nrfx_gpiote_in_event_enable  nrfx_gpiote.o
    0x0002c218   0x0002c218   0x000000d0   Code   RO         2269    i.nrfx_gpiote_in_init  nrfx_gpiote.o
    0x0002c2e8   0x0002c2e8   0x0000000e   Code   RO         2270    i.nrfx_gpiote_in_is_set  nrfx_gpiote.o
    0x0002c2f6   0x0002c2f6   0x00000002   PAD
    0x0002c2f8   0x0002c2f8   0x00000078   Code   RO         2272    i.nrfx_gpiote_init  nrfx_gpiote.o
    0x0002c370   0x0002c370   0x00000014   Code   RO         2273    i.nrfx_gpiote_is_init  nrfx_gpiote.o
    0x0002c384   0x0002c384   0x00000010   Code   RO         2830    i.nrfx_is_in_ram    nrfx_uarte.o
    0x0002c394   0x0002c394   0x0000003a   Code   RO         2572    i.nrfx_prs_acquire  nrfx_prs.o
    0x0002c3ce   0x0002c3ce   0x00000002   PAD
    0x0002c3d0   0x0002c3d0   0x000000a4   Code   RO         1615    i.nrfx_saadc_buffer_convert  nrfx_saadc.o
    0x0002c474   0x0002c474   0x0000008c   Code   RO         1617    i.nrfx_saadc_channel_init  nrfx_saadc.o
    0x0002c500   0x0002c500   0x00000094   Code   RO         1619    i.nrfx_saadc_init   nrfx_saadc.o
    0x0002c594   0x0002c594   0x0000002c   Code   RO         1622    i.nrfx_saadc_sample  nrfx_saadc.o
    0x0002c5c0   0x0002c5c0   0x00000010   Code   RO         2635    i.nrfx_uart_0_irq_handler  nrfx_uart.o
    0x0002c5d0   0x0002c5d0   0x000000d4   Code   RO         2637    i.nrfx_uart_init    nrfx_uart.o
    0x0002c6a4   0x0002c6a4   0x000000ec   Code   RO         2638    i.nrfx_uart_rx      nrfx_uart.o
    0x0002c790   0x0002c790   0x000000a8   Code   RO         2643    i.nrfx_uart_tx      nrfx_uart.o
    0x0002c838   0x0002c838   0x00000020   Code   RO         2645    i.nrfx_uart_tx_in_progress  nrfx_uart.o
    0x0002c858   0x0002c858   0x00000010   Code   RO         2831    i.nrfx_uarte_0_irq_handler  nrfx_uarte.o
    0x0002c868   0x0002c868   0x0000006c   Code   RO         2833    i.nrfx_uarte_init   nrfx_uarte.o
    0x0002c8d4   0x0002c8d4   0x00000104   Code   RO         2834    i.nrfx_uarte_rx     nrfx_uarte.o
    0x0002c9d8   0x0002c9d8   0x000000ac   Code   RO         2837    i.nrfx_uarte_tx     nrfx_uarte.o
    0x0002ca84   0x0002ca84   0x0000001c   Code   RO         2839    i.nrfx_uarte_tx_in_progress  nrfx_uarte.o
    0x0002caa0   0x0002caa0   0x00000098   Code   RO           18    i.nus_data_handler  main.o
    0x0002cb38   0x0002cb38   0x00000018   Code   RO         5439    i.nvmc_config       system_nrf52.o
    0x0002cb50   0x0002cb50   0x00000024   Code   RO           19    i.on_adv_evt        main.o
    0x0002cb74   0x0002cb74   0x0000001c   Code   RO           20    i.on_conn_params_evt  main.o
    0x0002cb90   0x0002cb90   0x0000006a   Code   RO         1555    i.on_connect        ble_nus.o
    0x0002cbfa   0x0002cbfa   0x00000002   PAD
    0x0002cbfc   0x0002cbfc   0x000000a8   Code   RO         1355    i.on_connected_evt  nrf_ble_gatt.o
    0x0002cca4   0x0002cca4   0x000000ac   Code   RO         1356    i.on_exchange_mtu_request_evt  nrf_ble_gatt.o
    0x0002cd50   0x0002cd50   0x00000084   Code   RO         1556    i.on_write          ble_nus.o
    0x0002cdd4   0x0002cdd4   0x00000016   Code   RO          923    i.phy_is_valid      ble_advertising.o
    0x0002cdea   0x0002cdea   0x00000002   PAD
    0x0002cdec   0x0002cdec   0x0000001c   Code   RO         2291    i.pin_configured_set  nrfx_gpiote.o
    0x0002ce08   0x0002ce08   0x00000018   Code   RO         2292    i.pin_in_use_by_port  nrfx_gpiote.o
    0x0002ce20   0x0002ce20   0x00000018   Code   RO         2293    i.pin_in_use_by_te  nrfx_gpiote.o
    0x0002ce38   0x0002ce38   0x000000d0   Code   RO         2294    i.port_event_handle  nrfx_gpiote.o
    0x0002cf08   0x0002cf08   0x00000010   Code   RO         2295    i.port_handler_polarity_get  nrfx_gpiote.o
    0x0002cf18   0x0002cf18   0x0000003c   Code   RO         4913    i.postfix_process   nrf_log_str_formatter.o
    0x0002cf54   0x0002cf54   0x00000098   Code   RO         4914    i.prefix_process    nrf_log_str_formatter.o
    0x0002cfec   0x0002cfec   0x00000018   Code   RO         2574    i.prs_box_get       nrfx_prs.o
    0x0002d004   0x0002d004   0x0000005c   Code   RO         3327    i.rtc_irq           app_timer2.o
    0x0002d060   0x0002d060   0x0000006c   Code   RO         3328    i.rtc_schedule      app_timer2.o
    0x0002d0cc   0x0002d0cc   0x0000008c   Code   RO         3329    i.rtc_update        app_timer2.o
    0x0002d158   0x0002d158   0x00000032   Code   RO         2647    i.rx_byte           nrfx_uart.o
    0x0002d18a   0x0002d18a   0x00000016   Code   RO         2648    i.rx_done_event     nrfx_uart.o
    0x0002d1a0   0x0002d1a0   0x00000016   Code   RO         2841    i.rx_done_event     nrfx_uarte.o
    0x0002d1b6   0x0002d1b6   0x00000020   Code   RO         2649    i.rx_enable         nrfx_uart.o
    0x0002d1d6   0x0002d1d6   0x00000002   PAD
    0x0002d1d8   0x0002d1d8   0x00000120   Code   RO           21    i.saadc_callback    main.o
    0x0002d2f8   0x0002d2f8   0x00000058   Code   RO           22    i.saadc_init        main.o
    0x0002d350   0x0002d350   0x00000058   Code   RO         1785    i.sd_state_evt_handler  nrf_drv_clock.o
    0x0002d3a8   0x0002d3a8   0x00000030   Code   RO         5230    i.sdh_request_observer_notify  nrf_sdh.o
    0x0002d3d8   0x0002d3d8   0x0000002c   Code   RO         5231    i.sdh_state_observer_notify  nrf_sdh.o
    0x0002d404   0x0002d404   0x00000010   Code   RO         1023    i.send_error_evt    ble_conn_params.o
    0x0002d414   0x0002d414   0x00000050   Code   RO         4582    i.serial_tx         nrf_log_backend_rtt.o
    0x0002d464   0x0002d464   0x00000088   Code   RO          816    i.service_data_encode  ble_advdata.o
    0x0002d4ec   0x0002d4ec   0x00000078   Code   RO           23    i.services_init     main.o
    0x0002d564   0x0002d564   0x00000030   Code   RO         1290    i.set_security_req  ble_srv_common.o
    0x0002d594   0x0002d594   0x00000028   Code   RO           24    i.sleep_mode_enter  main.o
    0x0002d5bc   0x0002d5bc   0x00000018   Code   RO         1786    i.soc_evt_handler   nrf_drv_clock.o
    0x0002d5d4   0x0002d5d4   0x00000058   Code   RO         5233    i.softdevices_evt_irq_enable  nrf_sdh.o
    0x0002d62c   0x0002d62c   0x0000000c   Code   RO         3330    i.sortlist_pop      app_timer2.o
    0x0002d638   0x0002d638   0x00000030   Code   RO         2998    i.state_set         app_button.o
    0x0002d668   0x0002d668   0x00000098   Code   RO         4743    i.std_n             nrf_log_frontend.o
    0x0002d700   0x0002d700   0x00000098   Code   RO         3331    i.timer_expire      app_timer2.o
    0x0002d798   0x0002d798   0x00000080   Code   RO         3332    i.timer_req_process  app_timer2.o
    0x0002d818   0x0002d818   0x00000038   Code   RO         3333    i.timer_req_schedule  app_timer2.o
    0x0002d850   0x0002d850   0x00000018   Code   RO         2999    i.timer_start       app_button.o
    0x0002d868   0x0002d868   0x00000020   Code   RO         2650    i.tx_byte           nrfx_uart.o
    0x0002d888   0x0002d888   0x0000001a   Code   RO         2651    i.tx_done_event     nrfx_uart.o
    0x0002d8a2   0x0002d8a2   0x0000001a   Code   RO         2842    i.tx_done_event     nrfx_uarte.o
    0x0002d8bc   0x0002d8bc   0x00000078   Code   RO           25    i.uart_event_handle  main.o
    0x0002d934   0x0002d934   0x000000a4   Code   RO         3465    i.uart_event_handler  app_uart_fifo.o
    0x0002d9d8   0x0002d9d8   0x00000030   Code   RO         1924    i.uart_evt_handler  nrf_drv_uart.o
    0x0002da08   0x0002da08   0x0000012a   Code   RO         2652    i.uart_irq_handler  nrfx_uart.o
    0x0002db32   0x0002db32   0x00000002   PAD
    0x0002db34   0x0002db34   0x00000030   Code   RO         1925    i.uarte_evt_handler  nrf_drv_uart.o
    0x0002db64   0x0002db64   0x00000112   Code   RO         2843    i.uarte_irq_handler  nrfx_uarte.o
    0x0002dc76   0x0002dc76   0x0000000a   Code   RO          817    i.uint16_encode     ble_advdata.o
    0x0002dc80   0x0002dc80   0x000000b4   Code   RO         4165    i.unsigned_print    nrf_fprintf_format.o
    0x0002dd34   0x0002dd34   0x00000068   Code   RO         1024    i.update_timeout_handler  ble_conn_params.o
    0x0002dd9c   0x0002dd9c   0x00000018   Code   RO          924    i.use_whitelist     ble_advertising.o
    0x0002ddb4   0x0002ddb4   0x00000024   Code   RO         1451    i.user_mem_reply    nrf_ble_qwr.o
    0x0002ddd8   0x0002ddd8   0x00000020   Code   RO         3000    i.usr_event         app_button.o
    0x0002ddf8   0x0002ddf8   0x00000030   Code   RO          818    i.uuid_list_encode  ble_advdata.o
    0x0002de28   0x0002de28   0x0000009e   Code   RO          819    i.uuid_list_sized_encode  ble_advdata.o
    0x0002dec6   0x0002dec6   0x00000002   PAD
    0x0002dec8   0x0002dec8   0x0000004c   Code   RO          599    i.wakeup_button_cfg  bsp.o
    0x0002df14   0x0002df14   0x00000039   Data   RO           27    .constdata          main.o
    0x0002df4d   0x0002df4d   0x00000008   Data   RO          478    .constdata          boards.o
    0x0002df55   0x0002df55   0x00000003   PAD
    0x0002df58   0x0002df58   0x0000002c   Data   RO          601    .constdata          bsp.o
    0x0002df84   0x0002df84   0x00000016   Data   RO         1357    .constdata          nrf_ble_gatt.o
    0x0002df9a   0x0002df9a   0x00000002   PAD
    0x0002df9c   0x0002df9c   0x00000010   Data   RO         1557    .constdata          ble_nus.o
    0x0002dfac   0x0002dfac   0x00000008   Data   RO         2297    .constdata          nrfx_gpiote.o
    0x0002dfb4   0x0002dfb4   0x00000004   Data   RO         2655    .constdata          nrfx_uart.o
    0x0002dfb8   0x0002dfb8   0x00000004   Data   RO         2846    .constdata          nrfx_uarte.o
    0x0002dfbc   0x0002dfbc   0x00000008   Data   RO         3002    .constdata          app_button.o
    0x0002dfc4   0x0002dfc4   0x00000014   Data   RO         3336    .constdata          app_timer2.o
    0x0002dfd8   0x0002dfd8   0x00000020   Data   RO         3467    .constdata          app_uart_fifo.o
    0x0002dff8   0x0002dff8   0x00000008   PAD
    0x0002e000   0x0002e000   0x00000006   Data   RO         3626    .constdata          drv_rtc.o
    0x0002e006   0x0002e006   0x00000010   Data   RO         4166    .constdata          nrf_fprintf_format.o
    0x0002e016   0x0002e016   0x00000002   PAD
    0x0002e018   0x0002e018   0x00000018   Data   RO         4286    .constdata          nrf_pwr_mgmt.o
    0x0002e030   0x0002e030   0x0000000c   Data   RO         4287    .constdata          nrf_pwr_mgmt.o
    0x0002e03c   0x0002e03c   0x0000013c   Data   RO         4509    .constdata          nrf_strerror.o
    0x0002e178   0x0002e178   0x0000000c   Data   RO         4584    .constdata          nrf_log_backend_rtt.o
    0x0002e184   0x0002e184   0x0000000c   PAD
    0x0002e190   0x0002e190   0x00000006   Data   RO         4585    .constdata          nrf_log_backend_rtt.o
    0x0002e196   0x0002e196   0x00000002   PAD
    0x0002e198   0x0002e198   0x0000000c   Data   RO         4748    .constdata          nrf_log_frontend.o
    0x0002e1a4   0x0002e1a4   0x00000010   Data   RO         5234    .constdata          nrf_sdh.o
    0x0002e1b4   0x0002e1b4   0x00000028   Data   RO         5235    .constdata          nrf_sdh.o
    0x0002e1dc   0x0002e1dc   0x00000010   Data   RO         5236    .constdata          nrf_sdh.o
    0x0002e1ec   0x0002e1ec   0x00000010   Data   RO         5237    .constdata          nrf_sdh.o
    0x0002e1fc   0x0002e1fc   0x00000020   Data   RO         5345    .constdata          nrf_sdh_ble.o
    0x0002e21c   0x0002e21c   0x00000010   Data   RO         5346    .constdata          nrf_sdh_ble.o
    0x0002e22c   0x0002e22c   0x00000010   Data   RO         5396    .constdata          nrf_sdh_soc.o
    0x0002e23c   0x0002e23c   0x0000000c   Data   RO         5397    .constdata          nrf_sdh_soc.o
    0x0002e248   0x0002e248   0x00000081   Data   RO         5510    .constdata          mc_w.l(ctype_o.o)
    0x0002e2c9   0x0002e2c9   0x00000003   PAD
    0x0002e2cc   0x0002e2cc   0x00000004   Data   RO         5511    .constdata          mc_w.l(ctype_o.o)
    0x0002e2d0   0x0002e2d0   0x000000a2   Data   RO         1358    .conststring        nrf_ble_gatt.o
    0x0002e372   0x0002e372   0x00000002   PAD
    0x0002e374   0x0002e374   0x000003eb   Data   RO         4510    .conststring        nrf_strerror.o
    0x0002e75f   0x0002e75f   0x00000001   PAD
    0x0002e760   0x0002e760   0x00000066   Data   RO         4915    .conststring        nrf_log_str_formatter.o
    0x0002e7c6   0x0002e7c6   0x00000002   PAD
    0x0002e7c8   0x0002e7c8   0x000001cf   Data   RO         5347    .conststring        nrf_sdh_ble.o
    0x0002e997   0x0002e997   0x00000001   PAD
    0x0002e998   0x0002e998   0x0000000d   Data   RO         1359    .conststrlit        nrf_ble_gatt.o
    0x0002e9a5   0x0002e9a5   0x00000003   PAD
    0x0002e9a8   0x0002e9a8   0x00000008   Data   RO         1495    .conststrlit        ble_bas.o
    0x0002e9b0   0x0002e9b0   0x00000008   Data   RO         1558    .conststrlit        ble_nus.o
    0x0002e9b8   0x0002e9b8   0x00000006   Data   RO         1635    .conststrlit        nrfx_saadc.o
    0x0002e9be   0x0002e9be   0x00000002   PAD
    0x0002e9c0   0x0002e9c0   0x00000006   Data   RO         1792    .conststrlit        nrf_drv_clock.o
    0x0002e9c6   0x0002e9c6   0x00000002   PAD
    0x0002e9c8   0x0002e9c8   0x00000006   Data   RO         2131    .conststrlit        nrfx_clock.o
    0x0002e9ce   0x0002e9ce   0x00000002   PAD
    0x0002e9d0   0x0002e9d0   0x00000007   Data   RO         2301    .conststrlit        nrfx_gpiote.o
    0x0002e9d7   0x0002e9d7   0x00000001   PAD
    0x0002e9d8   0x0002e9d8   0x00000004   Data   RO         2576    .conststrlit        nrfx_prs.o
    0x0002e9dc   0x0002e9dc   0x00000005   Data   RO         2658    .conststrlit        nrfx_uart.o
    0x0002e9e1   0x0002e9e1   0x00000003   PAD
    0x0002e9e4   0x0002e9e4   0x00000006   Data   RO         2849    .conststrlit        nrfx_uarte.o
    0x0002e9ea   0x0002e9ea   0x00000002   PAD
    0x0002e9ec   0x0002e9ec   0x0000000b   Data   RO         3003    .conststrlit        app_button.o
    0x0002e9f7   0x0002e9f7   0x00000001   PAD
    0x0002e9f8   0x0002e9f8   0x0000000a   Data   RO         3337    .conststrlit        app_timer2.o
    0x0002ea02   0x0002ea02   0x00000002   PAD
    0x0002ea04   0x0002ea04   0x00000009   Data   RO         4288    .conststrlit        nrf_pwr_mgmt.o
    0x0002ea0d   0x0002ea0d   0x00000003   PAD
    0x0002ea10   0x0002ea10   0x00000009   Data   RO         4456    .conststrlit        nrf_sortlist.o
    0x0002ea19   0x0002ea19   0x00000003   PAD
    0x0002ea1c   0x0002ea1c   0x00000010   Data   RO         4682    .conststrlit        nrf_log_default_backends.o
    0x0002ea2c   0x0002ea2c   0x00000004   Data   RO         4749    .conststrlit        nrf_log_frontend.o
    0x0002ea30   0x0002ea30   0x00000008   Data   RO         5238    .conststrlit        nrf_sdh.o
    0x0002ea38   0x0002ea38   0x0000000c   Data   RO         5348    .conststrlit        nrf_sdh_ble.o
    0x0002ea44   0x0002ea44   0x0000000c   Data   RO         5398    .conststrlit        nrf_sdh_soc.o
    0x0002ea50   0x0002ea50   0x00000020   Data   RO         5848    Region$$Table       anon$$obj.o
    0x0002ea70   0x0002ea70   0x00000010   Data   RO         4684    log_backends        nrf_log_default_backends.o
    0x0002ea80   0x0002ea80   0x00000008   Data   RO         1360    log_const_data      nrf_ble_gatt.o
    0x0002ea88   0x0002ea88   0x00000008   Data   RO         1496    log_const_data      ble_bas.o
    0x0002ea90   0x0002ea90   0x00000008   Data   RO         1559    log_const_data      ble_nus.o
    0x0002ea98   0x0002ea98   0x00000008   Data   RO         1636    log_const_data      nrfx_saadc.o
    0x0002eaa0   0x0002eaa0   0x00000008   Data   RO         1793    log_const_data      nrf_drv_clock.o
    0x0002eaa8   0x0002eaa8   0x00000008   Data   RO         2133    log_const_data      nrfx_clock.o
    0x0002eab0   0x0002eab0   0x00000008   Data   RO         2302    log_const_data      nrfx_gpiote.o
    0x0002eab8   0x0002eab8   0x00000008   Data   RO         2578    log_const_data      nrfx_prs.o
    0x0002eac0   0x0002eac0   0x00000008   Data   RO         2659    log_const_data      nrfx_uart.o
    0x0002eac8   0x0002eac8   0x00000008   Data   RO         2850    log_const_data      nrfx_uarte.o
    0x0002ead0   0x0002ead0   0x00000008   Data   RO         3006    log_const_data      app_button.o
    0x0002ead8   0x0002ead8   0x00000008   Data   RO         3340    log_const_data      app_timer2.o
    0x0002eae0   0x0002eae0   0x00000008   Data   RO         4290    log_const_data      nrf_pwr_mgmt.o
    0x0002eae8   0x0002eae8   0x00000008   Data   RO         4457    log_const_data      nrf_sortlist.o
    0x0002eaf0   0x0002eaf0   0x00000008   Data   RO         4753    log_const_data      nrf_log_frontend.o
    0x0002eaf8   0x0002eaf8   0x00000008   Data   RO         5240    log_const_data      nrf_sdh.o
    0x0002eb00   0x0002eb00   0x00000008   Data   RO         5350    log_const_data      nrf_sdh_ble.o
    0x0002eb08   0x0002eb08   0x00000008   Data   RO         5399    log_const_data      nrf_sdh_soc.o
    0x0002eb10   0x0002eb10   0x00000014   Data   RO         4754    nrf_balloc          nrf_log_frontend.o
    0x0002eb24   0x0002eb24   0x00000008   Data   RO         1113    sdh_ble_observers0  ble_conn_state.o
    0x0002eb2c   0x0002eb2c   0x00000010   Data   RO           32    sdh_ble_observers1  main.o
    0x0002eb3c   0x0002eb3c   0x00000008   Data   RO          707    sdh_ble_observers1  bsp_btn_ble.o
    0x0002eb44   0x0002eb44   0x00000008   Data   RO         1027    sdh_ble_observers1  ble_conn_params.o
    0x0002eb4c   0x0002eb4c   0x00000018   Data   RO           33    sdh_ble_observers2  main.o
    0x0002eb64   0x0002eb64   0x00000008   Data   RO           34    sdh_ble_observers3  main.o
    0x0002eb6c   0x0002eb6c   0x00000008   Data   RO         1794    sdh_soc_observers0  nrf_drv_clock.o
    0x0002eb74   0x0002eb74   0x00000008   Data   RO         5351    sdh_stack_observers0  nrf_sdh_ble.o
    0x0002eb7c   0x0002eb7c   0x00000008   Data   RO         5400    sdh_stack_observers0  nrf_sdh_soc.o
    0x0002eb84   0x0002eb84   0x00000008   Data   RO         1795    sdh_state_observers0  nrf_drv_clock.o


    Execution Region RW_IRAM1 (Exec base: 0x20002ae8, Load base: 0x0002eb8c, Size: 0x00003438, Max: 0x0003d518, ABSOLUTE, COMPRESSED[0x0000006c])

    Exec Addr    Load Addr    Size         Type   Attr      Idx    E Section Name        Object

    0x20002ae8   COMPRESSED   0x00000008   Data   RW           28    .data               main.o
    0x20002af0   COMPRESSED   0x00000030   Data   RW           29    .data               main.o
    0x20002b20   COMPRESSED   0x00000020   Data   RW           30    .data               main.o
    0x20002b40   COMPRESSED   0x00000004   Data   RW           31    .data               main.o
    0x20002b44   COMPRESSED   0x00000010   Data   RW          602    .data               bsp.o
    0x20002b54   COMPRESSED   0x00000004   PAD
    0x20002b58   COMPRESSED   0x00000020   Data   RW          603    .data               bsp.o
    0x20002b78   COMPRESSED   0x00000020   Data   RW          604    .data               bsp.o
    0x20002b98   COMPRESSED   0x00000020   Data   RW          605    .data               bsp.o
    0x20002bb8   COMPRESSED   0x00000008   Data   RW          706    .data               bsp_btn_ble.o
    0x20002bc0   COMPRESSED   0x00000008   Data   RW         1026    .data               ble_conn_params.o
    0x20002bc8   COMPRESSED   0x00000014   Data   RW         1926    .data               nrf_drv_uart.o
    0x20002bdc   COMPRESSED   0x00000008   Data   RW         2132    .data               nrfx_clock.o
    0x20002be4   COMPRESSED   0x00000008   Data   RW         2577    .data               nrfx_prs.o
    0x20002bec   COMPRESSED   0x00000004   PAD
    0x20002bf0   COMPRESSED   0x00000018   Data   RW         3004    .data               app_button.o
    0x20002c08   COMPRESSED   0x00000020   Data   RW         3005    .data               app_button.o
    0x20002c28   COMPRESSED   0x00000020   Data   RW         3338    .data               app_timer2.o
    0x20002c48   COMPRESSED   0x00000004   Data   RW         3339    .data               app_timer2.o
    0x20002c4c   COMPRESSED   0x0000001c   Data   RW         3468    .data               app_uart_fifo.o
    0x20002c68   COMPRESSED   0x0000000c   Data   RW         3627    .data               drv_rtc.o
    0x20002c74   COMPRESSED   0x00000008   Data   RW         4289    .data               nrf_pwr_mgmt.o
    0x20002c7c   COMPRESSED   0x00000004   Data   RW         4542    .data               retarget.o
    0x20002c80   COMPRESSED   0x00000001   Data   RW         4586    .data               nrf_log_backend_rtt.o
    0x20002c81   COMPRESSED   0x00000003   PAD
    0x20002c84   COMPRESSED   0x00000008   Data   RW         4683    .data               nrf_log_default_backends.o
    0x20002c8c   COMPRESSED   0x00000004   Data   RW         4750    .data               nrf_log_frontend.o
    0x20002c90   COMPRESSED   0x00000008   Data   RW         4751    .data               nrf_log_frontend.o
    0x20002c98   COMPRESSED   0x00000008   Data   RW         4752    .data               nrf_log_frontend.o
    0x20002ca0   COMPRESSED   0x00000040   Data   RW         4916    .data               nrf_log_str_formatter.o
    0x20002ce0   COMPRESSED   0x00000003   Data   RW         5239    .data               nrf_sdh.o
    0x20002ce3   COMPRESSED   0x00000001   Data   RW         5349    .data               nrf_sdh_ble.o
    0x20002ce4   COMPRESSED   0x00000004   Data   RW         5441    .data               system_nrf52.o
    0x20002ce8        -       0x0000075c   Zero   RW           26    .bss                main.o
    0x20003444        -       0x0000000c   Zero   RW          600    .bss                bsp.o
    0x20003450        -       0x00000050   Zero   RW         1025    .bss                ble_conn_params.o
    0x200034a0        -       0x0000007c   Zero   RW         1112    .bss                ble_conn_state.o
    0x2000351c        -       0x00000030   Zero   RW         1626    .bss                nrfx_saadc.o
    0x2000354c        -       0x00000014   Zero   RW         1787    .bss                nrf_drv_clock.o
    0x20003560        -       0x0000006c   Zero   RW         2296    .bss                nrfx_gpiote.o
    0x200035cc        -       0x0000002c   Zero   RW         2653    .bss                nrfx_uart.o
    0x200035f8        -       0x00000024   Zero   RW         2844    .bss                nrfx_uarte.o
    0x2000361c        -       0x00000020   Zero   RW         3001    .bss                app_button.o
    0x2000363c        -       0x00000010   Zero   RW         3334    .bss                app_timer2.o
    0x2000364c        -       0x00000058   Zero   RW         3335    .bss                app_timer2.o
    0x200036a4        -       0x00000020   Zero   RW         3466    .bss                app_uart_fifo.o
    0x200036c4        -       0x0000000c   Zero   RW         3541    .bss                app_util_platform.o
    0x200036d0        -       0x0000000c   Zero   RW         4285    .bss                nrf_pwr_mgmt.o
    0x200036dc        -       0x00000040   Zero   RW         4583    .bss                nrf_log_backend_rtt.o
    0x2000371c        -       0x000000c0   Zero   RW         4744    .bss                nrf_log_frontend.o
    0x200037dc        -       0x00000080   Zero   RW         4745    .bss                nrf_log_frontend.o
    0x2000385c        -       0x00000018   Zero   RW         4746    .bss                nrf_log_frontend.o
    0x20003874        -       0x00000420   Zero   RW         4747    .bss                nrf_log_frontend.o
    0x20003c94        -       0x00000288   Zero   RW         4992    .bss                segger_rtt.o
    0x20003f1c   COMPRESSED   0x00000004   PAD
    0x20003f20        -       0x00002000   Zero   RW         5427    STACK               arm_startup_nrf52840.o


==============================================================================

Image component sizes


      Code (inc. data)   RO Data    RW Data    ZI Data      Debug   Object Name

       664         66         27         56         32      17962   app_button.o
        22          0          0          0          0       2513   app_error.o
       132         46          0          0          0      34049   app_error_weak.o
       118          0          0          0          0       5090   app_fifo.o
      1052         90         38         36        104      17341   app_timer2.o
       528         60         32         28         32      16230   app_uart_fifo.o
       124         14          0          0         12      10618   app_util_platform.o
        36          8        512          0       8192        948   arm_startup_nrf52840.o
      1338          0          0          0          0      53556   ble_advdata.o
      1064          6          0          0          0      16471   ble_advertising.o
       502          0         16          0          0       6575   ble_bas.o
       636         44          8          8         80       9395   ble_conn_params.o
       438         18          8          0        124       9289   ble_conn_state.o
        72          0          0          0          0       1676   ble_link_ctx_manager.o
       670          6         32          0          0       7044   ble_nus.o
       638          6          0          0          0       5204   ble_srv_common.o
       440         46          8          0          0      52329   boards.o
      1016         90         44        112         12      16155   bsp.o
       252         10          8          8          0       4876   bsp_btn_ble.o
       704         76          6         12          0      48125   drv_rtc.o
      2396        436        105         92       1884     216402   main.o
       326          0          0          0          0       6023   nrf_atfifo.o
        64          0          0          0          0       3056   nrf_atflags.o
       306          0          0          0          0       8151   nrf_atomic.o
       164          0          0          0          0       3680   nrf_balloc.o
       950        272        205          0          0      38245   nrf_ble_gatt.o
       276          0          0          0          0       4753   nrf_ble_qwr.o
       312         36         30          0         20      43864   nrf_drv_clock.o
       200         26          0         20          0      17948   nrf_drv_uart.o
        50          0          0          0          0       3565   nrf_fprintf.o
       850          4         16          0          0       6586   nrf_fprintf_format.o
       112         18         18          1         64       6233   nrf_log_backend_rtt.o
       200          0          0          0          0      10941   nrf_log_backend_serial.o
        28          4         32          8          0       3369   nrf_log_default_backends.o
      1484        128         44         20       1400      30693   nrf_log_frontend.o
       570        108        102         64          0       5728   nrf_log_str_formatter.o
       346          0          0          0          0       9675   nrf_memobj.o
       108         16         53          8         12      40854   nrf_pwr_mgmt.o
        28          0          0          0          0       2395   nrf_ringbuf.o
       384         46        104          3          0      42811   nrf_sdh.o
       724        232        539          1          0       6001   nrf_sdh_ble.o
        60          4         56          0          0       2504   nrf_sdh_soc.o
        78          0          0          0          0       2832   nrf_section_iter.o
        84          0         17          0          0       4185   nrf_sortlist.o
        76         10       1319          0          0       2791   nrf_strerror.o
       242         32         14          8          0      15841   nrfx_clock.o
      1386        108         23          0        108      67041   nrfx_gpiote.o
        94         16         12          8          0       3821   nrfx_prs.o
       896         72         14          0         48      54221   nrfx_saadc.o
      1412         44         17          0         44      28381   nrfx_uart.o
      1334         42         18          0         36      26403   nrfx_uarte.o
        14          0          0          4          0       2906   retarget.o
       378         34          0          0        648       9097   segger_rtt.o
       488         60          0          4          0      31751   system_nrf52.o

    ----------------------------------------------------------------------
     26926       2334       3568        512      12856    1098193   Object Totals
         0          0         32          0          0          0   (incl. Generated)
        60          0         59         11          4          0   (incl. Padding)

    ----------------------------------------------------------------------

      Code (inc. data)   RO Data    RW Data    ZI Data      Debug   Library Member Name

        86          0          0          0          0          0   __dczerorl2.o
         8          4        133          0          0         68   ctype_o.o
         0          0          0          0          0          0   entry.o
         0          0          0          0          0          0   entry10a.o
         0          0          0          0          0          0   entry11a.o
         8          4          0          0          0          0   entry2.o
         4          0          0          0          0          0   entry5.o
         0          0          0          0          0          0   entry7b.o
         0          0          0          0          0          0   entry8b.o
         8          4          0          0          0          0   entry9a.o
        30          0          0          0          0          0   handlers.o
        36          8          0          0          0         68   init.o
         0          0          0          0          0          0   iusefp.o
        30          0          0          0          0         68   llshl.o
        32          0          0          0          0         68   llushr.o
        36          0          0          0          0         68   memcpya.o
        36          0          0          0          0        108   memseta.o
        50          8          0          0          0        152   printfb.o
        18          0          0          0          0         68   strcpy.o
        14          0          0          0          0         68   strlen.o
        98          0          0          0          0         92   uldiv.o
       186          0          0          0          0        176   depilogue.o
        50          0          0          0          0         76   dfixui.o
        34          0          0          0          0         76   dflti.o
       228          0          0          0          0         96   dmul.o

    ----------------------------------------------------------------------
       998         28        136          0          0       1252   Library Totals
         6          0          3          0          0          0   (incl. Padding)

    ----------------------------------------------------------------------

      Code (inc. data)   RO Data    RW Data    ZI Data      Debug   Library Name

       494         28        133          0          0        828   mc_w.l
       498          0          0          0          0        424   mf_w.l

    ----------------------------------------------------------------------
       998         28        136          0          0       1252   Library Totals

    ----------------------------------------------------------------------

==============================================================================


      Code (inc. data)   RO Data    RW Data    ZI Data      Debug   

     27924       2362       3704        512      12856    1064557   Grand Totals
     27924       2362       3704        108      12856    1064557   ELF Image Totals (compressed)
     27924       2362       3704        108          0          0   ROM Totals

==============================================================================

    Total RO  Size (Code + RO Data)                31628 (  30.89kB)
    Total RW  Size (RW Data + ZI Data)             13368 (  13.05kB)
    Total ROM Size (Code + RO Data + RW Data)      31736 (  30.99kB)

==============================================================================

