Component: ARM Compiler 5.06 update 6 (build 750) Tool: armlink [4d35ed]

==============================================================================

Section Cross References

    main.o(i.advertising_init) refers to memseta.o(.text) for __aeabi_memclr4
    main.o(i.advertising_init) refers to ble_advertising.o(i.ble_advertising_init) for ble_advertising_init
    main.o(i.advertising_init) refers to app_error.o(i.app_error_handler_bare) for app_error_handler_bare
    main.o(i.advertising_init) refers to ble_advertising.o(i.ble_advertising_conn_cfg_tag_set) for ble_advertising_conn_cfg_tag_set
    main.o(i.advertising_init) refers to main.o(.data) for .data
    main.o(i.advertising_init) refers to main.o(i.on_adv_evt) for on_adv_evt
    main.o(i.advertising_init) refers to main.o(.bss) for .bss
    main.o(i.advertising_start) refers to ble_advertising.o(i.ble_advertising_start) for ble_advertising_start
    main.o(i.advertising_start) refers to app_error.o(i.app_error_handler_bare) for app_error_handler_bare
    main.o(i.advertising_start) refers to main.o(.bss) for .bss
    main.o(i.advertising_update_1) refers to memseta.o(.text) for __aeabi_memclr4
    main.o(i.advertising_update_1) refers to ble_advertising.o(i.ble_advertising_init) for ble_advertising_init
    main.o(i.advertising_update_1) refers to app_error.o(i.app_error_handler_bare) for app_error_handler_bare
    main.o(i.advertising_update_1) refers to ble_advertising.o(i.ble_advertising_conn_cfg_tag_set) for ble_advertising_conn_cfg_tag_set
    main.o(i.advertising_update_1) refers to main.o(i.advertising_start) for advertising_start
    main.o(i.advertising_update_1) refers to main.o(.constdata) for .constdata
    main.o(i.advertising_update_1) refers to main.o(.bss) for .bss
    main.o(i.advertising_update_1) refers to main.o(.data) for .data
    main.o(i.advertising_update_1) refers to main.o(i.on_adv_evt) for on_adv_evt
    main.o(i.advertising_update_2) refers to memseta.o(.text) for __aeabi_memclr4
    main.o(i.advertising_update_2) refers to ble_advertising.o(i.ble_advertising_init) for ble_advertising_init
    main.o(i.advertising_update_2) refers to app_error.o(i.app_error_handler_bare) for app_error_handler_bare
    main.o(i.advertising_update_2) refers to ble_advertising.o(i.ble_advertising_conn_cfg_tag_set) for ble_advertising_conn_cfg_tag_set
    main.o(i.advertising_update_2) refers to main.o(i.advertising_start) for advertising_start
    main.o(i.advertising_update_2) refers to main.o(.constdata) for .constdata
    main.o(i.advertising_update_2) refers to main.o(.bss) for .bss
    main.o(i.advertising_update_2) refers to main.o(.data) for .data
    main.o(i.advertising_update_2) refers to main.o(i.on_adv_evt) for on_adv_evt
    main.o(i.assert_nrf_callback) refers to app_error_handler_keil.o(.emb_text) for app_error_handler
    main.o(i.ble_evt_handler) refers to nrf_log_frontend.o(i.nrf_log_frontend_std_0) for nrf_log_frontend_std_0
    main.o(i.ble_evt_handler) refers to bsp.o(i.bsp_indication_set) for bsp_indication_set
    main.o(i.ble_evt_handler) refers to app_error.o(i.app_error_handler_bare) for app_error_handler_bare
    main.o(i.ble_evt_handler) refers to nrf_ble_qwr.o(i.nrf_ble_qwr_conn_handle_assign) for nrf_ble_qwr_conn_handle_assign
    main.o(i.ble_evt_handler) refers to main.o(.data) for .data
    main.o(i.ble_evt_handler) refers to nrf_log_frontend.o(log_const_data) for m_nrf_log_app_logs_data_const
    main.o(i.ble_evt_handler) refers to main.o(.bss) for .bss
    main.o(i.bsp_event_handler) refers to ble_advertising.o(i.ble_advertising_restart_without_whitelist) for ble_advertising_restart_without_whitelist
    main.o(i.bsp_event_handler) refers to app_error.o(i.app_error_handler_bare) for app_error_handler_bare
    main.o(i.bsp_event_handler) refers to nrf_log_frontend.o(i.nrf_log_frontend_std_0) for nrf_log_frontend_std_0
    main.o(i.bsp_event_handler) refers to main.o(i.advertising_update_2) for advertising_update_2
    main.o(i.bsp_event_handler) refers to main.o(i.sleep_mode_enter) for sleep_mode_enter
    main.o(i.bsp_event_handler) refers to main.o(i.advertising_update_1) for advertising_update_1
    main.o(i.bsp_event_handler) refers to main.o(.data) for .data
    main.o(i.bsp_event_handler) refers to main.o(.bss) for .bss
    main.o(i.bsp_event_handler) refers to nrf_log_frontend.o(log_const_data) for m_nrf_log_app_logs_data_const
    main.o(i.conn_params_error_handler) refers to app_error.o(i.app_error_handler_bare) for app_error_handler_bare
    main.o(i.gatt_evt_handler) refers to nrf_log_frontend.o(i.nrf_log_frontend_std_2) for nrf_log_frontend_std_2
    main.o(i.gatt_evt_handler) refers to main.o(.data) for .data
    main.o(i.gatt_evt_handler) refers to nrf_log_frontend.o(log_const_data) for m_nrf_log_app_logs_data_const
    main.o(i.gatt_init) refers to nrf_ble_gatt.o(i.nrf_ble_gatt_init) for nrf_ble_gatt_init
[...]
    UsageFault_Handler                       0x000273d1   Thumb Code     2  arm_startup_nrf52840.o(.text)
    SVC_Handler                              0x000273d3   Thumb Code     2  arm_startup_nrf52840.o(.text)
    DebugMon_Handler                         0x000273d5   Thumb Code     2  arm_startup_nrf52840.o(.text)
    PendSV_Handler                           0x000273d7   Thumb Code     2  arm_startup_nrf52840.o(.text)
    SysTick_Handler                          0x000273d9   Thumb Code     2  arm_startup_nrf52840.o(.text)
    CCM_AAR_IRQHandler                       0x000273db   Thumb Code     0  arm_startup_nrf52840.o(.text)
    COMP_LPCOMP_IRQHandler                   0x000273db   Thumb Code     0  arm_startup_nrf52840.o(.text)
    CRYPTOCELL_IRQHandler                    0x000273db   Thumb Code     0  arm_startup_nrf52840.o(.text)
    ECB_IRQHandler                           0x000273db   Thumb Code     0  arm_startup_nrf52840.o(.text)
    FPU_IRQHandler                           0x000273db   Thumb Code     0  arm_startup_nrf52840.o(.text)
    I2S_IRQHandler                           0x000273db   Thumb Code     0  arm_startup_nrf52840.o(.text)
    MWU_IRQHandler                           0x000273db   Thumb Code     0  arm_startup_nrf52840.o(.text)
    NFCT_IRQHandler                          0x000273db   Thumb Code     0  arm_startup_nrf52840.o(.text)
    PDM_IRQHandler                           0x000273db   Thumb Code     0  arm_startup_nrf52840.o(.text)
    PWM0_IRQHandler                          0x000273db   Thumb Code     0  arm_startup_nrf52840.o(.text)
    PWM1_IRQHandler                          0x000273db   Thumb Code     0  arm_startup_nrf52840.o(.text)
    PWM2_IRQHandler                          0x000273db   Thumb Code     0  arm_startup_nrf52840.o(.text)
    PWM3_IRQHandler                          0x000273db   Thumb Code     0  arm_startup_nrf52840.o(.text)
    QDEC_IRQHandler                          0x000273db   Thumb Code     0  arm_startup_nrf52840.o(.text)
    QSPI_IRQHandler                          0x000273db   Thumb Code     0  arm_startup_nrf52840.o(.text)
    RADIO_IRQHandler                         0x000273db   Thumb Code     0  arm_startup_nrf52840.o(.text)
    RNG_IRQHandler                           0x000273db   Thumb Code     0  arm_startup_nrf52840.o(.text)
    RTC0_IRQHandler                          0x000273db   Thumb Code     0  arm_startup_nrf52840.o(.text)
    RTC2_IRQHandler                          0x000273db   Thumb Code     0  arm_startup_nrf52840.o(.text)
    SAADC_IRQHandler                         0x000273db   Thumb Code     0  arm_startup_nrf52840.o(.text)
    SPIM0_SPIS0_TWIM0_TWIS0_SPI0_TWI0_IRQHandler 0x000273db   Thumb Code     0  arm_startup_nrf52840.o(.text)
    SPIM1_SPIS1_TWIM1_TWIS1_SPI1_TWI1_IRQHandler 0x000273db   Thumb Code     0  arm_startup_nrf52840.o(.text)
    SPIM2_SPIS2_SPI2_IRQHandler              0x000273db   Thumb Code     0  arm_startup_nrf52840.o(.text)
    SPIM3_IRQHandler                         0x000273db   Thumb Code     0  arm_startup_nrf52840.o(.text)
    SWI0_EGU0_IRQHandler                     0x000273db   Thumb Code     0  arm_startup_nrf52840.o(.text)
    SWI1_EGU1_IRQHandler                     0x000273db   Thumb Code     0  arm_startup_nrf52840.o(.text)
    SWI3_EGU3_IRQHandler                     0x000273db   Thumb Code     0  arm_startup_nrf52840.o(.text)
    SWI4_EGU4_IRQHandler                     0x000273db   Thumb Code     0  arm_startup_nrf52840.o(.text)
    SWI5_EGU5_IRQHandler                     0x000273db   Thumb Code     0  arm_startup_nrf52840.o(.text)
    TEMP_IRQHandler                          0x000273db   Thumb Code     0  arm_startup_nrf52840.o(.text)
    TIMER0_IRQHandler                        0x000273db   Thumb Code     0  arm_startup_nrf52840.o(.text)
    TIMER1_IRQHandler                        0x000273db   Thumb Code     0  arm_startup_nrf52840.o(.text)
    TIMER2_IRQHandler                        0x000273db   Thumb Code     0  arm_startup_nrf52840.o(.text)
    TIMER3_IRQHandler                        0x000273db   Thumb Code     0  arm_startup_nrf52840.o(.text)
    TIMER4_IRQHandler                        0x000273db   Thumb Code     0  arm_startup_nrf52840.o(.text)
    UARTE1_IRQHandler                        0x000273db   Thumb Code     0  arm_startup_nrf52840.o(.text)
    USBD_IRQHandler                          0x000273db   Thumb Code     0  arm_startup_nrf52840.o(.text)
    WDT_IRQHandler                           0x000273db   Thumb Code     0  arm_startup_nrf52840.o(.text)
    __aeabi_uldivmod                         0x000273e5   Thumb Code    98  uldiv.o(.text)
    __aeabi_llsl                             0x00027447   Thumb Code    30  llshl.o(.text)
    _ll_shift_l                              0x00027447   Thumb Code     0  llshl.o(.text)
    __rt_ctype_table                         0x00027465   Thumb Code     4  ctype_o.o(.text)
    __aeabi_memcpy                           0x0002746d   Thumb Code    36  memcpya.o(.text)
    __aeabi_memcpy4                          0x0002746d   Thumb Code     0  memcpya.o(.text)
    __aeabi_memcpy8                          0x0002746d   Thumb Code     0  memcpya.o(.text)
    __aeabi_memset                           0x00027491   Thumb Code    14  memseta.o(.text)
    __aeabi_memset4                          0x00027491   Thumb Code     0  memseta.o(.text)
    __aeabi_memset8                          0x00027491   Thumb Code     0  memseta.o(.text)
    __aeabi_memclr                           0x0002749f   Thumb Code     4  memseta.o(.text)
    __aeabi_memclr4                          0x0002749f   Thumb Code     0  memseta.o(.text)
    __aeabi_memclr8                          0x0002749f   Thumb Code     0  memseta.o(.text)
    _memset$wrapper                          0x000274a3   Thumb Code    18  memseta.o(.text)
    strlen                                   0x000274b5   Thumb Code    14  strlen.o(.text)
    strcpy                                   0x000274c3   Thumb Code    18  strcpy.o(.text)
    __aeabi_llsr                             0x000274d5   Thumb Code    32  llushr.o(.text)
    _ll_ushift_r                             0x000274d5   Thumb Code     0  llushr.o(.text)
    __scatterload                            0x000274f5   Thumb Code    28  init.o(.text)
    __scatterload_rt2                        0x000274f5   Thumb Code     0  init.o(.text)
    __decompress                             0x00027519   Thumb Code     0  __dczerorl2.o(.text)
    __decompress1                            0x00027519   Thumb Code    86  __dczerorl2.o(.text)
    GPIOTE_IRQHandler                        0x00027571   Thumb Code   156  nrfx_gpiote.o(i.GPIOTE_IRQHandler)
    POWER_CLOCK_IRQHandler                   0x00027615   Thumb Code    82  nrfx_clock.o(i.POWER_CLOCK_IRQHandler)
    RTC1_IRQHandler                          0x0002766d   Thumb Code    12  drv_rtc.o(i.RTC1_IRQHandler)
    SEGGER_RTT_Init                          0x0002767d   Thumb Code     4  segger_rtt.o(i.SEGGER_RTT_Init)
    SEGGER_RTT_WriteNoLock                   0x00027681   Thumb Code    86  segger_rtt.o(i.SEGGER_RTT_WriteNoLock)
    SWI2_EGU2_IRQHandler                     0x000276dd   Thumb Code     4  nrf_sdh.o(i.SWI2_EGU2_IRQHandler)
    SystemInit                               0x000276e1   Thumb Code   414  system_nrf52.o(i.SystemInit)
    UARTE0_UART0_IRQHandler                  0x000278b1   Thumb Code     6  nrfx_prs.o(i.UARTE0_UART0_IRQHandler)
    __0printf$bare                           0x000279d9   Thumb Code     8  printfb.o(i.__0printf$bare)
    __1printf$bare                           0x000279d9   Thumb Code     0  printfb.o(i.__0printf$bare)
    __2printf                                0x000279d9   Thumb Code     0  printfb.o(i.__0printf$bare)
    __scatterload_copy                       0x000279e9   Thumb Code    14  handlers.o(i.__scatterload_copy)
    __scatterload_null                       0x000279f7   Thumb Code     2  handlers.o(i.__scatterload_null)
    __scatterload_zeroinit                   0x000279f9   Thumb Code    14  handlers.o(i.__scatterload_zeroinit)
    app_button_enable                        0x00027c61   Thumb Code    32  app_button.o(i.app_button_enable)
    app_button_init                          0x00027c85   Thumb Code   106  app_button.o(i.app_button_init)
    app_error_fault_handler                  0x00027d05   Thumb Code    86  app_error_weak.o(i.app_error_fault_handler)
    app_error_handler_bare                   0x00027d89   Thumb Code    22  app_error.o(i.app_error_handler_bare)
    app_fifo_get                             0x00027d9f   Thumb Code    22  app_fifo.o(i.app_fifo_get)
    app_fifo_init                            0x00027db5   Thumb Code    32  app_fifo.o(i.app_fifo_init)
    app_fifo_put                             0x00027dd5   Thumb Code    26  app_fifo.o(i.app_fifo_put)
    app_timer_cnt_get                        0x00027df1   Thumb Code     6  app_timer2.o(i.app_timer_cnt_get)
    app_timer_create                         0x00027dfd   Thumb Code    32  app_timer2.o(i.app_timer_create)
    app_timer_init                           0x00027e1d   Thumb Code    70  app_timer2.o(i.app_timer_init)
    app_timer_start                          0x00027e79   Thumb Code    84  app_timer2.o(i.app_timer_start)
    app_timer_stop                           0x00027ecd   Thumb Code    68  app_timer2.o(i.app_timer_stop)
    app_uart_get                             0x00027f11   Thumb Code    42  app_uart_fifo.o(i.app_uart_get)
    app_uart_init                            0x00027f45   Thumb Code   148  app_uart_fifo.o(i.app_uart_init)
    app_uart_put                             0x00027fe9   Thumb Code    70  app_uart_fifo.o(i.app_uart_put)
    app_util_critical_region_enter           0x0002803d   Thumb Code    64  app_util_platform.o(i.app_util_critical_region_enter)
    app_util_critical_region_exit            0x00028085   Thumb Code    46  app_util_platform.o(i.app_util_critical_region_exit)
    blcm_link_ctx_get                        0x00028243   Thumb Code    72  ble_link_ctx_manager.o(i.blcm_link_ctx_get)
    ble_advdata_encode                       0x0002828b   Thumb Code   386  ble_advdata.o(i.ble_advdata_encode)
    ble_advdata_parse                        0x0002840d   Thumb Code    32  ble_advdata.o(i.ble_advdata_parse)
    ble_advdata_search                       0x0002842d   Thumb Code    70  ble_advdata.o(i.ble_advdata_search)
    ble_advertising_conn_cfg_tag_set         0x00028473   Thumb Code     6  ble_advertising.o(i.ble_advertising_conn_cfg_tag_set)
    ble_advertising_init                     0x00028479   Thumb Code   232  ble_advertising.o(i.ble_advertising_init)
    ble_advertising_on_ble_evt               0x00028561   Thumb Code   106  ble_advertising.o(i.ble_advertising_on_ble_evt)
    ble_advertising_restart_without_whitelist 0x000285cb   Thumb Code    58  ble_advertising.o(i.ble_advertising_restart_without_whitelist)
    ble_advertising_start                    0x00028605   Thumb Code   560  ble_advertising.o(i.ble_advertising_start)
    ble_bas_init                             0x00028835   Thumb Code    62  ble_bas.o(i.ble_bas_init)
    ble_bas_on_ble_evt                       0x00028873   Thumb Code    82  ble_bas.o(i.ble_bas_on_ble_evt)
    ble_conn_params_init                     0x000288c5   Thumb Code    90  ble_conn_params.o(i.ble_conn_params_init)
    ble_conn_state_conn_idx                  0x0002892d   Thumb Code    18  ble_conn_state.o(i.ble_conn_state_conn_idx)
    ble_conn_state_valid                     0x00028941   Thumb Code    16  ble_conn_state.o(i.ble_conn_state_valid)
    ble_nus_data_send                        0x00028d15   Thumb Code   102  ble_nus.o(i.ble_nus_data_send)
    ble_nus_init                             0x00028d7d   Thumb Code   206  ble_nus.o(i.ble_nus_init)
    ble_nus_on_ble_evt                       0x00028e51   Thumb Code   118  ble_nus.o(i.ble_nus_on_ble_evt)
    ble_srv_is_notification_enabled          0x00028ec7   Thumb Code     8  ble_srv_common.o(i.ble_srv_is_notification_enabled)
    ble_srv_report_ref_encode                0x00028ecf   Thumb Code    12  ble_srv_common.o(i.ble_srv_report_ref_encode)
    bsp_board_button_idx_to_pin              0x00028edd   Thumb Code     6  boards.o(i.bsp_board_button_idx_to_pin)
    bsp_board_button_state_get               0x00028ee9   Thumb Code    36  boards.o(i.bsp_board_button_state_get)
    bsp_board_init                           0x00028f11   Thumb Code    80  boards.o(i.bsp_board_init)
    bsp_board_led_invert                     0x00028f65   Thumb Code    40  boards.o(i.bsp_board_led_invert)
    bsp_board_led_off                        0x00028f91   Thumb Code    10  boards.o(i.bsp_board_led_off)
    bsp_board_led_on                         0x00028fa1   Thumb Code    10  boards.o(i.bsp_board_led_on)
    bsp_board_led_state_get                  0x00028fb1   Thumb Code    36  boards.o(i.bsp_board_led_state_get)
    bsp_board_leds_off                       0x00028fd9   Thumb Code    18  boards.o(i.bsp_board_leds_off)
    bsp_board_leds_on                        0x00028feb   Thumb Code    18  boards.o(i.bsp_board_leds_on)
    bsp_board_pin_to_button_idx              0x00028ffd   Thumb Code    30  boards.o(i.bsp_board_pin_to_button_idx)
    bsp_btn_ble_init                         0x00029021   Thumb Code    52  bsp_btn_ble.o(i.bsp_btn_ble_init)
    bsp_btn_ble_sleep_mode_prepare           0x00029059   Thumb Code    30  bsp_btn_ble.o(i.bsp_btn_ble_sleep_mode_prepare)
    bsp_button_is_pressed                    0x00029109   Thumb Code    12  bsp.o(i.bsp_button_is_pressed)
    bsp_event_handler                        0x00029115   Thumb Code   118  main.o(i.bsp_event_handler)
    bsp_event_to_button_action_assign        0x000291ad   Thumb Code    64  bsp.o(i.bsp_event_to_button_action_assign)
    bsp_indication_set                       0x000291f1   Thumb Code    20  bsp.o(i.bsp_indication_set)
    bsp_init                                 0x00029209   Thumb Code   128  bsp.o(i.bsp_init)
    bsp_wakeup_button_enable                 0x00029465   Thumb Code     6  bsp.o(i.bsp_wakeup_button_enable)
    buffer_is_empty                          0x00029521   Thumb Code    18  nrf_log_frontend.o(i.buffer_is_empty)
    characteristic_add                       0x000295dd   Thumb Code   400  ble_srv_common.o(i.characteristic_add)
    conn_handle_list_get                     0x000297c9   Thumb Code    62  ble_conn_state.o(i.conn_handle_list_get)
    descriptor_add                           0x0002999d   Thumb Code   170  ble_srv_common.o(i.descriptor_add)
    drv_rtc_compare_disable                  0x00029aa5   Thumb Code    20  drv_rtc.o(i.drv_rtc_compare_disable)
    drv_rtc_compare_pending                  0x00029ab9   Thumb Code    14  drv_rtc.o(i.drv_rtc_compare_pending)
    drv_rtc_compare_set                      0x00029ac7   Thumb Code    80  drv_rtc.o(i.drv_rtc_compare_set)
    drv_rtc_counter_get                      0x00029b17   Thumb Code     8  drv_rtc.o(i.drv_rtc_counter_get)
    drv_rtc_init                             0x00029b21   Thumb Code   148  drv_rtc.o(i.drv_rtc_init)
    drv_rtc_irq_trigger                      0x00029bf9   Thumb Code    30  drv_rtc.o(i.drv_rtc_irq_trigger)
    drv_rtc_overflow_enable                  0x00029c17   Thumb Code     8  drv_rtc.o(i.drv_rtc_overflow_enable)
    drv_rtc_overflow_pending                 0x00029c1f   Thumb Code     8  drv_rtc.o(i.drv_rtc_overflow_pending)
    drv_rtc_start                            0x00029c27   Thumb Code     8  drv_rtc.o(i.drv_rtc_start)
    drv_rtc_stop                             0x00029c2f   Thumb Code     8  drv_rtc.o(i.drv_rtc_stop)
    drv_rtc_windowed_compare_set             0x00029c37   Thumb Code   222  drv_rtc.o(i.drv_rtc_windowed_compare_set)
    evt_handle                               0x00029d29   Thumb Code   216  app_button.o(i.evt_handle)
    fputc                                    0x00029e75   Thumb Code    14  retarget.o(i.fputc)
    gatt_evt_handler                         0x00029e85   Thumb Code    52  main.o(i.gatt_evt_handler)
    gatt_init                                0x00029ee1   Thumb Code    38  main.o(i.gatt_init)
    log_pending_hook                         0x0002a199   Thumb Code     2  nrf_log_frontend.o(i.log_pending_hook)
    main                                     0x0002a241   Thumb Code   338  main.o(i.main)
    nrf_atfifo_init                          0x0002a5c3   Thumb Code    38  nrf_atfifo.o(i.nrf_atfifo_init)
    nrf_atfifo_item_alloc                    0x0002a5e9   Thumb Code    22  nrf_atfifo.o(i.nrf_atfifo_item_alloc)
    nrf_atfifo_item_free                     0x0002a5ff   Thumb Code    22  nrf_atfifo.o(i.nrf_atfifo_item_free)
    nrf_atfifo_item_get                      0x0002a615   Thumb Code    22  nrf_atfifo.o(i.nrf_atfifo_item_get)
    nrf_atfifo_item_put                      0x0002a62b   Thumb Code    22  nrf_atfifo.o(i.nrf_atfifo_item_put)
    nrf_atflags_clear                        0x0002a641   Thumb Code    22  nrf_atflags.o(i.nrf_atflags_clear)
    nrf_atflags_get                          0x0002a657   Thumb Code    22  nrf_atflags.o(i.nrf_atflags_get)
    nrf_atflags_set                          0x0002a66d   Thumb Code    20  nrf_atflags.o(i.nrf_atflags_set)
    nrf_atomic_flag_clear_fetch              0x0002a681   Thumb Code     6  nrf_atomic.o(i.nrf_atomic_flag_clear_fetch)
    nrf_atomic_flag_set                      0x0002a687   Thumb Code     6  nrf_atomic.o(i.nrf_atomic_flag_set)
    nrf_atomic_u32_add                       0x0002a68d   Thumb Code    12  nrf_atomic.o(i.nrf_atomic_u32_add)
    nrf_atomic_u32_and                       0x0002a699   Thumb Code    12  nrf_atomic.o(i.nrf_atomic_u32_and)
    nrf_atomic_u32_fetch_and                 0x0002a6a5   Thumb Code    10  nrf_atomic.o(i.nrf_atomic_u32_fetch_and)
    nrf_atomic_u32_fetch_store               0x0002a6af   Thumb Code    10  nrf_atomic.o(i.nrf_atomic_u32_fetch_store)
    nrf_atomic_u32_or                        0x0002a6b9   Thumb Code    12  nrf_atomic.o(i.nrf_atomic_u32_or)
    nrf_atomic_u32_sub                       0x0002a6c5   Thumb Code    12  nrf_atomic.o(i.nrf_atomic_u32_sub)
    nrf_balloc_alloc                         0x0002a6d1   Thumb Code    68  nrf_balloc.o(i.nrf_balloc_alloc)
    nrf_balloc_free                          0x0002a715   Thumb Code    48  nrf_balloc.o(i.nrf_balloc_free)
    nrf_balloc_init                          0x0002a745   Thumb Code    48  nrf_balloc.o(i.nrf_balloc_init)
    nrf_ble_gatt_att_mtu_periph_set          0x0002a785   Thumb Code    24  nrf_ble_gatt.o(i.nrf_ble_gatt_att_mtu_periph_set)
    nrf_ble_gatt_init                        0x0002a79d   Thumb Code    34  nrf_ble_gatt.o(i.nrf_ble_gatt_init)
    nrf_ble_gatt_on_ble_evt                  0x0002a7c1   Thumb Code   270  nrf_ble_gatt.o(i.nrf_ble_gatt_on_ble_evt)
    nrf_ble_qwr_conn_handle_assign           0x0002a911   Thumb Code    22  nrf_ble_qwr.o(i.nrf_ble_qwr_conn_handle_assign)
    nrf_ble_qwr_init                         0x0002a927   Thumb Code    36  nrf_ble_qwr.o(i.nrf_ble_qwr_init)
    nrf_ble_qwr_on_ble_evt                   0x0002a94b   Thumb Code   182  nrf_ble_qwr.o(i.nrf_ble_qwr_on_ble_evt)
    nrf_drv_clock_init                       0x0002aa21   Thumb Code    56  nrf_drv_clock.o(i.nrf_drv_clock_init)
    nrf_drv_clock_lfclk_release              0x0002aa61   Thumb Code    48  nrf_drv_clock.o(i.nrf_drv_clock_lfclk_release)
    nrf_drv_uart_init                        0x0002aa95   Thumb Code    90  nrf_drv_uart.o(i.nrf_drv_uart_init)
    nrf_fprintf                              0x0002ab3d   Thumb Code    26  nrf_fprintf.o(i.nrf_fprintf)
    nrf_fprintf_buffer_flush                 0x0002ab57   Thumb Code    24  nrf_fprintf.o(i.nrf_fprintf_buffer_flush)
    nrf_fprintf_fmt                          0x0002ab6f   Thumb Code   474  nrf_fprintf_format.o(i.nrf_fprintf_fmt)
    nrf_log_backend_add                      0x0002afe1   Thumb Code    86  nrf_log_frontend.o(i.nrf_log_backend_add)
    nrf_log_backend_rtt_init                 0x0002b03f   Thumb Code     4  nrf_log_backend_rtt.o(i.nrf_log_backend_rtt_init)
    nrf_log_backend_serial_put               0x0002b05d   Thumb Code   200  nrf_log_backend_serial.o(i.nrf_log_backend_serial_put)
    nrf_log_color_id_get                     0x0002b125   Thumb Code    42  nrf_log_frontend.o(i.nrf_log_color_id_get)
    nrf_log_default_backends_init            0x0002b155   Thumb Code    24  nrf_log_default_backends.o(i.nrf_log_default_backends_init)
    nrf_log_frontend_dequeue                 0x0002b171   Thumb Code   528  nrf_log_frontend.o(i.nrf_log_frontend_dequeue)
    nrf_log_frontend_std_0                   0x0002b3a9   Thumb Code     8  nrf_log_frontend.o(i.nrf_log_frontend_std_0)
    nrf_log_frontend_std_1                   0x0002b3b1   Thumb Code    14  nrf_log_frontend.o(i.nrf_log_frontend_std_1)
    nrf_log_frontend_std_2                   0x0002b3bf   Thumb Code    16  nrf_log_frontend.o(i.nrf_log_frontend_std_2)
    nrf_log_hexdump_entry_process            0x0002b3d1   Thumb Code   150  nrf_log_str_formatter.o(i.nrf_log_hexdump_entry_process)
    nrf_log_init                             0x0002b481   Thumb Code    28  nrf_log_frontend.o(i.nrf_log_init)
    nrf_log_module_cnt_get                   0x0002b4a9   Thumb Code    10  nrf_log_frontend.o(i.nrf_log_module_cnt_get)
    nrf_log_module_name_get                  0x0002b4bd   Thumb Code    24  nrf_log_frontend.o(i.nrf_log_module_name_get)
    nrf_log_panic                            0x0002b4d9   Thumb Code    36  nrf_log_frontend.o(i.nrf_log_panic)
    nrf_log_std_entry_process                0x0002b501   Thumb Code   182  nrf_log_str_formatter.o(i.nrf_log_std_entry_process)
    nrf_memobj_alloc                         0x0002b5b7   Thumb Code    96  nrf_memobj.o(i.nrf_memobj_alloc)
    nrf_memobj_free                          0x0002b617   Thumb Code    50  nrf_memobj.o(i.nrf_memobj_free)
    nrf_memobj_get                           0x0002b649   Thumb Code     8  nrf_memobj.o(i.nrf_memobj_get)
    nrf_memobj_pool_init                     0x0002b651   Thumb Code     4  nrf_memobj.o(i.nrf_memobj_pool_init)
    nrf_memobj_put                           0x0002b655   Thumb Code    30  nrf_memobj.o(i.nrf_memobj_put)
    nrf_memobj_read                          0x0002b673   Thumb Code    16  nrf_memobj.o(i.nrf_memobj_read)
    nrf_memobj_write                         0x0002b683   Thumb Code    16  nrf_memobj.o(i.nrf_memobj_write)
    nrf_pwr_mgmt_init                        0x0002b695   Thumb Code    28  nrf_pwr_mgmt.o(i.nrf_pwr_mgmt_init)
    nrf_pwr_mgmt_run                         0x0002b6bd   Thumb Code    64  nrf_pwr_mgmt.o(i.nrf_pwr_mgmt_run)
    nrf_ringbuf_init                         0x0002b705   Thumb Code    28  nrf_ringbuf.o(i.nrf_ringbuf_init)
    nrf_sdh_ble_app_ram_start_get            0x0002b72d   Thumb Code    16  nrf_sdh_ble.o(i.nrf_sdh_ble_app_ram_start_get)
    nrf_sdh_ble_default_cfg_set              0x0002b741   Thumb Code   272  nrf_sdh_ble.o(i.nrf_sdh_ble_default_cfg_set)
    nrf_sdh_ble_enable                       0x0002b871   Thumb Code   116  nrf_sdh_ble.o(i.nrf_sdh_ble_enable)
    nrf_sdh_enable_request                   0x0002ba01   Thumb Code   102  nrf_sdh.o(i.nrf_sdh_enable_request)
    nrf_sdh_evts_poll                        0x0002ba75   Thumb Code    32  nrf_sdh.o(i.nrf_sdh_evts_poll)
    nrf_sdh_is_enabled                       0x0002ba99   Thumb Code     6  nrf_sdh.o(i.nrf_sdh_is_enabled)
    nrf_section_iter_init                    0x0002bae1   Thumb Code    10  nrf_section_iter.o(i.nrf_section_iter_init)
    nrf_section_iter_next                    0x0002bb0f   Thumb Code    32  nrf_section_iter.o(i.nrf_section_iter_next)
    nrf_sortlist_add                         0x0002bb2f   Thumb Code    34  nrf_sortlist.o(i.nrf_sortlist_add)
    nrf_sortlist_peek                        0x0002bb51   Thumb Code     6  nrf_sortlist.o(i.nrf_sortlist_peek)
    nrf_sortlist_pop                         0x0002bb57   Thumb Code    14  nrf_sortlist.o(i.nrf_sortlist_pop)
    nrf_sortlist_remove                      0x0002bb65   Thumb Code    30  nrf_sortlist.o(i.nrf_sortlist_remove)
    nrf_strerror_find                        0x0002bb85   Thumb Code    52  nrf_strerror.o(i.nrf_strerror_find)
    nrf_strerror_get                         0x0002bbbd   Thumb Code    14  nrf_strerror.o(i.nrf_strerror_get)
    nrfx_clock_enable                        0x0002bc19   Thumb Code    34  nrfx_clock.o(i.nrfx_clock_enable)
    nrfx_clock_init                          0x0002bc45   Thumb Code    26  nrfx_clock.o(i.nrfx_clock_init)
    nrfx_clock_lfclk_stop                    0x0002bc65   Thumb Code    38  nrfx_clock.o(i.nrfx_clock_lfclk_stop)
    nrfx_gpiote_in_event_enable              0x0002bca5   Thumb Code   144  nrfx_gpiote.o(i.nrfx_gpiote_in_event_enable)
    nrfx_gpiote_in_init                      0x0002bd3d   Thumb Code   196  nrfx_gpiote.o(i.nrfx_gpiote_in_init)
    nrfx_gpiote_in_is_set                    0x0002be0d   Thumb Code    14  nrfx_gpiote.o(i.nrfx_gpiote_in_is_set)
    nrfx_gpiote_init                         0x0002be1d   Thumb Code   108  nrfx_gpiote.o(i.nrfx_gpiote_init)
    nrfx_gpiote_is_init                      0x0002be95   Thumb Code    14  nrfx_gpiote.o(i.nrfx_gpiote_is_init)
    nrfx_prs_acquire                         0x0002beb9   Thumb Code    58  nrfx_prs.o(i.nrfx_prs_acquire)
    nrfx_uart_0_irq_handler                  0x0002bef5   Thumb Code     8  nrfx_uart.o(i.nrfx_uart_0_irq_handler)
    nrfx_uart_init                           0x0002bf05   Thumb Code   200  nrfx_uart.o(i.nrfx_uart_init)
    nrfx_uart_rx                             0x0002bfd9   Thumb Code   230  nrfx_uart.o(i.nrfx_uart_rx)
    nrfx_uart_tx                             0x0002c0c5   Thumb Code   162  nrfx_uart.o(i.nrfx_uart_tx)
    nrfx_uart_tx_in_progress                 0x0002c16d   Thumb Code    26  nrfx_uart.o(i.nrfx_uart_tx_in_progress)
    nrfx_uarte_0_irq_handler                 0x0002c18d   Thumb Code     8  nrfx_uarte.o(i.nrfx_uarte_0_irq_handler)
    nrfx_uarte_init                          0x0002c19d   Thumb Code   100  nrfx_uarte.o(i.nrfx_uarte_init)
    nrfx_uarte_rx                            0x0002c209   Thumb Code   256  nrfx_uarte.o(i.nrfx_uarte_rx)
    nrfx_uarte_tx                            0x0002c30d   Thumb Code   166  nrfx_uarte.o(i.nrfx_uarte_tx)
    nrfx_uarte_tx_in_progress                0x0002c3b9   Thumb Code    22  nrfx_uarte.o(i.nrfx_uarte_tx_in_progress)
    nvmc_config                              0x0002c46d   Thumb Code    14  system_nrf52.o(i.nvmc_config)
    uart_event_handle                        0x0002d079   Thumb Code   112  main.o(i.uart_event_handle)
    nrf_log_backend_rtt_api                  0x0002d918   Data          12  nrf_log_backend_rtt.o(.constdata)
    m_ram_start                              0x0002d9bc   Data           4  nrf_sdh_ble.o(.constdata)
    __ctype_table                            0x0002d9e8   Data         129  ctype_o.o(.constdata)
    Region$$Table$$Base                      0x0002e1e8   Number         0  anon$$obj.o(Region$$Table)
    Region$$Table$$Limit                     0x0002e208   Number         0  anon$$obj.o(Region$$Table)
    log_const_data$$Base                     0x0002e218   Number         0  nrf_ble_gatt.o(log_const_data)
    m_nrf_log_nrf_ble_gatt_logs_data_const   0x0002e218   Data           8  nrf_ble_gatt.o(log_const_data)
    m_nrf_log_ble_bas_logs_data_const        0x0002e220   Data           8  ble_bas.o(log_const_data)
    m_nrf_log_ble_nus_logs_data_const        0x0002e228   Data           8  ble_nus.o(log_const_data)
    m_nrf_log_clock_logs_data_const          0x0002e230   Data           8  nrf_drv_clock.o(log_const_data)
    m_nrf_log_CLOCK_logs_data_const          0x0002e238   Data           8  nrfx_clock.o(log_const_data)
    m_nrf_log_GPIOTE_logs_data_const         0x0002e240   Data           8  nrfx_gpiote.o(log_const_data)
    m_nrf_log_PRS_logs_data_const            0x0002e248   Data           8  nrfx_prs.o(log_const_data)
    m_nrf_log_UART_logs_data_const           0x0002e250   Data           8  nrfx_uart.o(log_const_data)
    m_nrf_log_UARTE_logs_data_const          0x0002e258   Data           8  nrfx_uarte.o(log_const_data)
    m_nrf_log_app_button_logs_data_const     0x0002e260   Data           8  app_button.o(log_const_data)
    m_nrf_log_app_timer_logs_data_const      0x0002e268   Data           8  app_timer2.o(log_const_data)
    m_nrf_log_pwr_mgmt_logs_data_const       0x0002e270   Data           8  nrf_pwr_mgmt.o(log_const_data)
    m_nrf_log_sortlist_logs_data_const       0x0002e278   Data           8  nrf_sortlist.o(log_const_data)
    m_nrf_log_app_logs_data_const            0x0002e280   Data           8  nrf_log_frontend.o(log_const_data)
    m_nrf_log_nrf_sdh_logs_data_const        0x0002e288   Data           8  nrf_sdh.o(log_const_data)
    m_nrf_log_nrf_sdh_ble_logs_data_const    0x0002e290   Data           8  nrf_sdh_ble.o(log_const_data)
    m_nrf_log_nrf_sdh_soc_logs_data_const    0x0002e298   Data           8  nrf_sdh_soc.o(log_const_data)
    log_const_data$$Limit                    0x0002e2a0   Number         0  nrf_sdh_soc.o(log_const_data)
    log_mempool                              0x0002e2a0   Data          20  nrf_log_frontend.o(nrf_balloc)
    sdh_ble_observers0$$Base                 0x0002e2b4   Number         0  ble_conn_state.o(sdh_ble_observers0)
    sdh_ble_observers0$$Limit                0x0002e2bc   Number         0  ble_conn_state.o(sdh_ble_observers0)
    sdh_ble_observers1$$Base                 0x0002e2bc   Number         0  main.o(sdh_ble_observers1)
    sdh_ble_observers1$$Limit                0x0002e2dc   Number         0  ble_conn_params.o(sdh_ble_observers1)
    sdh_ble_observers2$$Base                 0x0002e2dc   Number         0  main.o(sdh_ble_observers2)
    sdh_ble_observers2$$Limit                0x0002e2f4   Number         0  main.o(sdh_ble_observers2)
    sdh_ble_observers3$$Base                 0x0002e2f4   Number         0  main.o(sdh_ble_observers3)
    sdh_ble_observers3$$Limit                0x0002e2fc   Number         0  main.o(sdh_ble_observers3)
    sdh_soc_observers0$$Base                 0x0002e2fc   Number         0  nrf_drv_clock.o(sdh_soc_observers0)
    sdh_soc_observers0$$Limit                0x0002e304   Number         0  nrf_drv_clock.o(sdh_soc_observers0)
    sdh_stack_observers0$$Base               0x0002e304   Number         0  nrf_sdh_ble.o(sdh_stack_observers0)
    sdh_stack_observers0$$Limit              0x0002e314   Number         0  nrf_sdh_soc.o(sdh_stack_observers0)
    sdh_state_observers0$$Base               0x0002e314   Number         0  nrf_drv_clock.o(sdh_state_observers0)
    sdh_state_observers0$$Limit              0x0002e31c   Number         0  nrf_drv_clock.o(sdh_state_observers0)
    Image$$RW_IRAM1$$Base                    0x20002ae8   Number         0  anon$$obj.o ABSOLUTE
    nrf_drv_uart_use_easy_dma                0x20002ba0   Data           2  nrf_drv_uart.o(.data)
    __stdout                                 0x20002c54   Data           4  retarget.o(.data)
    SystemCoreClock                          0x20002cbc   Data           4  system_nrf52.o(.data)
    nrf_nvic_state                           0x2000366c   Data          12  app_util_platform.o(.bss)
    _SEGGER_RTT                              0x20003c3c   Data         120  segger_rtt.o(.bss)
    __initial_sp                             0x20005ec8   Data           0  arm_startup_nrf52840.o(STACK)



==============================================================================

Memory Map of the image

  Image Entry point : 0x00027201

  Load Region LR_IROM1 (Base: 0x00027000, Size: 0x000074f4, Max: 0x000d9000, ABSOLUTE, COMPRESSED[0x00007384])

    Execution Region ER_IROM1 (Exec base: 0x00027000, Load base: 0x00027000, Size: 0x0000731c, Max: 0x000d9000, ABSOLUTE)

    Exec Addr    Load Addr    Size         Type   Attr      Idx    E Section Name        Object

    0x00027000   0x00027000   0x00000200   Data   RO         5262    RESET               arm_startup_nrf52840.o
    0x00027200   0x00027200   0x00000000   Code   RO         5335  * .ARM.Collect$$$$00000000  mc_w.l(entry.o)
    0x00027200   0x00027200   0x00000004   Code   RO         5642    .ARM.Collect$$$$00000001  mc_w.l(entry2.o)
    0x00027204   0x00027204   0x00000004   Code   RO         5645    .ARM.Collect$$$$00000004  mc_w.l(entry5.o)
    0x00027208   0x00027208   0x00000000   Code   RO         5647    .ARM.Collect$$$$00000008  mc_w.l(entry7b.o)
    0x00027208   0x00027208   0x00000000   Code   RO         5649    .ARM.Collect$$$$0000000A  mc_w.l(entry8b.o)
    0x00027208   0x00027208   0x00000008   Code   RO         5650    .ARM.Collect$$$$0000000B  mc_w.l(entry9a.o)
    0x00027210   0x00027210   0x00000000   Code   RO         5652    .ARM.Collect$$$$0000000D  mc_w.l(entry10a.o)
    0x00027210   0x00027210   0x00000000   Code   RO         5654    .ARM.Collect$$$$0000000F  mc_w.l(entry11a.o)
    0x00027210   0x00027210   0x00000004   Code   RO         5643    .ARM.Collect$$$$00002712  mc_w.l(entry2.o)
    0x00027214   0x00027214   0x000000c8   Code   RO         3647    .emb_text           nrf_atfifo.o
    0x000272dc   0x000272dc   0x000000e2   Code   RO         3783    .emb_text           nrf_atomic.o
    0x000273be   0x000273be   0x00000002   PAD
    0x000273c0   0x000273c0   0x00000024   Code   RO         5263    .text               arm_startup_nrf52840.o
    0x000273e4   0x000273e4   0x00000062   Code   RO         5338    .text               mc_w.l(uldiv.o)
    0x00027446   0x00027446   0x0000001e   Code   RO         5340    .text               mc_w.l(llshl.o)
    0x00027464   0x00027464   0x00000008   Code   RO         5342    .text               mc_w.l(ctype_o.o)
    0x0002746c   0x0002746c   0x00000024   Code   RO         5370    .text               mc_w.l(memcpya.o)
    0x00027490   0x00027490   0x00000024   Code   RO         5372    .text               mc_w.l(memseta.o)
    0x000274b4   0x000274b4   0x0000000e   Code   RO         5374    .text               mc_w.l(strlen.o)
    0x000274c2   0x000274c2   0x00000012   Code   RO         5378    .text               mc_w.l(strcpy.o)
    0x000274d4   0x000274d4   0x00000020   Code   RO         5658    .text               mc_w.l(llushr.o)
    0x000274f4   0x000274f4   0x00000024   Code   RO         5671    .text               mc_w.l(init.o)
    0x00027518   0x00027518   0x00000056   Code   RO         5685    .text               mc_w.l(__dczerorl2.o)
    0x0002756e   0x0002756e   0x00000002   PAD
    0x00027570   0x00027570   0x000000a4   Code   RO         2073    i.GPIOTE_IRQHandler  nrfx_gpiote.o
    0x00027614   0x00027614   0x00000058   Code   RO         1934    i.POWER_CLOCK_IRQHandler  nrfx_clock.o
    0x0002766c   0x0002766c   0x00000010   Code   RO         3433    i.RTC1_IRQHandler   drv_rtc.o
    0x0002767c   0x0002767c   0x00000004   Code   RO         4802    i.SEGGER_RTT_Init   segger_rtt.o
    0x00027680   0x00027680   0x0000005c   Code   RO         4816    i.SEGGER_RTT_WriteNoLock  segger_rtt.o
    0x000276dc   0x000276dc   0x00000004   Code   RO         5053    i.SWI2_EGU2_IRQHandler  nrf_sdh.o
    0x000276e0   0x000276e0   0x000001d0   Code   RO         5271    i.SystemInit        system_nrf52.o
    0x000278b0   0x000278b0   0x0000000c   Code   RO         2398    i.UARTE0_UART0_IRQHandler  nrfx_prs.o
    0x000278bc   0x000278bc   0x00000068   Code   RO         4820    i._DoInit           segger_rtt.o
    0x00027924   0x00027924   0x00000016   Code   RO         4821    i._GetAvailWriteSpace  segger_rtt.o
    0x0002793a   0x0002793a   0x0000005a   Code   RO         4823    i._WriteBlocking    segger_rtt.o
    0x00027994   0x00027994   0x00000042   Code   RO         4824    i._WriteNoCheck     segger_rtt.o
    0x000279d6   0x000279d6   0x00000002   PAD
    0x000279d8   0x000279d8   0x00000010   Code   RO         5383    i.__0printf$bare    mc_w.l(printfb.o)
    0x000279e8   0x000279e8   0x0000000e   Code   RO         5679    i.__scatterload_copy  mc_w.l(handlers.o)
    0x000279f6   0x000279f6   0x00000002   Code   RO         5680    i.__scatterload_null  mc_w.l(handlers.o)
    0x000279f8   0x000279f8   0x0000000e   Code   RO         5681    i.__scatterload_zeroinit  mc_w.l(handlers.o)
    0x00027a06   0x00027a06   0x00000002   PAD
    0x00027a08   0x00027a08   0x00000024   Code   RO         5054    i.__sd_nvic_app_accessible_irq  nrf_sdh.o
    0x00027a2c   0x00027a2c   0x00000022   Code   RO         5390    i._printf_core      mc_w.l(printfb.o)
    0x00027a4e   0x00027a4e   0x00000010   Code   RO          882    i.adv_set_data_size_max_get  ble_advertising.o
    0x00027a5e   0x00027a5e   0x00000036   Code   RO          672    i.advertising_buttons_configure  bsp_btn_ble.o
    0x00027a94   0x00027a94   0x00000068   Code   RO            4    i.advertising_init  main.o
    0x00027afc   0x00027afc   0x0000001c   Code   RO            5    i.advertising_start  main.o
    0x00027b18   0x00027b18   0x000000a0   Code   RO            6    i.advertising_update_1  main.o
    0x00027bb8   0x00027bb8   0x000000a0   Code   RO            7    i.advertising_update_2  main.o
    0x00027c58   0x00027c58   0x00000006   Code   RO          555    i.alert_timer_handler  bsp.o
    0x00027c5e   0x00027c5e   0x00000002   PAD
    0x00027c60   0x00027c60   0x00000024   Code   RO         2821    i.app_button_enable  app_button.o
    0x00027c84   0x00027c84   0x00000080   Code   RO         2822    i.app_button_init   app_button.o
    0x00027d04   0x00027d04   0x00000084   Code   RO         2979    i.app_error_fault_handler  app_error_weak.o
    0x00027d88   0x00027d88   0x00000016   Code   RO         2919    i.app_error_handler_bare  app_error.o
    0x00027d9e   0x00027d9e   0x00000016   Code   RO         3023    i.app_fifo_get      app_fifo.o
    0x00027db4   0x00027db4   0x00000020   Code   RO         3024    i.app_fifo_init     app_fifo.o
    0x00027dd4   0x00027dd4   0x0000001a   Code   RO         3026    i.app_fifo_put      app_fifo.o
    0x00027dee   0x00027dee   0x00000002   PAD
    0x00027df0   0x00027df0   0x0000000c   Code   RO         3147    i.app_timer_cnt_get  app_timer2.o
    0x00027dfc   0x00027dfc   0x00000020   Code   RO         3148    i.app_timer_create  app_timer2.o
    0x00027e1c   0x00027e1c   0x0000005c   Code   RO         3149    i.app_timer_init    app_timer2.o
    0x00027e78   0x00027e78   0x00000054   Code   RO         3152    i.app_timer_start   app_timer2.o
    0x00027ecc   0x00027ecc   0x00000044   Code   RO         3153    i.app_timer_stop    app_timer2.o
    0x00027f10   0x00027f10   0x00000034   Code   RO         3290    i.app_uart_get      app_uart_fifo.o
    0x00027f44   0x00027f44   0x000000a4   Code   RO         3291    i.app_uart_init     app_uart_fifo.o
    0x00027fe8   0x00027fe8   0x00000054   Code   RO         3292    i.app_uart_put      app_uart_fifo.o
    0x0002803c   0x0002803c   0x00000048   Code   RO         3365    i.app_util_critical_region_enter  app_util_platform.o
    0x00028084   0x00028084   0x00000034   Code   RO         3366    i.app_util_critical_region_exit  app_util_platform.o
    0x000280b8   0x000280b8   0x00000076   Code   RO         2452    i.apply_config      nrfx_uart.o
    0x0002812e   0x0002812e   0x00000076   Code   RO         2650    i.apply_config      nrfx_uarte.o
    0x000281a4   0x000281a4   0x00000002   Code   RO            9    i.bas_event_handler  main.o
    0x000281a6   0x000281a6   0x0000009c   Code   RO         1453    i.battery_level_char_add  ble_bas.o
    0x00028242   0x00028242   0x00000048   Code   RO         1224    i.blcm_link_ctx_get  ble_link_ctx_manager.o
    0x0002828a   0x0002828a   0x00000182   Code   RO          776    i.ble_advdata_encode  ble_advdata.o
    0x0002840c   0x0002840c   0x00000020   Code   RO          778    i.ble_advdata_parse  ble_advdata.o
    0x0002842c   0x0002842c   0x00000046   Code   RO          779    i.ble_advdata_search  ble_advdata.o
    0x00028472   0x00028472   0x00000006   Code   RO          884    i.ble_advertising_conn_cfg_tag_set  ble_advertising.o
    0x00028478   0x00028478   0x000000e8   Code   RO          885    i.ble_advertising_init  ble_advertising.o
    0x00028560   0x00028560   0x0000006a   Code   RO          887    i.ble_advertising_on_ble_evt  ble_advertising.o
    0x000285ca   0x000285ca   0x0000003a   Code   RO          889    i.ble_advertising_restart_without_whitelist  ble_advertising.o
    0x00028604   0x00028604   0x00000230   Code   RO          890    i.ble_advertising_start  ble_advertising.o
    0x00028834   0x00028834   0x0000003e   Code   RO         1457    i.ble_bas_init      ble_bas.o
    0x00028872   0x00028872   0x00000052   Code   RO         1458    i.ble_bas_on_ble_evt  ble_bas.o
    0x000288c4   0x000288c4   0x00000068   Code   RO          981    i.ble_conn_params_init  ble_conn_params.o
    0x0002892c   0x0002892c   0x00000012   Code   RO         1056    i.ble_conn_state_conn_idx  ble_conn_state.o
    0x0002893e   0x0002893e   0x00000002   PAD
    0x00028940   0x00028940   0x00000014   Code   RO         1070    i.ble_conn_state_valid  ble_conn_state.o
    0x00028954   0x00028954   0x00000060   Code   RO          782    i.ble_device_addr_encode  ble_advdata.o
    0x000289b4   0x000289b4   0x000000dc   Code   RO           10    i.ble_evt_handler   main.o
    0x00028a90   0x00028a90   0x00000070   Code   RO          673    i.ble_evt_handler   bsp_btn_ble.o
    0x00028b00   0x00028b00   0x000000fc   Code   RO          983    i.ble_evt_handler   ble_conn_params.o
    0x00028bfc   0x00028bfc   0x00000118   Code   RO         1071    i.ble_evt_handler   ble_conn_state.o
    0x00028d14   0x00028d14   0x00000066   Code   RO         1516    i.ble_nus_data_send  ble_nus.o
    0x00028d7a   0x00028d7a   0x00000002   PAD
    0x00028d7c   0x00028d7c   0x000000d4   Code   RO         1517    i.ble_nus_init      ble_nus.o
    0x00028e50   0x00028e50   0x00000076   Code   RO         1518    i.ble_nus_on_ble_evt  ble_nus.o
    0x00028ec6   0x00028ec6   0x00000008   Code   RO         1250    i.ble_srv_is_notification_enabled  ble_srv_common.o
    0x00028ece   0x00028ece   0x0000000c   Code   RO         1251    i.ble_srv_report_ref_encode  ble_srv_common.o
    0x00028eda   0x00028eda   0x00000002   PAD
    0x00028edc   0x00028edc   0x0000000c   Code   RO          437    i.bsp_board_button_idx_to_pin  boards.o
    0x00028ee8   0x00028ee8   0x00000028   Code   RO          438    i.bsp_board_button_state_get  boards.o
    0x00028f10   0x00028f10   0x00000054   Code   RO          439    i.bsp_board_init    boards.o
    0x00028f64   0x00028f64   0x0000002c   Code   RO          441    i.bsp_board_led_invert  boards.o
    0x00028f90   0x00028f90   0x00000010   Code   RO          442    i.bsp_board_led_off  boards.o
    0x00028fa0   0x00028fa0   0x00000010   Code   RO          443    i.bsp_board_led_on  boards.o
    0x00028fb0   0x00028fb0   0x00000028   Code   RO          444    i.bsp_board_led_state_get  boards.o
    0x00028fd8   0x00028fd8   0x00000012   Code   RO          445    i.bsp_board_leds_off  boards.o
    0x00028fea   0x00028fea   0x00000012   Code   RO          446    i.bsp_board_leds_on  boards.o
    0x00028ffc   0x00028ffc   0x00000024   Code   RO          447    i.bsp_board_pin_to_button_idx  boards.o
    0x00029020   0x00029020   0x00000038   Code   RO          674    i.bsp_btn_ble_init  bsp_btn_ble.o
    0x00029058   0x00029058   0x0000001e   Code   RO          675    i.bsp_btn_ble_sleep_mode_prepare  bsp_btn_ble.o
    0x00029076   0x00029076   0x00000002   PAD
    0x00029078   0x00029078   0x00000090   Code   RO          556    i.bsp_button_event_handler  bsp.o
    0x00029108   0x00029108   0x0000000c   Code   RO          557    i.bsp_button_is_pressed  bsp.o
    0x00029114   0x00029114   0x00000098   Code   RO           11    i.bsp_event_handler  main.o
    0x000291ac   0x000291ac   0x00000044   Code   RO          560    i.bsp_event_to_button_action_assign  bsp.o
    0x000291f0   0x000291f0   0x00000018   Code   RO          561    i.bsp_indication_set  bsp.o
    0x00029208   0x00029208   0x00000094   Code   RO          562    i.bsp_init          bsp.o
    0x0002929c   0x0002929c   0x000001c8   Code   RO          563    i.bsp_led_indication  bsp.o
    0x00029464   0x00029464   0x00000006   Code   RO          565    i.bsp_wakeup_button_enable  bsp.o
    0x0002946a   0x0002946a   0x00000002   PAD
    0x0002946c   0x0002946c   0x00000094   Code   RO         4550    i.buf_prealloc      nrf_log_frontend.o
    0x00029500   0x00029500   0x0000001e   Code   RO         3995    i.buffer_add        nrf_fprintf_format.o
    0x0002951e   0x0002951e   0x00000002   PAD
    0x00029520   0x00029520   0x00000018   Code   RO         4551    i.buffer_is_empty   nrf_log_frontend.o
    0x00029538   0x00029538   0x00000028   Code   RO         2824    i.button_get        app_button.o
    0x00029560   0x00029560   0x00000008   Code   RO          566    i.button_timer_handler  bsp.o
    0x00029568   0x00029568   0x0000001c   Code   RO         2074    i.channel_free      nrfx_gpiote.o
    0x00029584   0x00029584   0x00000048   Code   RO         2075    i.channel_port_alloc  nrfx_gpiote.o
    0x000295cc   0x000295cc   0x00000010   Code   RO         2076    i.channel_port_get  nrfx_gpiote.o
    0x000295dc   0x000295dc   0x00000190   Code   RO         1252    i.characteristic_add  ble_srv_common.o
    0x0002976c   0x0002976c   0x00000028   Code   RO         1589    i.clock_clk_started_notify  nrf_drv_clock.o
    0x00029794   0x00029794   0x0000001c   Code   RO         1590    i.clock_irq_handler  nrf_drv_clock.o
    0x000297b0   0x000297b0   0x00000018   Code   RO         3155    i.compare_func      app_timer2.o
    0x000297c8   0x000297c8   0x0000003e   Code   RO         1072    i.conn_handle_list_get  ble_conn_state.o
    0x00029806   0x00029806   0x00000088   Code   RO          783    i.conn_int_encode   ble_advdata.o
    0x0002988e   0x0002988e   0x00000004   Code   RO           12    i.conn_params_error_handler  main.o
    0x00029892   0x00029892   0x00000002   PAD
    0x00029894   0x00029894   0x00000048   Code   RO          984    i.conn_params_negotiation  ble_conn_params.o
    0x000298dc   0x000298dc   0x000000c0   Code   RO         1310    i.data_length_update  nrf_ble_gatt.o
    0x0002999c   0x0002999c   0x000000aa   Code   RO         1253    i.descriptor_add    ble_srv_common.o
    0x00029a46   0x00029a46   0x00000002   PAD
    0x00029a48   0x00029a48   0x00000048   Code   RO         2825    i.detection_delay_timeout_handler  app_button.o
    0x00029a90   0x00029a90   0x00000014   Code   RO         4552    i.dropped_sat16_get  nrf_log_frontend.o
    0x00029aa4   0x00029aa4   0x00000014   Code   RO         3434    i.drv_rtc_compare_disable  drv_rtc.o
    0x00029ab8   0x00029ab8   0x0000000e   Code   RO         3437    i.drv_rtc_compare_pending  drv_rtc.o
    0x00029ac6   0x00029ac6   0x00000050   Code   RO         3438    i.drv_rtc_compare_set  drv_rtc.o
    0x00029b16   0x00029b16   0x00000008   Code   RO         3439    i.drv_rtc_counter_get  drv_rtc.o
    0x00029b1e   0x00029b1e   0x00000002   PAD
    0x00029b20   0x00029b20   0x000000d8   Code   RO         3440    i.drv_rtc_init      drv_rtc.o
    0x00029bf8   0x00029bf8   0x0000001e   Code   RO         3441    i.drv_rtc_irq_trigger  drv_rtc.o
    0x00029c16   0x00029c16   0x00000008   Code   RO         3443    i.drv_rtc_overflow_enable  drv_rtc.o
    0x00029c1e   0x00029c1e   0x00000008   Code   RO         3444    i.drv_rtc_overflow_pending  drv_rtc.o
    0x00029c26   0x00029c26   0x00000008   Code   RO         3445    i.drv_rtc_start     drv_rtc.o
    0x00029c2e   0x00029c2e   0x00000008   Code   RO         3446    i.drv_rtc_stop      drv_rtc.o
    0x00029c36   0x00029c36   0x000000de   Code   RO         3451    i.drv_rtc_windowed_compare_set  drv_rtc.o
    0x00029d14   0x00029d14   0x00000012   Code   RO         3452    i.evt_enable        drv_rtc.o
    0x00029d26   0x00029d26   0x00000002   PAD
    0x00029d28   0x00029d28   0x000000e0   Code   RO         2826    i.evt_handle        app_button.o
    0x00029e08   0x00029e08   0x00000014   Code   RO         3453    i.evt_pending       drv_rtc.o
    0x00029e1c   0x00029e1c   0x00000014   Code   RO         3029    i.fifo_get          app_fifo.o
    0x00029e30   0x00029e30   0x00000012   Code   RO         3030    i.fifo_put          app_fifo.o
    0x00029e42   0x00029e42   0x0000000a   Code   RO         1073    i.flag_toggle       ble_conn_state.o
    0x00029e4c   0x00029e4c   0x00000028   Code   RO          892    i.flags_set         ble_advertising.o
    0x00029e74   0x00029e74   0x0000000e   Code   RO         4374    i.fputc             retarget.o
    0x00029e82   0x00029e82   0x00000002   PAD
    0x00029e84   0x00029e84   0x0000005c   Code   RO           13    i.gatt_evt_handler  main.o
    0x00029ee0   0x00029ee0   0x00000030   Code   RO           14    i.gatt_init         main.o
    0x00029f10   0x00029f10   0x00000034   Code   RO         3156    i.get_now           app_timer2.o
    0x00029f44   0x00029f44   0x0000003c   Code   RO         2827    i.gpiote_event_handler  app_button.o
    0x00029f80   0x00029f80   0x00000014   Code   RO          985    i.instance_get      ble_conn_params.o
    0x00029f94   0x00029f94   0x000000a6   Code   RO         3996    i.int_print         nrf_fprintf_format.o
    0x0002a03a   0x0002a03a   0x00000002   PAD
    0x0002a03c   0x0002a03c   0x00000088   Code   RO         2651    i.interrupts_enable  nrfx_uarte.o
    0x0002a0c4   0x0002a0c4   0x00000034   Code   RO         4553    i.invalid_packets_omit  nrf_log_frontend.o
    0x0002a0f8   0x0002a0f8   0x00000044   Code   RO          986    i.is_conn_params_ok  ble_conn_params.o
    0x0002a13c   0x0002a13c   0x00000030   Code   RO          567    i.leds_off          bsp.o
    0x0002a16c   0x0002a16c   0x00000014   Code   RO          568    i.leds_timer_handler  bsp.o
    0x0002a180   0x0002a180   0x00000018   Code   RO         1311    i.link_init         nrf_ble_gatt.o
    0x0002a198   0x0002a198   0x00000002   Code   RO         4554    i.log_pending_hook  nrf_log_frontend.o
    0x0002a19a   0x0002a19a   0x00000002   PAD
    0x0002a19c   0x0002a19c   0x000000a4   Code   RO         4555    i.log_skip          nrf_log_frontend.o
    0x0002a240   0x0002a240   0x000001c8   Code   RO           15    i.main              main.o
    0x0002a408   0x0002a408   0x00000064   Code   RO          784    i.manuf_specific_data_encode  ble_advdata.o
    0x0002a46c   0x0002a46c   0x0000007e   Code   RO         4035    i.memobj_op         nrf_memobj.o
    0x0002a4ea   0x0002a4ea   0x00000002   PAD
    0x0002a4ec   0x0002a4ec   0x00000030   Code   RO         4556    i.module_idx_get    nrf_log_frontend.o
    0x0002a51c   0x0002a51c   0x000000a6   Code   RO          785    i.name_encode       ble_advdata.o
    0x0002a5c2   0x0002a5c2   0x00000026   Code   RO         3651    i.nrf_atfifo_init   nrf_atfifo.o
    0x0002a5e8   0x0002a5e8   0x00000016   Code   RO         3652    i.nrf_atfifo_item_alloc  nrf_atfifo.o
    0x0002a5fe   0x0002a5fe   0x00000016   Code   RO         3653    i.nrf_atfifo_item_free  nrf_atfifo.o
    0x0002a614   0x0002a614   0x00000016   Code   RO         3654    i.nrf_atfifo_item_get  nrf_atfifo.o
    0x0002a62a   0x0002a62a   0x00000016   Code   RO         3655    i.nrf_atfifo_item_put  nrf_atfifo.o
    0x0002a640   0x0002a640   0x00000016   Code   RO         3717    i.nrf_atflags_clear  nrf_atflags.o
    0x0002a656   0x0002a656   0x00000016   Code   RO         3722    i.nrf_atflags_get   nrf_atflags.o
    0x0002a66c   0x0002a66c   0x00000014   Code   RO         3724    i.nrf_atflags_set   nrf_atflags.o
    0x0002a680   0x0002a680   0x00000006   Code   RO         3785    i.nrf_atomic_flag_clear_fetch  nrf_atomic.o
    0x0002a686   0x0002a686   0x00000006   Code   RO         3786    i.nrf_atomic_flag_set  nrf_atomic.o
    0x0002a68c   0x0002a68c   0x0000000c   Code   RO         3788    i.nrf_atomic_u32_add  nrf_atomic.o
    0x0002a698   0x0002a698   0x0000000c   Code   RO         3789    i.nrf_atomic_u32_and  nrf_atomic.o
    0x0002a6a4   0x0002a6a4   0x0000000a   Code   RO         3792    i.nrf_atomic_u32_fetch_and  nrf_atomic.o
    0x0002a6ae   0x0002a6ae   0x0000000a   Code   RO         3794    i.nrf_atomic_u32_fetch_store  nrf_atomic.o
    0x0002a6b8   0x0002a6b8   0x0000000c   Code   RO         3798    i.nrf_atomic_u32_or  nrf_atomic.o
    0x0002a6c4   0x0002a6c4   0x0000000c   Code   RO         3800    i.nrf_atomic_u32_sub  nrf_atomic.o
    0x0002a6d0   0x0002a6d0   0x00000044   Code   RO         3919    i.nrf_balloc_alloc  nrf_balloc.o
    0x0002a714   0x0002a714   0x00000030   Code   RO         3920    i.nrf_balloc_free   nrf_balloc.o
    0x0002a744   0x0002a744   0x00000030   Code   RO         3921    i.nrf_balloc_init   nrf_balloc.o
    0x0002a774   0x0002a774   0x00000010   Code   RO         2077    i.nrf_bitmask_bit_is_set  nrfx_gpiote.o
    0x0002a784   0x0002a784   0x00000018   Code   RO         1313    i.nrf_ble_gatt_att_mtu_periph_set  nrf_ble_gatt.o
    0x0002a79c   0x0002a79c   0x00000022   Code   RO         1317    i.nrf_ble_gatt_init  nrf_ble_gatt.o
    0x0002a7be   0x0002a7be   0x00000002   PAD
    0x0002a7c0   0x0002a7c0   0x00000150   Code   RO         1318    i.nrf_ble_gatt_on_ble_evt  nrf_ble_gatt.o
    0x0002a910   0x0002a910   0x00000016   Code   RO         1412    i.nrf_ble_qwr_conn_handle_assign  nrf_ble_qwr.o
    0x0002a926   0x0002a926   0x00000024   Code   RO         1413    i.nrf_ble_qwr_init  nrf_ble_qwr.o
    0x0002a94a   0x0002a94a   0x000000b6   Code   RO         1414    i.nrf_ble_qwr_on_ble_evt  nrf_ble_qwr.o
    0x0002aa00   0x0002aa00   0x0000000e   Code   RO         1935    i.nrf_clock_event_check  nrfx_clock.o
    0x0002aa0e   0x0002aa0e   0x00000010   Code   RO         1936    i.nrf_clock_event_clear  nrfx_clock.o
    0x0002aa1e   0x0002aa1e   0x00000002   PAD
    0x0002aa20   0x0002aa20   0x00000040   Code   RO         1597    i.nrf_drv_clock_init  nrf_drv_clock.o
    0x0002aa60   0x0002aa60   0x00000034   Code   RO         1601    i.nrf_drv_clock_lfclk_release  nrf_drv_clock.o
    0x0002aa94   0x0002aa94   0x00000068   Code   RO         1743    i.nrf_drv_uart_init  nrf_drv_uart.o
    0x0002aafc   0x0002aafc   0x00000020   Code   RO         3293    i.nrf_drv_uart_rx   app_uart_fifo.o
    0x0002ab1c   0x0002ab1c   0x00000020   Code   RO         3294    i.nrf_drv_uart_tx   app_uart_fifo.o
    0x0002ab3c   0x0002ab3c   0x0000001a   Code   RO         3956    i.nrf_fprintf       nrf_fprintf.o
    0x0002ab56   0x0002ab56   0x00000018   Code   RO         3957    i.nrf_fprintf_buffer_flush  nrf_fprintf.o
    0x0002ab6e   0x0002ab6e   0x000001da   Code   RO         3997    i.nrf_fprintf_fmt   nrf_fprintf_format.o
    0x0002ad48   0x0002ad48   0x00000032   Code   RO          449    i.nrf_gpio_cfg      boards.o
    0x0002ad7a   0x0002ad7a   0x00000032   Code   RO         2078    i.nrf_gpio_cfg      nrfx_gpiote.o
    0x0002adac   0x0002adac   0x00000032   Code   RO         2453    i.nrf_gpio_cfg      nrfx_uart.o
    0x0002adde   0x0002adde   0x00000032   Code   RO         2652    i.nrf_gpio_cfg      nrfx_uarte.o
    0x0002ae10   0x0002ae10   0x00000012   Code   RO         2455    i.nrf_gpio_cfg_input  nrfx_uart.o
    0x0002ae22   0x0002ae22   0x00000012   Code   RO         2654    i.nrf_gpio_cfg_input  nrfx_uarte.o
    0x0002ae34   0x0002ae34   0x00000014   Code   RO         2456    i.nrf_gpio_cfg_output  nrfx_uart.o
    0x0002ae48   0x0002ae48   0x00000014   Code   RO         2655    i.nrf_gpio_cfg_output  nrfx_uarte.o
    0x0002ae5c   0x0002ae5c   0x00000030   Code   RO         2080    i.nrf_gpio_cfg_sense_set  nrfx_gpiote.o
    0x0002ae8c   0x0002ae8c   0x00000030   Code   RO         2081    i.nrf_gpio_latches_read_and_clear  nrfx_gpiote.o
    0x0002aebc   0x0002aebc   0x0000001c   Code   RO          450    i.nrf_gpio_pin_port_decode  boards.o
    0x0002aed8   0x0002aed8   0x0000001c   Code   RO         2083    i.nrf_gpio_pin_port_decode  nrfx_gpiote.o
    0x0002aef4   0x0002aef4   0x0000001c   Code   RO         2457    i.nrf_gpio_pin_port_decode  nrfx_uart.o
    0x0002af10   0x0002af10   0x0000001c   Code   RO         2656    i.nrf_gpio_pin_port_decode  nrfx_uarte.o
    0x0002af2c   0x0002af2c   0x0000002c   Code   RO         2084    i.nrf_gpio_pin_present_check  nrfx_gpiote.o
    0x0002af58   0x0002af58   0x00000016   Code   RO         2085    i.nrf_gpio_pin_read  nrfx_gpiote.o
    0x0002af6e   0x0002af6e   0x00000014   Code   RO         2458    i.nrf_gpio_pin_set  nrfx_uart.o
    0x0002af82   0x0002af82   0x00000014   Code   RO         2657    i.nrf_gpio_pin_set  nrfx_uarte.o
    0x0002af96   0x0002af96   0x00000026   Code   RO          451    i.nrf_gpio_pin_write  boards.o
    0x0002afbc   0x0002afbc   0x00000014   Code   RO         2087    i.nrf_gpiote_event_clear  nrfx_gpiote.o
    0x0002afd0   0x0002afd0   0x00000010   Code   RO         2088    i.nrf_gpiote_event_is_set  nrfx_gpiote.o
    0x0002afe0   0x0002afe0   0x0000005c   Code   RO         4557    i.nrf_log_backend_add  nrf_log_frontend.o
    0x0002b03c   0x0002b03c   0x00000002   Code   RO         4411    i.nrf_log_backend_rtt_flush  nrf_log_backend_rtt.o
    0x0002b03e   0x0002b03e   0x00000004   Code   RO         4412    i.nrf_log_backend_rtt_init  nrf_log_backend_rtt.o
    0x0002b042   0x0002b042   0x00000002   Code   RO         4413    i.nrf_log_backend_rtt_panic_set  nrf_log_backend_rtt.o
    0x0002b044   0x0002b044   0x00000018   Code   RO         4414    i.nrf_log_backend_rtt_put  nrf_log_backend_rtt.o
    0x0002b05c   0x0002b05c   0x000000c8   Code   RO         4480    i.nrf_log_backend_serial_put  nrf_log_backend_serial.o
    0x0002b124   0x0002b124   0x00000030   Code   RO         4559    i.nrf_log_color_id_get  nrf_log_frontend.o
    0x0002b154   0x0002b154   0x0000001c   Code   RO         4514    i.nrf_log_default_backends_init  nrf_log_default_backends.o
    0x0002b170   0x0002b170   0x00000238   Code   RO         4560    i.nrf_log_frontend_dequeue  nrf_log_frontend.o
    0x0002b3a8   0x0002b3a8   0x00000008   Code   RO         4562    i.nrf_log_frontend_std_0  nrf_log_frontend.o
    0x0002b3b0   0x0002b3b0   0x0000000e   Code   RO         4563    i.nrf_log_frontend_std_1  nrf_log_frontend.o
    0x0002b3be   0x0002b3be   0x00000010   Code   RO         4564    i.nrf_log_frontend_std_2  nrf_log_frontend.o
    0x0002b3ce   0x0002b3ce   0x00000002   PAD
    0x0002b3d0   0x0002b3d0   0x000000b0   Code   RO         4743    i.nrf_log_hexdump_entry_process  nrf_log_str_formatter.o
    0x0002b480   0x0002b480   0x00000028   Code   RO         4569    i.nrf_log_init      nrf_log_frontend.o
    0x0002b4a8   0x0002b4a8   0x00000014   Code   RO         4570    i.nrf_log_module_cnt_get  nrf_log_frontend.o
    0x0002b4bc   0x0002b4bc   0x0000001c   Code   RO         4573    i.nrf_log_module_name_get  nrf_log_frontend.o
    0x0002b4d8   0x0002b4d8   0x00000028   Code   RO         4574    i.nrf_log_panic     nrf_log_frontend.o
    0x0002b500   0x0002b500   0x000000b6   Code   RO         4744    i.nrf_log_std_entry_process  nrf_log_str_formatter.o
    0x0002b5b6   0x0002b5b6   0x00000060   Code   RO         4036    i.nrf_memobj_alloc  nrf_memobj.o
    0x0002b616   0x0002b616   0x00000032   Code   RO         4037    i.nrf_memobj_free   nrf_memobj.o
    0x0002b648   0x0002b648   0x00000008   Code   RO         4038    i.nrf_memobj_get    nrf_memobj.o
    0x0002b650   0x0002b650   0x00000004   Code   RO         4039    i.nrf_memobj_pool_init  nrf_memobj.o
    0x0002b654   0x0002b654   0x0000001e   Code   RO         4040    i.nrf_memobj_put    nrf_memobj.o
    0x0002b672   0x0002b672   0x00000010   Code   RO         4041    i.nrf_memobj_read   nrf_memobj.o
    0x0002b682   0x0002b682   0x00000010   Code   RO         4042    i.nrf_memobj_write  nrf_memobj.o
    0x0002b692   0x0002b692   0x00000002   PAD
    0x0002b694   0x0002b694   0x00000028   Code   RO         4114    i.nrf_pwr_mgmt_init  nrf_pwr_mgmt.o
    0x0002b6bc   0x0002b6bc   0x00000044   Code   RO         4115    i.nrf_pwr_mgmt_run  nrf_pwr_mgmt.o
    0x0002b700   0x0002b700   0x00000004   Code   RO           16    i.nrf_qwr_error_handler  main.o
    0x0002b704   0x0002b704   0x0000001c   Code   RO         4191    i.nrf_ringbuf_init  nrf_ringbuf.o
    0x0002b720   0x0002b720   0x0000000c   Code   RO         3454    i.nrf_rtc_event_clear  drv_rtc.o
    0x0002b72c   0x0002b72c   0x00000014   Code   RO         5174    i.nrf_sdh_ble_app_ram_start_get  nrf_sdh_ble.o
    0x0002b740   0x0002b740   0x00000130   Code   RO         5175    i.nrf_sdh_ble_default_cfg_set  nrf_sdh_ble.o
    0x0002b870   0x0002b870   0x00000130   Code   RO         5176    i.nrf_sdh_ble_enable  nrf_sdh_ble.o
    0x0002b9a0   0x0002b9a0   0x00000060   Code   RO         5177    i.nrf_sdh_ble_evts_poll  nrf_sdh_ble.o
    0x0002ba00   0x0002ba00   0x00000074   Code   RO         5056    i.nrf_sdh_enable_request  nrf_sdh.o
    0x0002ba74   0x0002ba74   0x00000024   Code   RO         5057    i.nrf_sdh_evts_poll  nrf_sdh.o
    0x0002ba98   0x0002ba98   0x0000000c   Code   RO         5058    i.nrf_sdh_is_enabled  nrf_sdh.o
    0x0002baa4   0x0002baa4   0x0000003c   Code   RO         5228    i.nrf_sdh_soc_evts_poll  nrf_sdh_soc.o
    0x0002bae0   0x0002bae0   0x0000000a   Code   RO         4249    i.nrf_section_iter_init  nrf_section_iter.o
    0x0002baea   0x0002baea   0x00000024   Code   RO         4250    i.nrf_section_iter_item_set  nrf_section_iter.o
    0x0002bb0e   0x0002bb0e   0x00000020   Code   RO         4251    i.nrf_section_iter_next  nrf_section_iter.o
    0x0002bb2e   0x0002bb2e   0x00000022   Code   RO         4284    i.nrf_sortlist_add  nrf_sortlist.o
    0x0002bb50   0x0002bb50   0x00000006   Code   RO         4286    i.nrf_sortlist_peek  nrf_sortlist.o
    0x0002bb56   0x0002bb56   0x0000000e   Code   RO         4287    i.nrf_sortlist_pop  nrf_sortlist.o
    0x0002bb64   0x0002bb64   0x0000001e   Code   RO         4288    i.nrf_sortlist_remove  nrf_sortlist.o
    0x0002bb82   0x0002bb82   0x00000002   PAD
    0x0002bb84   0x0002bb84   0x00000038   Code   RO         4340    i.nrf_strerror_find  nrf_strerror.o
    0x0002bbbc   0x0002bbbc   0x00000014   Code   RO         4341    i.nrf_strerror_get  nrf_strerror.o
    0x0002bbd0   0x0002bbd0   0x0000000a   Code   RO         2459    i.nrf_uart_event_check  nrfx_uart.o
    0x0002bbda   0x0002bbda   0x0000000c   Code   RO         2460    i.nrf_uart_event_clear  nrfx_uart.o
    0x0002bbe6   0x0002bbe6   0x0000000c   Code   RO         2461    i.nrf_uart_int_enable_check  nrfx_uart.o
    0x0002bbf2   0x0002bbf2   0x0000000a   Code   RO         2658    i.nrf_uarte_event_check  nrfx_uarte.o
    0x0002bbfc   0x0002bbfc   0x0000000c   Code   RO         2659    i.nrf_uarte_event_clear  nrfx_uarte.o
    0x0002bc08   0x0002bc08   0x00000010   Code   RO         1604    i.nrf_wdt_started   nrf_drv_clock.o
    0x0002bc18   0x0002bc18   0x0000002c   Code   RO         1941    i.nrfx_clock_enable  nrfx_clock.o
    0x0002bc44   0x0002bc44   0x00000020   Code   RO         1944    i.nrfx_clock_init   nrfx_clock.o
    0x0002bc64   0x0002bc64   0x00000030   Code   RO         1947    i.nrfx_clock_lfclk_stop  nrfx_clock.o
    0x0002bc94   0x0002bc94   0x00000010   Code   RO         3455    i.nrfx_coredep_delay_us  drv_rtc.o
    0x0002bca4   0x0002bca4   0x00000098   Code   RO         2094    i.nrfx_gpiote_in_event_enable  nrfx_gpiote.o
    0x0002bd3c   0x0002bd3c   0x000000d0   Code   RO         2096    i.nrfx_gpiote_in_init  nrfx_gpiote.o
    0x0002be0c   0x0002be0c   0x0000000e   Code   RO         2097    i.nrfx_gpiote_in_is_set  nrfx_gpiote.o
    0x0002be1a   0x0002be1a   0x00000002   PAD
    0x0002be1c   0x0002be1c   0x00000078   Code   RO         2099    i.nrfx_gpiote_init  nrfx_gpiote.o
    0x0002be94   0x0002be94   0x00000014   Code   RO         2100    i.nrfx_gpiote_is_init  nrfx_gpiote.o
    0x0002bea8   0x0002bea8   0x00000010   Code   RO         2660    i.nrfx_is_in_ram    nrfx_uarte.o
    0x0002beb8   0x0002beb8   0x0000003a   Code   RO         2399    i.nrfx_prs_acquire  nrfx_prs.o
    0x0002bef2   0x0002bef2   0x00000002   PAD
    0x0002bef4   0x0002bef4   0x00000010   Code   RO         2462    i.nrfx_uart_0_irq_handler  nrfx_uart.o
    0x0002bf04   0x0002bf04   0x000000d4   Code   RO         2464    i.nrfx_uart_init    nrfx_uart.o
    0x0002bfd8   0x0002bfd8   0x000000ec   Code   RO         2465    i.nrfx_uart_rx      nrfx_uart.o
    0x0002c0c4   0x0002c0c4   0x000000a8   Code   RO         2470    i.nrfx_uart_tx      nrfx_uart.o
    0x0002c16c   0x0002c16c   0x00000020   Code   RO         2472    i.nrfx_uart_tx_in_progress  nrfx_uart.o
    0x0002c18c   0x0002c18c   0x00000010   Code   RO         2661    i.nrfx_uarte_0_irq_handler  nrfx_uarte.o
    0x0002c19c   0x0002c19c   0x0000006c   Code   RO         2663    i.nrfx_uarte_init   nrfx_uarte.o
    0x0002c208   0x0002c208   0x00000104   Code   RO         2664    i.nrfx_uarte_rx     nrfx_uarte.o
    0x0002c30c   0x0002c30c   0x000000ac   Code   RO         2667    i.nrfx_uarte_tx     nrfx_uarte.o
    0x0002c3b8   0x0002c3b8   0x0000001c   Code   RO         2669    i.nrfx_uarte_tx_in_progress  nrfx_uarte.o
    0x0002c3d4   0x0002c3d4   0x00000098   Code   RO           17    i.nus_data_handler  main.o
    0x0002c46c   0x0002c46c   0x00000018   Code   RO         5272    i.nvmc_config       system_nrf52.o
    0x0002c484   0x0002c484   0x00000024   Code   RO           18    i.on_adv_evt        main.o
    0x0002c4a8   0x0002c4a8   0x0000001c   Code   RO           19    i.on_conn_params_evt  main.o
    0x0002c4c4   0x0002c4c4   0x0000006a   Code   RO         1519    i.on_connect        ble_nus.o
    0x0002c52e   0x0002c52e   0x00000002   PAD
    0x0002c530   0x0002c530   0x000000a8   Code   RO         1319    i.on_connected_evt  nrf_ble_gatt.o
    0x0002c5d8   0x0002c5d8   0x000000ac   Code   RO         1320    i.on_exchange_mtu_request_evt  nrf_ble_gatt.o
    0x0002c684   0x0002c684   0x00000084   Code   RO         1520    i.on_write          ble_nus.o
    0x0002c708   0x0002c708   0x00000016   Code   RO          893    i.phy_is_valid      ble_advertising.o
    0x0002c71e   0x0002c71e   0x00000002   PAD
    0x0002c720   0x0002c720   0x0000001c   Code   RO         2118    i.pin_configured_set  nrfx_gpiote.o
    0x0002c73c   0x0002c73c   0x00000018   Code   RO         2119    i.pin_in_use_by_port  nrfx_gpiote.o
    0x0002c754   0x0002c754   0x00000018   Code   RO         2120    i.pin_in_use_by_te  nrfx_gpiote.o
    0x0002c76c   0x0002c76c   0x000000d0   Code   RO         2121    i.port_event_handle  nrfx_gpiote.o
    0x0002c83c   0x0002c83c   0x00000010   Code   RO         2122    i.port_handler_polarity_get  nrfx_gpiote.o
    0x0002c84c   0x0002c84c   0x0000003c   Code   RO         4746    i.postfix_process   nrf_log_str_formatter.o
    0x0002c888   0x0002c888   0x00000098   Code   RO         4747    i.prefix_process    nrf_log_str_formatter.o
    0x0002c920   0x0002c920   0x00000018   Code   RO         2401    i.prs_box_get       nrfx_prs.o
    0x0002c938   0x0002c938   0x0000005c   Code   RO         3157    i.rtc_irq           app_timer2.o
    0x0002c994   0x0002c994   0x0000006c   Code   RO         3158    i.rtc_schedule      app_timer2.o
    0x0002ca00   0x0002ca00   0x0000008c   Code   RO         3159    i.rtc_update        app_timer2.o
    0x0002ca8c   0x0002ca8c   0x00000032   Code   RO         2474    i.rx_byte           nrfx_uart.o
    0x0002cabe   0x0002cabe   0x00000016   Code   RO         2475    i.rx_done_event     nrfx_uart.o
    0x0002cad4   0x0002cad4   0x00000016   Code   RO         2671    i.rx_done_event     nrfx_uarte.o
    0x0002caea   0x0002caea   0x00000020   Code   RO         2476    i.rx_enable         nrfx_uart.o
    0x0002cb0a   0x0002cb0a   0x00000002   PAD
    0x0002cb0c   0x0002cb0c   0x00000058   Code   RO         1605    i.sd_state_evt_handler  nrf_drv_clock.o
    0x0002cb64   0x0002cb64   0x00000030   Code   RO         5063    i.sdh_request_observer_notify  nrf_sdh.o
    0x0002cb94   0x0002cb94   0x0000002c   Code   RO         5064    i.sdh_state_observer_notify  nrf_sdh.o
    0x0002cbc0   0x0002cbc0   0x00000010   Code   RO          987    i.send_error_evt    ble_conn_params.o
    0x0002cbd0   0x0002cbd0   0x00000050   Code   RO         4415    i.serial_tx         nrf_log_backend_rtt.o
    0x0002cc20   0x0002cc20   0x00000088   Code   RO          786    i.service_data_encode  ble_advdata.o
    0x0002cca8   0x0002cca8   0x00000078   Code   RO           20    i.services_init     main.o
    0x0002cd20   0x0002cd20   0x00000030   Code   RO         1254    i.set_security_req  ble_srv_common.o
    0x0002cd50   0x0002cd50   0x00000028   Code   RO           21    i.sleep_mode_enter  main.o
    0x0002cd78   0x0002cd78   0x00000018   Code   RO         1606    i.soc_evt_handler   nrf_drv_clock.o
    0x0002cd90   0x0002cd90   0x00000058   Code   RO         5066    i.softdevices_evt_irq_enable  nrf_sdh.o
    0x0002cde8   0x0002cde8   0x0000000c   Code   RO         3160    i.sortlist_pop      app_timer2.o
    0x0002cdf4   0x0002cdf4   0x00000030   Code   RO         2828    i.state_set         app_button.o
    0x0002ce24   0x0002ce24   0x00000098   Code   RO         4576    i.std_n             nrf_log_frontend.o
    0x0002cebc   0x0002cebc   0x00000098   Code   RO         3161    i.timer_expire      app_timer2.o
    0x0002cf54   0x0002cf54   0x00000080   Code   RO         3162    i.timer_req_process  app_timer2.o
    0x0002cfd4   0x0002cfd4   0x00000038   Code   RO         3163    i.timer_req_schedule  app_timer2.o
    0x0002d00c   0x0002d00c   0x00000018   Code   RO         2829    i.timer_start       app_button.o
    0x0002d024   0x0002d024   0x00000020   Code   RO         2477    i.tx_byte           nrfx_uart.o
    0x0002d044   0x0002d044   0x0000001a   Code   RO         2478    i.tx_done_event     nrfx_uart.o
    0x0002d05e   0x0002d05e   0x0000001a   Code   RO         2672    i.tx_done_event     nrfx_uarte.o
    0x0002d078   0x0002d078   0x00000078   Code   RO           22    i.uart_event_handle  main.o
    0x0002d0f0   0x0002d0f0   0x000000a4   Code   RO         3295    i.uart_event_handler  app_uart_fifo.o
    0x0002d194   0x0002d194   0x00000030   Code   RO         1744    i.uart_evt_handler  nrf_drv_uart.o
    0x0002d1c4   0x0002d1c4   0x0000012a   Code   RO         2479    i.uart_irq_handler  nrfx_uart.o
    0x0002d2ee   0x0002d2ee   0x00000002   PAD
    0x0002d2f0   0x0002d2f0   0x00000030   Code   RO         1745    i.uarte_evt_handler  nrf_drv_uart.o
    0x0002d320   0x0002d320   0x00000112   Code   RO         2673    i.uarte_irq_handler  nrfx_uarte.o
    0x0002d432   0x0002d432   0x0000000a   Code   RO          787    i.uint16_encode     ble_advdata.o
    0x0002d43c   0x0002d43c   0x000000b4   Code   RO         3998    i.unsigned_print    nrf_fprintf_format.o
    0x0002d4f0   0x0002d4f0   0x00000068   Code   RO          988    i.update_timeout_handler  ble_conn_params.o
    0x0002d558   0x0002d558   0x00000018   Code   RO          894    i.use_whitelist     ble_advertising.o
    0x0002d570   0x0002d570   0x00000024   Code   RO         1415    i.user_mem_reply    nrf_ble_qwr.o
    0x0002d594   0x0002d594   0x00000020   Code   RO         2830    i.usr_event         app_button.o
    0x0002d5b4   0x0002d5b4   0x00000030   Code   RO          788    i.uuid_list_encode  ble_advdata.o
    0x0002d5e4   0x0002d5e4   0x0000009e   Code   RO          789    i.uuid_list_sized_encode  ble_advdata.o
    0x0002d682   0x0002d682   0x00000002   PAD
    0x0002d684   0x0002d684   0x0000004c   Code   RO          569    i.wakeup_button_cfg  bsp.o
    0x0002d6d0   0x0002d6d0   0x00000028   Data   RO           24    .constdata          main.o
    0x0002d6f8   0x0002d6f8   0x00000008   Data   RO          452    .constdata          boards.o
    0x0002d700   0x0002d700   0x0000002c   Data   RO          571    .constdata          bsp.o
    0x0002d72c   0x0002d72c   0x00000016   Data   RO         1321    .constdata          nrf_ble_gatt.o
    0x0002d742   0x0002d742   0x00000002   PAD
    0x0002d744   0x0002d744   0x00000010   Data   RO         1521    .constdata          ble_nus.o
    0x0002d754   0x0002d754   0x00000008   Data   RO         2124    .constdata          nrfx_gpiote.o
    0x0002d75c   0x0002d75c   0x00000004   Data   RO         2482    .constdata          nrfx_uart.o
    0x0002d760   0x0002d760   0x00000004   Data   RO         2676    .constdata          nrfx_uarte.o
    0x0002d764   0x0002d764   0x00000008   Data   RO         2832    .constdata          app_button.o
    0x0002d76c   0x0002d76c   0x00000014   Data   RO         3166    .constdata          app_timer2.o
    0x0002d780   0x0002d780   0x00000020   Data   RO         3297    .constdata          app_uart_fifo.o
    0x0002d7a0   0x0002d7a0   0x00000006   Data   RO         3456    .constdata          drv_rtc.o
    0x0002d7a6   0x0002d7a6   0x00000010   Data   RO         3999    .constdata          nrf_fprintf_format.o
    0x0002d7b6   0x0002d7b6   0x00000002   PAD
    0x0002d7b8   0x0002d7b8   0x00000018   Data   RO         4119    .constdata          nrf_pwr_mgmt.o
    0x0002d7d0   0x0002d7d0   0x0000000c   Data   RO         4120    .constdata          nrf_pwr_mgmt.o
    0x0002d7dc   0x0002d7dc   0x0000013c   Data   RO         4342    .constdata          nrf_strerror.o
    0x0002d918   0x0002d918   0x0000000c   Data   RO         4417    .constdata          nrf_log_backend_rtt.o
    0x0002d924   0x0002d924   0x0000000c   PAD
    0x0002d930   0x0002d930   0x00000006   Data   RO         4418    .constdata          nrf_log_backend_rtt.o
    0x0002d936   0x0002d936   0x00000002   PAD
    0x0002d938   0x0002d938   0x0000000c   Data   RO         4581    .constdata          nrf_log_frontend.o
    0x0002d944   0x0002d944   0x00000010   Data   RO         5067    .constdata          nrf_sdh.o
    0x0002d954   0x0002d954   0x00000028   Data   RO         5068    .constdata          nrf_sdh.o
    0x0002d97c   0x0002d97c   0x00000010   Data   RO         5069    .constdata          nrf_sdh.o
    0x0002d98c   0x0002d98c   0x00000010   Data   RO         5070    .constdata          nrf_sdh.o
    0x0002d99c   0x0002d99c   0x00000020   Data   RO         5178    .constdata          nrf_sdh_ble.o
    0x0002d9bc   0x0002d9bc   0x00000010   Data   RO         5179    .constdata          nrf_sdh_ble.o
    0x0002d9cc   0x0002d9cc   0x00000010   Data   RO         5229    .constdata          nrf_sdh_soc.o
    0x0002d9dc   0x0002d9dc   0x0000000c   Data   RO         5230    .constdata          nrf_sdh_soc.o
    0x0002d9e8   0x0002d9e8   0x00000081   Data   RO         5343    .constdata          mc_w.l(ctype_o.o)
    0x0002da69   0x0002da69   0x00000003   PAD
    0x0002da6c   0x0002da6c   0x00000004   Data   RO         5344    .constdata          mc_w.l(ctype_o.o)
    0x0002da70   0x0002da70   0x000000a2   Data   RO         1322    .conststring        nrf_ble_gatt.o
    0x0002db12   0x0002db12   0x00000002   PAD
    0x0002db14   0x0002db14   0x000003eb   Data   RO         4343    .conststring        nrf_strerror.o
    0x0002deff   0x0002deff   0x00000001   PAD
    0x0002df00   0x0002df00   0x00000066   Data   RO         4748    .conststring        nrf_log_str_formatter.o
    0x0002df66   0x0002df66   0x00000002   PAD
    0x0002df68   0x0002df68   0x000001cf   Data   RO         5180    .conststring        nrf_sdh_ble.o
    0x0002e137   0x0002e137   0x00000001   PAD
    0x0002e138   0x0002e138   0x0000000d   Data   RO         1323    .conststrlit        nrf_ble_gatt.o
    0x0002e145   0x0002e145   0x00000003   PAD
    0x0002e148   0x0002e148   0x00000008   Data   RO         1459    .conststrlit        ble_bas.o
    0x0002e150   0x0002e150   0x00000008   Data   RO         1522    .conststrlit        ble_nus.o
    0x0002e158   0x0002e158   0x00000006   Data   RO         1612    .conststrlit        nrf_drv_clock.o
    0x0002e15e   0x0002e15e   0x00000002   PAD
    0x0002e160   0x0002e160   0x00000006   Data   RO         1951    .conststrlit        nrfx_clock.o
    0x0002e166   0x0002e166   0x00000002   PAD
    0x0002e168   0x0002e168   0x00000007   Data   RO         2128    .conststrlit        nrfx_gpiote.o
    0x0002e16f   0x0002e16f   0x00000001   PAD
    0x0002e170   0x0002e170   0x00000004   Data   RO         2403    .conststrlit        nrfx_prs.o
    0x0002e174   0x0002e174   0x00000005   Data   RO         2485    .conststrlit        nrfx_uart.o
    0x0002e179   0x0002e179   0x00000003   PAD
    0x0002e17c   0x0002e17c   0x00000006   Data   RO         2679    .conststrlit        nrfx_uarte.o
    0x0002e182   0x0002e182   0x00000002   PAD
    0x0002e184   0x0002e184   0x0000000b   Data   RO         2833    .conststrlit        app_button.o
    0x0002e18f   0x0002e18f   0x00000001   PAD
    0x0002e190   0x0002e190   0x0000000a   Data   RO         3167    .conststrlit        app_timer2.o
    0x0002e19a   0x0002e19a   0x00000002   PAD
    0x0002e19c   0x0002e19c   0x00000009   Data   RO         4121    .conststrlit        nrf_pwr_mgmt.o
    0x0002e1a5   0x0002e1a5   0x00000003   PAD
    0x0002e1a8   0x0002e1a8   0x00000009   Data   RO         4289    .conststrlit        nrf_sortlist.o
    0x0002e1b1   0x0002e1b1   0x00000003   PAD
    0x0002e1b4   0x0002e1b4   0x00000010   Data   RO         4515    .conststrlit        nrf_log_default_backends.o
    0x0002e1c4   0x0002e1c4   0x00000004   Data   RO         4582    .conststrlit        nrf_log_frontend.o
    0x0002e1c8   0x0002e1c8   0x00000008   Data   RO         5071    .conststrlit        nrf_sdh.o
    0x0002e1d0   0x0002e1d0   0x0000000c   Data   RO         5181    .conststrlit        nrf_sdh_ble.o
    0x0002e1dc   0x0002e1dc   0x0000000c   Data   RO         5231    .conststrlit        nrf_sdh_soc.o
    0x0002e1e8   0x0002e1e8   0x00000020   Data   RO         5677    Region$$Table       anon$$obj.o
    0x0002e208   0x0002e208   0x00000010   Data   RO         4517    log_backends        nrf_log_default_backends.o
    0x0002e218   0x0002e218   0x00000008   Data   RO         1324    log_const_data      nrf_ble_gatt.o
    0x0002e220   0x0002e220   0x00000008   Data   RO         1460    log_const_data      ble_bas.o
    0x0002e228   0x0002e228   0x00000008   Data   RO         1523    log_const_data      ble_nus.o
    0x0002e230   0x0002e230   0x00000008   Data   RO         1613    log_const_data      nrf_drv_clock.o
    0x0002e238   0x0002e238   0x00000008   Data   RO         1953    log_const_data      nrfx_clock.o
    0x0002e240   0x0002e240   0x00000008   Data   RO         2129    log_const_data      nrfx_gpiote.o
    0x0002e248   0x0002e248   0x00000008   Data   RO         2405    log_const_data      nrfx_prs.o
    0x0002e250   0x0002e250   0x00000008   Data   RO         2486    log_const_data      nrfx_uart.o
    0x0002e258   0x0002e258   0x00000008   Data   RO         2680    log_const_data      nrfx_uarte.o
    0x0002e260   0x0002e260   0x00000008   Data   RO         2836    log_const_data      app_button.o
    0x0002e268   0x0002e268   0x00000008   Data   RO         3170    log_const_data      app_timer2.o
    0x0002e270   0x0002e270   0x00000008   Data   RO         4123    log_const_data      nrf_pwr_mgmt.o
    0x0002e278   0x0002e278   0x00000008   Data   RO         4290    log_const_data      nrf_sortlist.o
    0x0002e280   0x0002e280   0x00000008   Data   RO         4586    log_const_data      nrf_log_frontend.o
    0x0002e288   0x0002e288   0x00000008   Data   RO         5073    log_const_data      nrf_sdh.o
    0x0002e290   0x0002e290   0x00000008   Data   RO         5183    log_const_data      nrf_sdh_ble.o
    0x0002e298   0x0002e298   0x00000008   Data   RO         5232    log_const_data      nrf_sdh_soc.o
    0x0002e2a0   0x0002e2a0   0x00000014   Data   RO         4587    nrf_balloc          nrf_log_frontend.o
    0x0002e2b4   0x0002e2b4   0x00000008   Data   RO         1077    sdh_ble_observers0  ble_conn_state.o
    0x0002e2bc   0x0002e2bc   0x00000010   Data   RO           28    sdh_ble_observers1  main.o
    0x0002e2cc   0x0002e2cc   0x00000008   Data   RO          677    sdh_ble_observers1  bsp_btn_ble.o
    0x0002e2d4   0x0002e2d4   0x00000008   Data   RO          991    sdh_ble_observers1  ble_conn_params.o
    0x0002e2dc   0x0002e2dc   0x00000018   Data   RO           29    sdh_ble_observers2  main.o
    0x0002e2f4   0x0002e2f4   0x00000008   Data   RO           30    sdh_ble_observers3  main.o
    0x0002e2fc   0x0002e2fc   0x00000008   Data   RO         1614    sdh_soc_observers0  nrf_drv_clock.o
    0x0002e304   0x0002e304   0x00000008   Data   RO         5184    sdh_stack_observers0  nrf_sdh_ble.o
    0x0002e30c   0x0002e30c   0x00000008   Data   RO         5233    sdh_stack_observers0  nrf_sdh_soc.o
    0x0002e314   0x0002e314   0x00000008   Data   RO         1615    sdh_state_observers0  nrf_drv_clock.o


    Execution Region RW_IRAM1 (Exec base: 0x20002ae8, Load base: 0x0002e31c, Size: 0x000033e0, Max: 0x0003d518, ABSOLUTE, COMPRESSED[0x00000068])

    Exec Addr    Load Addr    Size         Type   Attr      Idx    E Section Name        Object

    0x20002ae8   COMPRESSED   0x00000008   Data   RW           25    .data               main.o
    0x20002af0   COMPRESSED   0x0000002c   Data   RW           26    .data               main.o
    0x20002b1c   COMPRESSED   0x00000004   Data   RW           27    .data               main.o
    0x20002b20   COMPRESSED   0x00000010   Data   RW          572    .data               bsp.o
    0x20002b30   COMPRESSED   0x00000020   Data   RW          573    .data               bsp.o
    0x20002b50   COMPRESSED   0x00000020   Data   RW          574    .data               bsp.o
    0x20002b70   COMPRESSED   0x00000020   Data   RW          575    .data               bsp.o
    0x20002b90   COMPRESSED   0x00000008   Data   RW          676    .data               bsp_btn_ble.o
    0x20002b98   COMPRESSED   0x00000008   Data   RW          990    .data               ble_conn_params.o
    0x20002ba0   COMPRESSED   0x00000014   Data   RW         1746    .data               nrf_drv_uart.o
    0x20002bb4   COMPRESSED   0x00000008   Data   RW         1952    .data               nrfx_clock.o
    0x20002bbc   COMPRESSED   0x00000008   Data   RW         2404    .data               nrfx_prs.o
    0x20002bc4   COMPRESSED   0x00000004   PAD
    0x20002bc8   COMPRESSED   0x00000018   Data   RW         2834    .data               app_button.o
    0x20002be0   COMPRESSED   0x00000020   Data   RW         2835    .data               app_button.o
    0x20002c00   COMPRESSED   0x00000020   Data   RW         3168    .data               app_timer2.o
    0x20002c20   COMPRESSED   0x00000004   Data   RW         3169    .data               app_timer2.o
    0x20002c24   COMPRESSED   0x0000001c   Data   RW         3298    .data               app_uart_fifo.o
    0x20002c40   COMPRESSED   0x0000000c   Data   RW         3457    .data               drv_rtc.o
    0x20002c4c   COMPRESSED   0x00000008   Data   RW         4122    .data               nrf_pwr_mgmt.o
    0x20002c54   COMPRESSED   0x00000004   Data   RW         4375    .data               retarget.o
    0x20002c58   COMPRESSED   0x00000001   Data   RW         4419    .data               nrf_log_backend_rtt.o
    0x20002c59   COMPRESSED   0x00000003   PAD
    0x20002c5c   COMPRESSED   0x00000008   Data   RW         4516    .data               nrf_log_default_backends.o
    0x20002c64   COMPRESSED   0x00000004   Data   RW         4583    .data               nrf_log_frontend.o
    0x20002c68   COMPRESSED   0x00000008   Data   RW         4584    .data               nrf_log_frontend.o
    0x20002c70   COMPRESSED   0x00000008   Data   RW         4585    .data               nrf_log_frontend.o
    0x20002c78   COMPRESSED   0x00000040   Data   RW         4749    .data               nrf_log_str_formatter.o
    0x20002cb8   COMPRESSED   0x00000003   Data   RW         5072    .data               nrf_sdh.o
    0x20002cbb   COMPRESSED   0x00000001   Data   RW         5182    .data               nrf_sdh_ble.o
    0x20002cbc   COMPRESSED   0x00000004   Data   RW         5274    .data               system_nrf52.o
    0x20002cc0        -       0x0000075c   Zero   RW           23    .bss                main.o
    0x2000341c        -       0x0000000c   Zero   RW          570    .bss                bsp.o
    0x20003428        -       0x00000050   Zero   RW          989    .bss                ble_conn_params.o
    0x20003478        -       0x0000007c   Zero   RW         1076    .bss                ble_conn_state.o
    0x200034f4        -       0x00000014   Zero   RW         1607    .bss                nrf_drv_clock.o
    0x20003508        -       0x0000006c   Zero   RW         2123    .bss                nrfx_gpiote.o
    0x20003574        -       0x0000002c   Zero   RW         2480    .bss                nrfx_uart.o
    0x200035a0        -       0x00000024   Zero   RW         2674    .bss                nrfx_uarte.o
    0x200035c4        -       0x00000020   Zero   RW         2831    .bss                app_button.o
    0x200035e4        -       0x00000010   Zero   RW         3164    .bss                app_timer2.o
    0x200035f4        -       0x00000058   Zero   RW         3165    .bss                app_timer2.o
    0x2000364c        -       0x00000020   Zero   RW         3296    .bss                app_uart_fifo.o
    0x2000366c        -       0x0000000c   Zero   RW         3371    .bss                app_util_platform.o
    0x20003678        -       0x0000000c   Zero   RW         4118    .bss                nrf_pwr_mgmt.o
    0x20003684        -       0x00000040   Zero   RW         4416    .bss                nrf_log_backend_rtt.o
    0x200036c4        -       0x000000c0   Zero   RW         4577    .bss                nrf_log_frontend.o
    0x20003784        -       0x00000080   Zero   RW         4578    .bss                nrf_log_frontend.o
    0x20003804        -       0x00000018   Zero   RW         4579    .bss                nrf_log_frontend.o
    0x2000381c        -       0x00000420   Zero   RW         4580    .bss                nrf_log_frontend.o
    0x20003c3c        -       0x00000288   Zero   RW         4825    .bss                segger_rtt.o
    0x20003ec4   COMPRESSED   0x00000004   PAD
    0x20003ec8        -       0x00002000   Zero   RW         5260    STACK               arm_startup_nrf52840.o


==============================================================================

Image component sizes


      Code (inc. data)   RO Data    RW Data    ZI Data      Debug   Object Name

       664         66         27         56         32      17962   app_button.o
        22          0          0          0          0       2513   app_error.o
       132         46          0          0          0      34049   app_error_weak.o
       118          0          0          0          0       5090   app_fifo.o
      1052         90         38         36        104      17341   app_timer2.o
       528         60         32         28         32      16230   app_uart_fifo.o
       124         14          0          0         12      10618   app_util_platform.o
        36          8        512          0       8192        948   arm_startup_nrf52840.o
      1338          0          0          0          0      53556   ble_advdata.o
      1064          6          0          0          0      11171   ble_advertising.o
       300          0         16          0          0       4540   ble_bas.o
       636         44          8          8         80       9395   ble_conn_params.o
       390         10          8          0        124       7791   ble_conn_state.o
        72          0          0          0          0       1676   ble_link_ctx_manager.o
       670          6         32          0          0       7044   ble_nus.o
       638          6          0          0          0       5204   ble_srv_common.o
       440         46          8          0          0      15175   boards.o
      1016         90         44        112         12      16155   bsp.o
       252         10          8          8          0       4876   bsp_btn_ble.o
       704         76          6         12          0      48765   drv_rtc.o
      1926        384         88         56       1884     203109   main.o
       326          0          0          0          0       6023   nrf_atfifo.o
        64          0          0          0          0       3056   nrf_atflags.o
       306          0          0          0          0       8151   nrf_atomic.o
       164          0          0          0          0       3680   nrf_balloc.o
       950        272        205          0          0      38245   nrf_ble_gatt.o
       276          0          0          0          0       4753   nrf_ble_qwr.o
       312         36         30          0         20      43864   nrf_drv_clock.o
       200         26          0         20          0      17948   nrf_drv_uart.o
        50          0          0          0          0       3565   nrf_fprintf.o
       850          4         16          0          0       6586   nrf_fprintf_format.o
       112         18         18          1         64       6233   nrf_log_backend_rtt.o
       200          0          0          0          0      10941   nrf_log_backend_serial.o
        28          4         32          8          0       3369   nrf_log_default_backends.o
      1484        128         44         20       1400      30693   nrf_log_frontend.o
       570        108        102         64          0       5728   nrf_log_str_formatter.o
       346          0          0          0          0       9675   nrf_memobj.o
       108         16         53          8         12      40854   nrf_pwr_mgmt.o
        28          0          0          0          0       2395   nrf_ringbuf.o
       384         46        104          3          0      42811   nrf_sdh.o
       724        232        539          1          0       6001   nrf_sdh_ble.o
        60          4         56          0          0       2504   nrf_sdh_soc.o
        78          0          0          0          0       2832   nrf_section_iter.o
        84          0         17          0          0       4185   nrf_sortlist.o
        76         10       1319          0          0       2791   nrf_strerror.o
       242         32         14          8          0      47136   nrfx_clock.o
      1386        108         23          0        108      67041   nrfx_gpiote.o
        94         16         12          8          0       3821   nrfx_prs.o
      1412         44         17          0         44      31857   nrfx_uart.o
      1334         42         18          0         36      26403   nrfx_uarte.o
        14          0          0          4          0       2906   retarget.o
       378         34          0          0        648       9097   segger_rtt.o
       488         60          0          4          0      31751   system_nrf52.o

    ----------------------------------------------------------------------
     25310       2202       3524        472      12808    1020103   Object Totals
         0          0         32          0          0          0   (incl. Generated)
        60          0         46          7          4          0   (incl. Padding)

    ----------------------------------------------------------------------

      Code (inc. data)   RO Data    RW Data    ZI Data      Debug   Library Member Name

        86          0          0          0          0          0   __dczerorl2.o
         8          4        133          0          0         68   ctype_o.o
         0          0          0          0          0          0   entry.o
         0          0          0          0          0          0   entry10a.o
         0          0          0          0          0          0   entry11a.o
         8          4          0          0          0          0   entry2.o
         4          0          0          0          0          0   entry5.o
         0          0          0          0          0          0   entry7b.o
         0          0          0          0          0          0   entry8b.o
         8          4          0          0          0          0   entry9a.o
        30          0          0          0          0          0   handlers.o
        36          8          0          0          0         68   init.o
        30          0          0          0          0         68   llshl.o
        32          0          0          0          0         68   llushr.o
        36          0          0          0          0         68   memcpya.o
        36          0          0          0          0        108   memseta.o
        50          8          0          0          0        152   printfb.o
        18          0          0          0          0         68   strcpy.o
        14          0          0          0          0         68   strlen.o
        98          0          0          0          0         92   uldiv.o

    ----------------------------------------------------------------------
       498         28        136          0          0        828   Library Totals
         4          0          3          0          0          0   (incl. Padding)

    ----------------------------------------------------------------------

      Code (inc. data)   RO Data    RW Data    ZI Data      Debug   Library Name

       494         28        133          0          0        828   mc_w.l

    ----------------------------------------------------------------------
       498         28        136          0          0        828   Library Totals

    ----------------------------------------------------------------------

==============================================================================


      Code (inc. data)   RO Data    RW Data    ZI Data      Debug   

     25808       2230       3660        472      12808     987903   Grand Totals
     25808       2230       3660        104      12808     987903   ELF Image Totals (compressed)
     25808       2230       3660        104          0          0   ROM Totals

==============================================================================

    Total RO  Size (Code + RO Data)                29468 (  28.78kB)
    Total RW  Size (RW Data + ZI Data)             13280 (  12.97kB)
    Total ROM Size (Code + RO Data + RW Data)      29572 (  28.88kB)

==============================================================================

