<html>
<body>
<pre>
<h1>µVision Build Log</h1>
<h2>Tool Versions:</h2>
IDE-Version: ¦ÌVision V5.27.1.0
Copyright (C) 2019 ARM Ltd and ARM Germany GmbH. All rights reserved.
License Information: 1 1, 1, LIC=585FJ-UXZSC-63JMB-294E3-AWNZU-B2241
 
Tool Versions:
Toolchain:       MDK-ARM Plus  Version: 5.27.1.0
Toolchain Path:  D:\keil\ARM\ARMCC\Bin
C Compiler:      Armcc.exe V5.06 update 6 (build 750)
Assembler:       Armasm.exe V5.06 update 6 (build 750)
Linker/Locator:  ArmLink.exe V5.06 update 6 (build 750)
Library Manager: ArmAr.exe V5.06 update 6 (build 750)
Hex Converter:   FromElf.exe V5.06 update 6 (build 750)
CPU DLL:         
Dialog DLL:      
Target DLL:      Segger\JL2CM3.dll V2.99.35.0
Dialog DLL:      TCM.DLL V1.36.1.0
 
<h2>Project:</h2>
C:\Users\Administrator\Desktop\Nordic\nRF5_SDK_17.1.0_ddde560\examples\ble_peripheral\ble_app_hrs\pca10056\s140\arm5_no_packs\ble_app_hrs_pca10056_s140.uvprojx
Project File Date:  04/30/2025

<h2>Output:</h2>
*** Using Compiler 'V5.06 update 6 (build 750)', folder: 'D:\keil\ARM\ARMCC\Bin'
Build target 'nrf52840_xxaa'
compiling main.c...
..\..\..\main.c(472): warning:  #177-D: variable "err_code"  was declared but never referenced
  		uint32_t err_code;
..\..\..\main.c: 1 warning, 0 errors
linking...
Program Size: Code=80592 RO-data=20488 RW-data=1036 ZI-data=24492  
FromELF: creating hex file...
".\_build\nrf52840_xxaa.axf" - 0 Error(s), 1 Warning(s).

<h2>Software Packages used:</h2>

Package Vendor: ARM
                http://www.keil.com/pack/ARM.CMSIS.5.6.0.pack
                ARM.CMSIS.5.6.0
                CMSIS (Cortex Microcontroller Software Interface Standard)
   * Component: CORE Version: 5.3.0

Package Vendor: NordicSemiconductor
                http://developer.nordicsemi.com/nRF5_SDK/pieces/nRF_DeviceFamilyPack/NordicSemiconductor.nRF_DeviceFamilyPack.8.40.3.pack
                NordicSemiconductor.nRF_DeviceFamilyPack.8.40.3
                Nordic Semiconductor nRF ARM devices Device Family Pack with BSD license.
   * Component: Startup Version: 8.40.3

<h2>Collection of Component include folders:</h2>
  .\RTE\_nrf52840_xxaa
  D:\keil\packs\ARM\CMSIS\5.6.0\CMSIS\Core\Include
  D:\keil\packs\NordicSemiconductor\nRF_DeviceFamilyPack\8.40.3\Device\Include

<h2>Collection of Component Files used:</h2>

   * Component: ARM::CMSIS:CORE:5.3.0

   * Component: NordicSemiconductor::Device:Startup:8.40.3
      Source file:   Device\Source\system_nrf52.c
      Include file:  Device\Include\system_nrf52840.h
      Include file:  Device\Include\system_nrf.h
      Source file:   Device\Source\arm\arm_startup_nrf52840.s
Build Time Elapsed:  00:00:01
</pre>
</body>
</html>
